{
  "role": "post-inference known-flight forward-model check",
  "assumptions": [
    "zero vertical speed",
    "ground velocity from interpolated ACARS"
  ],
  "truth_inference_use": false,
  "python_version": "3.14.7 (main, Aug 10 2026, 07:46:56) [GCC 16.1.1 20260728]",
  "numpy_version": "2.5.2",
  "audit_source_sha256": "d56864afd5b48abb75d0a608c89ba1b4ab82aa22dc718864e3e62d87ed0c6fe4",
  "bfo_residual_sd_hz": 7.0,
  "input_sha256": {
    "inputs/controls/mh371-broad-satcom.csv": "0f1b0ff72b4385a53fae0e2cd86831ec65c60f37ad73ac07862cbbb96dfe6177",
    "inputs/controls/mh371-broad-satellite.csv": "43f0e2445b9e979a8cdc5ac375294dd41050505b4d57c074bf923a9f359871fa",
    "inputs/controls/mh371-truth.csv": "65de30cc4e20fc77a1d6048449d5654046fd78f83f325d14d2d26c6ccd9751c9",
    ".sources/davey-2016-bayesian-search/code/clean_model.py": "1f9d6186c6f6ad7eae28a02daf9ea30fc4e6cf3f0dd134f2f8db91545349e96f"
  },
  "bias_mean_hz": 169.55321464872404,
  "bias_range_hz": [
    167.21430235655376,
    171.59251016860657
  ],
  "bfo_residual_chi_square_after_one_fitted_bias": 0.23704634487209914,
  "degrees_of_freedom": 5,
  "epochs": [
    {
      "epoch_id": "mh371_0200",
      "bto_residual_us": 0.7725059844087809,
      "bto_standardized_residual": 0.026638137393406237,
      "required_constant_bfo_bias_hz": 167.21430235655376
    },
    {
      "epoch_id": "mh371_0300",
      "bto_residual_us": -34.10592469247058,
      "bto_standardized_residual": -1.176066368705882,
      "required_constant_bfo_bias_hz": 171.59251016860657
    },
    {
      "epoch_id": "mh371_0400",
      "bto_residual_us": -9.059904355672188,
      "bto_standardized_residual": -0.3124104950231789,
      "required_constant_bfo_bias_hz": 169.58001155345525
    },
    {
      "epoch_id": "mh371_0500",
      "bto_residual_us": -7.461727588495705,
      "bto_standardized_residual": -0.25730095132743813,
      "required_constant_bfo_bias_hz": 169.698602399557
    },
    {
      "epoch_id": "mh371_0600",
      "bto_residual_us": -32.604796610889025,
      "bto_standardized_residual": -1.1243033314099664,
      "required_constant_bfo_bias_hz": 170.60588440329022
    },
    {
      "epoch_id": "mh371_0648",
      "bto_residual_us": 29.91167038300773,
      "bto_standardized_residual": 1.0314369097588874,
      "required_constant_bfo_bias_hz": 168.6279770108813
    }
  ],
  "interpretation": "Checks observation compatibility; does not validate dynamics, priors, or inference coverage."
}
