{
  "status": "Analytic nuisance-bias sensitivity on saved final-BFO predictions",
  "conditions": {
    "paper_url": "https://arxiv.org/pdf/1702.02432v3",
    "paper_sha256": "c76dd9f1b6c341e99d95c68002202aad7ba6797eb1f1b343f00468235cd22821",
    "version": "arXiv:1702.02432v3, 15 January 2018",
    "observed_final_bfo_hz": [
      182.0,
      -2.0
    ],
    "observed_bfo_locator": "PDF page 9, Tables III and V",
    "prediction_minus_observation_error_hz": [
      -28.0,
      18.0
    ],
    "error_locator": "PDF page 2, section III-A: extrema of 2,501 retained BFO errors from 20 preceding flights, used as assumed strict bounds in this paper",
    "warmup_offset_hz": [
      [
        17.0,
        136.0
      ],
      [
        17.0,
        130.0
      ]
    ],
    "warmup_drop_hz": [
      0.0,
      6.0
    ],
    "warmup_locator": "PDF page 7, section V-A final paragraphs and V-B; seven preceding log-ons, with closed-loop compensation adjustment for six ground log-ons",
    "no_warmup_alternative_hz": [
      0.0,
      0.0
    ],
    "no_warmup_locator": "PDF page 8, section VI-B; Tables V and VI",
    "limitations": [
      "Historical error extrema are not a calibrated probability distribution or a guaranteed physical bound on a new observation.",
      "The previous sustained outages do not calibrate a one-minute power interruption; the paper explicitly notes this limitation.",
      "The two warmup offsets share one event and are constrained by their drop; independent extreme combinations are not allowed.",
      "Conditional calculations assume no additional unknown factor corrupts the two observations.",
      "The comparison uses the stored R600 checkpoint at 00:19:29.416 and the nominal rounded R1200 checkpoint at 00:19:37.000. It does not infer a precise acceleration from those times."
    ]
  },
  "comparison_counts": [
    {
      "family": "openap_v2_6_0_attached_flow",
      "error_convention": "printed_table",
      "startup_condition": "shared_warmup",
      "pairs": 21758,
      "any_shared_bias_possible": 51,
      "within_three_conditional_bias_sd": 0,
      "selected_pairs": 2,
      "selected_any_bias_possible": 0,
      "selected_within_three_conditional_bias_sd": 0,
      "minimum_required_bias_sd": 24.860488846138857
    },
    {
      "family": "openap_v2_6_0_attached_flow",
      "error_convention": "printed_table",
      "startup_condition": "no_warmup",
      "pairs": 21758,
      "any_shared_bias_possible": 37,
      "within_three_conditional_bias_sd": 0,
      "selected_pairs": 2,
      "selected_any_bias_possible": 0,
      "selected_within_three_conditional_bias_sd": 0,
      "minimum_required_bias_sd": 28.550596433435768
    },
    {
      "family": "openap_v2_6_0_attached_flow",
      "error_convention": "literal_prose",
      "startup_condition": "shared_warmup",
      "pairs": 21758,
      "any_shared_bias_possible": 51,
      "within_three_conditional_bias_sd": 0,
      "selected_pairs": 2,
      "selected_any_bias_possible": 0,
      "selected_within_three_conditional_bias_sd": 0,
      "minimum_required_bias_sd": 29.164829322771194
    },
    {
      "family": "openap_v2_6_0_attached_flow",
      "error_convention": "literal_prose",
      "startup_condition": "no_warmup",
      "pairs": 21758,
      "any_shared_bias_possible": 37,
      "within_three_conditional_bias_sd": 0,
      "selected_pairs": 2,
      "selected_any_bias_possible": 0,
      "selected_within_three_conditional_bias_sd": 0,
      "minimum_required_bias_sd": 32.854936910068105
    },
    {
      "family": "openap_published2020_attached_flow",
      "error_convention": "printed_table",
      "startup_condition": "shared_warmup",
      "pairs": 22840,
      "any_shared_bias_possible": 53,
      "within_three_conditional_bias_sd": 0,
      "selected_pairs": 11,
      "selected_any_bias_possible": 0,
      "selected_within_three_conditional_bias_sd": 0,
      "minimum_required_bias_sd": 22.62932283727968
    },
    {
      "family": "openap_published2020_attached_flow",
      "error_convention": "printed_table",
      "startup_condition": "no_warmup",
      "pairs": 22840,
      "any_shared_bias_possible": 49,
      "within_three_conditional_bias_sd": 0,
      "selected_pairs": 11,
      "selected_any_bias_possible": 0,
      "selected_within_three_conditional_bias_sd": 0,
      "minimum_required_bias_sd": 15.311944027004705
    },
    {
      "family": "openap_published2020_attached_flow",
      "error_convention": "literal_prose",
      "startup_condition": "shared_warmup",
      "pairs": 22840,
      "any_shared_bias_possible": 53,
      "within_three_conditional_bias_sd": 0,
      "selected_pairs": 11,
      "selected_any_bias_possible": 0,
      "selected_within_three_conditional_bias_sd": 0,
      "minimum_required_bias_sd": 26.933663313912017
    },
    {
      "family": "openap_published2020_attached_flow",
      "error_convention": "literal_prose",
      "startup_condition": "no_warmup",
      "pairs": 22840,
      "any_shared_bias_possible": 49,
      "within_three_conditional_bias_sd": 0,
      "selected_pairs": 11,
      "selected_any_bias_possible": 0,
      "selected_within_three_conditional_bias_sd": 0,
      "minimum_required_bias_sd": 19.616284503637043
    }
  ],
  "conditional_bias_sd_hz_span": [
    2.323236290039926,
    2.323236290039926
  ],
  "limitation": "Three conditional bias SD is a descriptive sensitivity, not a hard Gaussian exclusion. The conditional bias SD assumes the declared earlier observation model. Historical error bounds and startup envelopes are still not calibrated densities.",
  "elapsed_s": 10.886221237000427,
  "input_sha256": {
    "/jackbox/home/MH370/.sources/holland-2018-bfo-descent/code/recreate.py": "ee04fbefe15534d37d28b3a6cde6bbac21a370272797c77ddf5cb6b0f9a0268b",
    "/jackbox/home/MH370/.sources/holland-2018-bfo-descent/data/observations-and-conditions.json": "c1818449fdead3f9683302e99494754ae4f0f6029deff1af6142340502c2d895",
    "/jackbox/home/MH370/configs/mh370-broad-powered-flight-diagnostic.toml": "1d404bceb70d70825a770e3c80aa3638a4bd103e287b0898022ce2cfd4766a2e",
    "/jackbox/home/MH370/inputs/accident/satcom-observations.csv": "bd344ba05826f9176f394ac42e04b5f2ba4c5705c8a980b7655579024dc0d4e0",
    "/jackbox/home/.iso/thread-storage/thr_rzreetwcyu/overnight-analysis/final-bfo-comparison/terminal-bfo-comparisons.jsonl": "fadbdbc3957bdf721ff2f5d9fbe66eca027e359a4665f39e013f6620ed50921c",
    "/jackbox/home/.iso/thread-storage/thr_rzreetwcyu/overnight-analysis/final-bfo-comparison/summary.json": "e07e5201b958a0132e7cfb8d974dca9c08b4f59db05de614f52183f687af0b47",
    "/jackbox/home/.iso/thread-storage/thr_rzreetwcyu/overnight-analysis/terminal-final-contact/terminal-examples.jsonl": "971b27c323ffbe8ed97e9b7b32534a1058d3a7304a70388fa8642f0bd99981a2",
    "/jackbox/home/.iso/thread-storage/thr_rzreetwcyu/overnight-analysis/kadri-preferred-event/selected-impact-examples.json": "ba8390b9b569a2ca2826bfae345cf4c69c86439b6583f9826b98d2e716c69a78"
  }
}
