{
  "purpose": "Source arithmetic recreation and explicit final-BFO compatibility of saved aircraft states",
  "status": "conditional diagnostic, no geographic posterior or calibrated likelihood",
  "printed_table_III_recreated_hz": [
    [
      28.0,
      193.0
    ],
    [
      -150.0,
      9.0
    ]
  ],
  "literal_prose_error_sign_intervals_hz": [
    [
      18.0,
      183.0
    ],
    [
      -160.0,
      -1.0
    ]
  ],
  "error_sign_note": "Section III-A defines prediction-minus-observation errors [-28,+18] Hz; Tables III/V instead extend the adjusted observation by [-18,+28]. Both are retained as separate conventions.",
  "vertical_doppler_hz_per_100_fpm_directly_under_satellite": 2.790261888442837,
  "conditions": {
    "paper_url": "https://arxiv.org/pdf/1702.02432v3",
    "paper_sha256": "c76dd9f1b6c341e99d95c68002202aad7ba6797eb1f1b343f00468235cd22821",
    "version": "arXiv:1702.02432v3, 15 January 2018",
    "observed_final_bfo_hz": [
      182.0,
      -2.0
    ],
    "observed_bfo_locator": "PDF page 9, Tables III and V",
    "prediction_minus_observation_error_hz": [
      -28.0,
      18.0
    ],
    "error_locator": "PDF page 2, section III-A: extrema of 2,501 retained BFO errors from 20 preceding flights, used as assumed strict bounds in this paper",
    "warmup_offset_hz": [
      [
        17.0,
        136.0
      ],
      [
        17.0,
        130.0
      ]
    ],
    "warmup_drop_hz": [
      0.0,
      6.0
    ],
    "warmup_locator": "PDF page 7, section V-A final paragraphs and V-B; seven preceding log-ons, with closed-loop compensation adjustment for six ground log-ons",
    "no_warmup_alternative_hz": [
      0.0,
      0.0
    ],
    "no_warmup_locator": "PDF page 8, section VI-B; Tables V and VI",
    "limitations": [
      "Historical error extrema are not a calibrated probability distribution or a guaranteed physical bound on a new observation.",
      "The previous sustained outages do not calibrate a one-minute power interruption; the paper explicitly notes this limitation.",
      "The two warmup offsets share one event and are constrained by their drop; independent extreme combinations are not allowed.",
      "Conditional calculations assume no additional unknown factor corrupts the two observations.",
      "The comparison uses the stored R600 checkpoint at 00:19:29.416 and the logged R1200 checkpoint at 00:19:37.443. It does not infer a precise acceleration from those times."
    ]
  },
  "final_burst_inputs": {
    "schema_version": 1,
    "source": {
      "title": "Inmarsat / DCA Signalling Unit Log for 9M-MRO, December 2014 update",
      "url": "https://www.atsb.gov.au/sites/default/files/media/5772619/public_mh370-data-communication-logs.pdf",
      "locator": "PDF page 41, R600 log-on request and final R1200 acknowledgment rows; page 1 gives the 4,600 microsecond R600 correction",
      "verified_utc": "2026-09-08",
      "retrieval_note": "ATSB-hosted PDF and page-41 text retrieved with the browser. Direct binary download timed out; no PDF hash is claimed.",
      "independent_retained_extract_sha256": "ebb04c26a803f020864c5398412f3dfd05e7e91d17df783f92a3fd188b0bc94d",
      "extract_note": "The previously retained unredacted-log extraction agrees with both recorded times, BFOs and raw BTOs. Product code does not load that source recreation."
    },
    "time_basis": "UTC timestamps recorded at the ground station, used as the declared SATCOM state epochs; subsecond timestamp resolution does not establish aircraft-state accuracy.",
    "bursts": [
      {
        "epoch_id": "m0019a",
        "recorded_time_utc": "2014-03-08T00:19:29.416Z",
        "channel": "IOR-R600-0-36F8",
        "raw_bto_us": 23000.0,
        "observed_bfo_hz": 182.0,
        "selection": "R600 BTO geometry is available with the separately declared correction and uncertainty; BFO startup treatment remains conditional."
      },
      {
        "epoch_id": "m0019b",
        "recorded_time_utc": "2014-03-08T00:19:37.443Z",
        "channel": "IOR-R1200-0-36F6",
        "raw_bto_us": 49660.0,
        "observed_bfo_hz": -2.0,
        "selection": "The anomalous R1200 BTO is not scored by this control. The BFO comparison retains an explicit startup/error condition."
      }
    ],
    "model_choices": {
      "r600_bto_correction_us": 4600.0,
      "r600_bto_sd_us": 63.0,
      "r600_sd_note": "Inherited declared observation uncertainty, not a value measured by the log.",
      "satellite_fractional_epoch_model": "Constant-velocity ECEF propagation from the corresponding whole-second ephemeris; maximum absolute offset 1 second."
    }
  },
  "comparison_counts": [
    {
      "family": "openap_v2_6_0_attached_flow",
      "error_convention": "printed_table_error_convention",
      "resolved_pairs": 21758,
      "no_warmup_compatible": 0,
      "shared_warmup_compatible": 0
    },
    {
      "family": "openap_v2_6_0_attached_flow",
      "error_convention": "literal_prose_error_convention",
      "resolved_pairs": 21758,
      "no_warmup_compatible": 0,
      "shared_warmup_compatible": 0
    },
    {
      "family": "openap_published2020_attached_flow",
      "error_convention": "printed_table_error_convention",
      "resolved_pairs": 22839,
      "no_warmup_compatible": 0,
      "shared_warmup_compatible": 0
    },
    {
      "family": "openap_published2020_attached_flow",
      "error_convention": "literal_prose_error_convention",
      "resolved_pairs": 22839,
      "no_warmup_compatible": 0,
      "shared_warmup_compatible": 0
    }
  ],
  "resolved_pair_count": 44597,
  "steady_bfo_drop_span_hz": [
    -201.6917462984299,
    185.95797125891596
  ],
  "bias_note": "Uses each source path\u2019s posterior mean steady BFO bias from observations through00:11. Shared bias is constant across the final pair and cancels from its difference; it is not re-fitted to the final observations.",
  "elapsed_s": 13.152627937000943,
  "input_sha256": {
    "/jackbox/home/MH370/.sources/holland-2018-bfo-descent/data/observations-and-conditions.json": "d7b70a5368036e173df2c9cc87713ab5cea621a93c08384376931b217ee0f50e",
    "/jackbox/home/MH370/.sources/holland-2018-bfo-descent/code/recreate.py": "f2afec9a004b9644a97dafd1378b619d1078baceed881f782e831bb52bb4c159",
    "/jackbox/home/.iso/thread-storage/thr_rzreetwcyu/overnight-analysis/sources/holland-bfo-2018-arxiv-v3.pdf": "c76dd9f1b6c341e99d95c68002202aad7ba6797eb1f1b343f00468235cd22821",
    "/jackbox/home/MH370/inputs/accident/final-satcom-bursts.json": "f9461f46bc46375d75036a9267a5b70e6c696dfe50694fee063025ef0e70346c",
    "/jackbox/home/MH370/configs/mh370-broad-powered-flight-diagnostic.toml": "1d404bceb70d70825a770e3c80aa3638a4bd103e287b0898022ce2cfd4766a2e",
    "/jackbox/home/MH370/inputs/accident/satellite-ephemeris.csv": "4c56c26d77c826caa2a8084ee29ff459a493641c72ca165d52a92d29908ae2c2",
    "/jackbox/home/MH370/inputs/accident/satcom-observations.csv": "bd344ba05826f9176f394ac42e04b5f2ba4c5705c8a980b7655579024dc0d4e0",
    "/jackbox/home/.iso/thread-storage/thr_rzreetwcyu/overnight-analysis/terminal-final-contact/run-manifest.json": "0700e8ae4dd920cc678b6ef7198106655806241fcbca2507c7c867bb42818352",
    "/jackbox/home/.iso/thread-storage/thr_rzreetwcyu/overnight-analysis/terminal-final-contact/terminal-examples.jsonl": "f1658874a62e1de47c6af6588de014b95ec61525e65bbbb330ff511dbe2f0959"
  }
}
