{
  "status": "nominal published-route audit; no WSPR likelihood and no inferred trajectory probabilities",
  "table_positions": 68,
  "fastest_nominal_legs": [
    {
      "from_table_row": 34,
      "to_table_row": 35,
      "from_utc": "2014-03-07T22:16:00Z",
      "to_utc": "2014-03-07T22:22:00Z",
      "distance_nm": 73.53478655956759,
      "nominal_mean_ground_speed_kt": 735.347865595676,
      "minimum_mean_speed_allowing_independent_110_484s_slot_times_kt": 562.6657476437953,
      "favorable_midpoint_weather_speed_ceiling_kt": 529.596513381345,
      "ceiling_altitude_ft": 30500.0,
      "ceiling_status": "sampled midpoint diagnostic, not a rigorous full-leg bound"
    },
    {
      "from_table_row": 104,
      "to_table_row": 106,
      "from_utc": "2014-03-07T23:58:00Z",
      "to_utc": "2014-03-08T00:00:00Z",
      "distance_nm": 20.849730770658223,
      "nominal_mean_ground_speed_kt": 625.4919231197467,
      "minimum_mean_speed_allowing_independent_110_484s_slot_times_kt": 325.658313697999,
      "favorable_midpoint_weather_speed_ceiling_kt": 581.8756943660536,
      "ceiling_altitude_ft": 34000.0,
      "ceiling_status": "sampled midpoint diagnostic, not a rigorous full-leg bound"
    },
    {
      "from_table_row": 11,
      "to_table_row": 12,
      "from_utc": "2014-03-07T19:40:00Z",
      "to_utc": "2014-03-07T19:48:00Z",
      "distance_nm": 81.14473567311194,
      "nominal_mean_ground_speed_kt": 608.5855175483396,
      "minimum_mean_speed_allowing_independent_110_484s_slot_times_kt": 494.7145873947524,
      "favorable_midpoint_weather_speed_ceiling_kt": 546.1672590430044,
      "ceiling_altitude_ft": 30500.0,
      "ceiling_status": "sampled midpoint diagnostic, not a rigorous full-leg bound"
    },
    {
      "from_table_row": 49,
      "to_table_row": 51,
      "from_utc": "2014-03-07T23:04:00Z",
      "to_utc": "2014-03-07T23:08:00Z",
      "distance_nm": 37.65853498134537,
      "nominal_mean_ground_speed_kt": 564.8780247201805,
      "minimum_mean_speed_allowing_independent_110_484s_slot_times_kt": 386.8100282262338,
      "favorable_midpoint_weather_speed_ceiling_kt": 550.1034665826653,
      "ceiling_altitude_ft": 30500.0,
      "ceiling_status": "sampled midpoint diagnostic, not a rigorous full-leg bound"
    },
    {
      "from_table_row": 75,
      "to_table_row": 77,
      "from_utc": "2014-03-07T23:30:00Z",
      "to_utc": "2014-03-07T23:32:00Z",
      "distance_nm": 18.395107585134227,
      "nominal_mean_ground_speed_kt": 551.8532275540268,
      "minimum_mean_speed_allowing_independent_110_484s_slot_times_kt": 287.31880437029565,
      "favorable_midpoint_weather_speed_ceiling_kt": 565.7738027868286,
      "ceiling_altitude_ft": 30500.0,
      "ceiling_status": "sampled midpoint diagnostic, not a rigorous full-leg bound"
    }
  ],
  "elapsed_s": 0.789381732000038
}
