constant_true_track [230, 220] 30.475582243321742
constant_true_track [210, 200] 3.429743882929725
constant_true_track [200, 190] 3.757193529517108
constant_true_track [240, 190] 30.497377853771486
constant_true_track [225, 170] 4.757585298874188
constant_true_track [250, 220] 51.16566887418677
constant_true_heading [230, 220] 6.54616815724528
constant_true_heading [210, 200] 6.542281355788792
constant_true_heading [200, 190] 6.14965982088986
constant_true_heading [240, 190] 26.5523402240045
constant_true_heading [225, 170] 6.5427796223495625
constant_true_heading [250, 220] 28.922998914946344
constant_magnetic_track [230, 220] 11.96515686479954
constant_magnetic_track [210, 200] 5.523322790885983
constant_magnetic_track [200, 190] 10.835509221237885
constant_magnetic_track [240, 190] 29.22695316301374
constant_magnetic_track [225, 170] 6.481595803499676
constant_magnetic_track [250, 220] 32.59895233859412
constant_magnetic_heading [230, 220] 8.231290580363432
constant_magnetic_heading [210, 200] 8.073295538571536
constant_magnetic_heading [200, 190] 8.594455976961314
constant_magnetic_heading [240, 190] 34.46749167178361
constant_magnetic_heading [225, 170] 8.273402145719057
constant_magnetic_heading [250, 220] 26.840756141432905
great_circle_track_continuation [230, 220] 10.942088892904152
great_circle_track_continuation [210, 200] 2.508023132591762
great_circle_track_continuation [200, 190] 4.84978339475001
great_circle_track_continuation [240, 190] 26.597983428273047
great_circle_track_continuation [225, 170] 4.371595254153742
great_circle_track_continuation [250, 220] 26.563928117832734
