{"step": 0, "temperature": 0.00030129255068800376, "pre_resample_ess": 3276.800000071445, "mutation_acceptance": 0.77288818359375, "independence_acceptances": 67500, "proposal_scale": 1.0390434605807686, "root_count": 3097, "log_normalizer": -0.47790099851029133, "elapsed_s": 0.41174369100008334, "evaluations": 135168, "mean": [-0.19008691584376977, -0.09110360508369612, -0.06070061910822258], "block_acceptance": {"controls_0": 0.71990966796875, "controls_2": 0.8245849609375, "controls_4": 0.61968994140625, "controls_6": 0.8623046875, "controls_8": 0.740966796875, "controls_10": 0.90313720703125}, "global_independence_acceptances": 12118, "local_block_acceptance": {"controls_0": 0.5008544921875, "controls_2": 0.507568359375, "controls_4": 0.5028483072916666, "controls_6": 0.498046875, "controls_8": 0.4989013671875, "controls_10": 0.647705078125}, "block_proposal_scales": {"controls_0": 0.9069061518030308, "controls_2": 0.9099556912172777, "controls_4": 0.9078107041974368, "controls_6": 0.9056339223456572, "controls_8": 0.9060209335699767, "controls_10": 0.9760016399910967}, "categorical_mode_change_fraction": 0.75927734375}
{"step": 1, "temperature": 0.0007504371236872128, "pre_resample_ess": 3276.80000001573, "mutation_acceptance": 0.6967424665178571, "independence_acceptances": 58561, "proposal_scale": 1.299100073687609, "root_count": 2562, "log_normalizer": -0.8143421080370246, "elapsed_s": 0.8218615250007133, "evaluations": 266240, "mean": [-0.16939415003869043, -0.11479377954229908, -0.04056292468180027], "block_acceptance": {"controls_0": 0.78173828125, "controls_2": 0.6634521484375, "controls_4": 0.705810546875, "controls_6": 0.8485107421875, "controls_8": 0.58233642578125, "controls_10": 0.7886962890625}, "global_independence_acceptances": 8301, "local_block_acceptance": {"controls_0": 0.45654296875, "controls_2": 0.44140625, "controls_4": 0.4461669921875, "controls_6": 0.453369140625, "controls_8": 0.449462890625, "controls_10": 0.589111328125}, "block_proposal_scales": {"controls_0": 1.0055706377741374, "controls_2": 1.0013446566143869, "controls_4": 1.0013650292308194, "controls_6": 1.00256774752949, "controls_8": 1.001039117100505, "controls_10": 1.1563455587220517}, "categorical_mode_change_fraction": 0.602294921875}
{"step": 2, "temperature": 0.01495383304479089, "pre_resample_ess": 3276.8000000004595, "mutation_acceptance": 0.6531720842633929, "independence_acceptances": 58930, "proposal_scale": 1.589243021680407, "root_count": 2243, "log_normalizer": -1.1913284155505686, "elapsed_s": 1.2207503720001114, "evaluations": 397312, "mean": [-0.18679503443297368, -0.07217301979475735, -0.08002063512875841], "block_acceptance": {"controls_0": 0.4813232421875, "controls_2": 0.48455810546875, "controls_4": 0.6513671875, "controls_6": 0.948486328125, "controls_8": 0.94549560546875, "controls_10": 0.731201171875}, "global_independence_acceptances": 5403, "local_block_acceptance": {"controls_0": 0.359375, "controls_2": 0.3671875, "controls_4": 0.369140625, "controls_6": null, "controls_8": null, "controls_10": 0.4918212890625}, "block_proposal_scales": {"controls_0": 1.062094263410726, "controls_2": 1.0617701874167158, "controls_4": 1.0628292019171992, "controls_6": 1.00256774752949, "controls_8": 1.001039117100505, "controls_10": 1.3049637940176952}, "categorical_mode_change_fraction": 0.52001953125}
{"step": 3, "temperature": 0.06873146671686223, "pre_resample_ess": 3276.8000000003285, "mutation_acceptance": 0.45023890904017855, "independence_acceptances": 33428, "proposal_scale": 1.7565949899951092, "root_count": 2012, "log_normalizer": -1.6082964585350483, "elapsed_s": 1.6608644910011208, "evaluations": 528384, "mean": [-0.17379334163552485, -0.10121583519940996, -0.04419403287815837], "block_acceptance": {"controls_0": 0.51507568359375, "controls_2": 0.6314697265625, "controls_4": 0.27313232421875, "controls_6": 0.43255615234375, "controls_8": 0.43389892578125, "controls_10": 0.6448974609375}, "global_independence_acceptances": 3615, "local_block_acceptance": {"controls_0": 0.2740478515625, "controls_2": 0.283447265625, "controls_4": 0.27313232421875, "controls_6": 0.2932942708333333, "controls_8": 0.2942708333333333, "controls_10": 0.37939453125}, "block_proposal_scales": {"controls_0": 1.0749418906784882, "controls_2": 1.0796761512179887, "controls_4": 1.075193422213171, "controls_6": 1.0245070723713947, "controls_8": 1.0234445975403104, "controls_10": 1.3921823640208866}, "categorical_mode_change_fraction": 0.515625}
{"step": 4, "temperature": 0.16399377495930412, "pre_resample_ess": 3276.8000000000366, "mutation_acceptance": 0.42204066685267855, "independence_acceptances": 35996, "proposal_scale": 1.914387262022384, "root_count": 1805, "log_normalizer": -1.8797930590323881, "elapsed_s": 2.0837822970006528, "evaluations": 659456, "mean": [-0.17193967108537836, -0.06635385665908287, -0.056729107541194534], "block_acceptance": {"controls_0": 0.4417724609375, "controls_2": 0.43255615234375, "controls_4": 0.48345947265625, "controls_6": 0.4981689453125, "controls_8": 0.23724365234375, "controls_10": 0.7154541015625}, "global_independence_acceptances": 2386, "local_block_acceptance": {"controls_0": 0.2227783203125, "controls_2": 0.21142578125, "controls_4": 0.2166748046875, "controls_6": 0.2332763671875, "controls_8": 0.23724365234375, "controls_10": 0.311767578125}, "block_proposal_scales": {"controls_0": 1.060410147715284, "controls_2": 1.059051850112106, "controls_4": 1.057426340753469, "controls_6": 1.0159760494563572, "controls_8": 1.016937663231886, "controls_10": 1.4358490561931525}, "categorical_mode_change_fraction": 0.521240234375}
{"step": 5, "temperature": 0.3125477713557148, "pre_resample_ess": 3276.800000000051, "mutation_acceptance": 0.37227957589285715, "independence_acceptances": 33086, "proposal_scale": 2.0350846025522573, "root_count": 1652, "log_normalizer": -1.9015287391121207, "elapsed_s": 2.493204493999656, "evaluations": 790528, "mean": [-0.14549662097970786, -0.06128702552105662, -0.05171436758640812], "block_acceptance": {"controls_0": 0.3641357421875, "controls_2": 0.36090087890625, "controls_4": 0.53460693359375, "controls_6": 0.42706298828125, "controls_8": 0.30621337890625, "controls_10": 0.5257568359375}, "global_independence_acceptances": 1430, "local_block_acceptance": {"controls_0": 0.177001953125, "controls_2": 0.176025390625, "controls_4": 0.1923828125, "controls_6": 0.1851806640625, "controls_8": 0.186279296875, "controls_10": 0.25927734375}, "block_proposal_scales": {"controls_0": 1.022404025210431, "controls_2": 1.0205959507525855, "controls_4": 1.0273979889460592, "controls_6": 0.9835764688121824, "controls_8": 0.9850483712656243, "controls_10": 1.4425249605210817}, "categorical_mode_change_fraction": 0.52880859375}
{"step": 6, "temperature": 0.507483597016008, "pre_resample_ess": 3276.800000000032, "mutation_acceptance": 0.33047921316964285, "independence_acceptances": 29957, "proposal_scale": 2.1186455613445676, "root_count": 1525, "log_normalizer": -1.6033405086860748, "elapsed_s": 2.9078852640013793, "evaluations": 921600, "mean": [-0.11590342638924325, -0.029037911632414357, -0.028109070552814856], "block_acceptance": {"controls_0": 0.37335205078125, "controls_2": 0.2239990234375, "controls_4": 0.26324462890625, "controls_6": 0.48370361328125, "controls_8": 0.16754150390625, "controls_10": 0.74761962890625}, "global_independence_acceptances": 883, "local_block_acceptance": {"controls_0": 0.157470703125, "controls_2": 0.15177408854166666, "controls_4": 0.163330078125, "controls_6": 0.166748046875, "controls_8": 0.16754150390625, "controls_10": null}, "block_proposal_scales": {"controls_0": 0.9761803675913892, "controls_2": 0.9716824420554757, "controls_4": 0.9838266370524452, "controls_6": 0.9434745684427114, "controls_8": 0.9452613969784898, "controls_10": 1.4425249605210817}, "categorical_mode_change_fraction": 0.546142578125}
{"step": 7, "temperature": 0.7296569503384387, "pre_resample_ess": 3276.800000000021, "mutation_acceptance": 0.2912684849330357, "independence_acceptances": 25776, "proposal_scale": 2.162816355786493, "root_count": 1393, "log_normalizer": -0.9923081141299734, "elapsed_s": 3.325137674000871, "evaluations": 1052672, "mean": [-0.049973204330809984, 0.0036623036734914328, -0.02030292896582042], "block_acceptance": {"controls_0": 0.190185546875, "controls_2": 0.194091796875, "controls_4": 0.41259765625, "controls_6": 0.43023681640625, "controls_8": 0.3369140625, "controls_10": 0.4434814453125}, "global_independence_acceptances": 514, "local_block_acceptance": {"controls_0": 0.140380859375, "controls_2": 0.1484375, "controls_4": 0.14453125, "controls_6": 0.15576171875, "controls_8": 0.150634765625, "controls_10": 0.197265625}, "block_proposal_scales": {"controls_0": 0.9241161820500194, "controls_2": 0.9235711083005711, "controls_4": 0.9332893904005736, "controls_6": 0.9000499567956931, "controls_8": 0.899445878016415, "controls_10": 1.404986698392424}, "categorical_mode_change_fraction": 0.577392578125}
{"step": 8, "temperature": 0.9791355147844016, "pre_resample_ess": 3276.80000000003, "mutation_acceptance": 0.22467912946428573, "independence_acceptances": 18346, "proposal_scale": 2.1356067653902056, "root_count": 1237, "log_normalizer": -0.03940170799596654, "elapsed_s": 3.7406431620001968, "evaluations": 1183744, "mean": [0.04074758467148463, 0.020479434249601733, 0.003716528571401092], "block_acceptance": {"controls_0": 0.19232177734375, "controls_2": 0.2271728515625, "controls_4": 0.13397216796875, "controls_6": 0.3077392578125, "controls_8": 0.39202880859375, "controls_10": 0.3046875}, "global_independence_acceptances": 243, "local_block_acceptance": {"controls_0": 0.142578125, "controls_2": null, "controls_4": 0.13397216796875, "controls_6": 0.1405029296875, "controls_8": 0.143310546875, "controls_10": 0.18888346354166666}, "block_proposal_scales": {"controls_0": 0.8757904626069035, "controls_2": 0.9235711083005711, "controls_4": 0.8806862284662317, "controls_6": 0.8520981623157734, "controls_8": 0.8527224862558468, "controls_10": 1.3627021004697641}, "categorical_mode_change_fraction": 0.599609375}
{"step": 9, "temperature": 1.0, "pre_resample_ess": 4089.8199557824955, "mutation_acceptance": 0.21633475167410715, "independence_acceptances": 15250, "proposal_scale": 2.0999597573659363, "root_count": 1218, "log_normalizer": 0.05063047754678163, "elapsed_s": 4.168285634001222, "evaluations": 1314816, "mean": [0.04241886911237442, 0.01777662688576248, 0.021462977995351764], "block_acceptance": {"controls_0": 0.2001953125, "controls_2": 0.20172119140625, "controls_4": 0.227294921875, "controls_6": 0.23828125, "controls_8": 0.32012939453125, "controls_10": 0.31195068359375}, "global_independence_acceptances": 242, "local_block_acceptance": {"controls_0": 0.1568603515625, "controls_2": 0.1376953125, "controls_4": 0.15397135416666666, "controls_6": 0.16422526041666666, "controls_8": 0.166748046875, "controls_10": 0.1982421875}, "block_proposal_scales": {"controls_0": 0.8359401671828068, "controls_2": 0.8731396001821959, "controls_4": 0.8393997774258617, "controls_6": 0.8163264729805982, "controls_8": 0.8179557006820355, "controls_10": 1.3278892625261332}, "categorical_mode_change_fraction": 0.6005859375}
{"step": 0, "temperature": 0.00030202303571513767, "pre_resample_ess": 3276.8000000453494, "mutation_acceptance": 0.7616925920758929, "independence_acceptances": 63631, "proposal_scale": 1.0332433565483312, "root_count": 3124, "log_normalizer": -0.4817048374258528, "elapsed_s": 0.41301217900036136, "evaluations": 135168, "mean": [-0.2162762770184986, -0.08993993114760114, 0.032325738189639054], "block_acceptance": {"controls_0": 0.71856689453125, "controls_2": 0.7142333984375, "controls_4": 0.97076416015625, "controls_6": 0.62103271484375, "controls_8": 0.7432861328125, "controls_10": 0.81805419921875}, "global_independence_acceptances": 12221, "local_block_acceptance": {"controls_0": 0.5001220703125, "controls_2": 0.4981689453125, "controls_4": null, "controls_6": 0.500244140625, "controls_8": 0.501220703125, "controls_10": 0.6463623046875}, "block_proposal_scales": {"controls_0": 0.906574093656328, "controls_2": 0.9056891995405218, "controls_4": 0.8, "controls_6": 0.9066294282364469, "controls_8": 0.907072226483196, "controls_10": 0.9753465853746193}, "categorical_mode_change_fraction": 0.75048828125}
{"step": 1, "temperature": 0.0007535785938246356, "pre_resample_ess": 3276.800000015259, "mutation_acceptance": 0.6868024553571429, "independence_acceptances": 54049, "proposal_scale": 1.2854437280558833, "root_count": 2599, "log_normalizer": -0.8172187738163803, "elapsed_s": 0.8309778540005937, "evaluations": 266240, "mean": [-0.15678013464531937, -0.13804608024148646, -0.04433581967738758], "block_acceptance": {"controls_0": 0.67333984375, "controls_2": 0.87994384765625, "controls_4": 0.7313232421875, "controls_6": 0.7156982421875, "controls_8": 0.71063232421875, "controls_10": 0.58563232421875}, "global_independence_acceptances": 8373, "local_block_acceptance": {"controls_0": 0.456787109375, "controls_2": null, "controls_4": 0.4981689453125, "controls_6": 0.450927734375, "controls_8": 0.4403076171875, "controls_10": 0.58563232421875}, "block_proposal_scales": {"controls_0": 1.005325167096051, "controls_2": 0.9056891995405218, "controls_4": 0.9056891995405218, "controls_6": 1.002445371240655, "controls_8": 0.9976234373493615, "controls_10": 1.1535610961770562}, "categorical_mode_change_fraction": 0.626220703125}
{"step": 2, "temperature": 0.015056044818582755, "pre_resample_ess": 3276.8000000002166, "mutation_acceptance": 0.6000627790178571, "independence_acceptances": 46853, "proposal_scale": 1.5313280445955824, "root_count": 2274, "log_normalizer": -1.194232170790407, "elapsed_s": 1.2514483080012724, "evaluations": 397312, "mean": [-0.20510846397708837, -0.0683510095972541, -0.03503996064598333], "block_acceptance": {"controls_0": 0.6075439453125, "controls_2": 0.51837158203125, "controls_4": 0.670166015625, "controls_6": 0.66009521484375, "controls_8": 0.80438232421875, "controls_10": 0.6051025390625}, "global_independence_acceptances": 5485, "local_block_acceptance": {"controls_0": 0.372802734375, "controls_2": 0.4115397135416667, "controls_4": 0.408203125, "controls_6": 0.3695068359375, "controls_8": 0.37646484375, "controls_10": 0.483642578125}, "block_proposal_scales": {"controls_0": 1.0689879991250102, "controls_2": 0.9818770109656414, "controls_4": 0.9802403167969416, "controls_6": 1.0641706933725055, "controls_8": 1.0627427121746484, "controls_10": 1.2965087205538943}, "categorical_mode_change_fraction": 0.521728515625}
{"step": 3, "temperature": 0.06866280511980014, "pre_resample_ess": 3276.800000000169, "mutation_acceptance": 0.44765799386160715, "independence_acceptances": 30944, "proposal_scale": 1.6903985995419273, "root_count": 2049, "log_normalizer": -1.620904886224535, "elapsed_s": 1.700878810001086, "evaluations": 528384, "mean": [-0.1630711113746633, -0.09765430399464618, -0.05905077952317447], "block_acceptance": {"controls_0": 0.40289306640625, "controls_2": 0.420166015625, "controls_4": 0.58013916015625, "controls_6": 0.5648193359375, "controls_8": 0.41943359375, "controls_10": 0.51934814453125}, "global_independence_acceptances": 3716, "local_block_acceptance": {"controls_0": 0.28759765625, "controls_2": 0.3157552083333333, "controls_4": 0.3165283203125, "controls_6": 0.27001953125, "controls_8": 0.2762044270833333, "controls_10": 0.3893229166666667}, "block_proposal_scales": {"controls_0": 1.0892737980051186, "controls_2": 1.014695312073126, "controls_4": 1.013395571389472, "controls_6": 1.0748762834344257, "controls_8": 1.0767586132878573, "controls_10": 1.3900455418611348}, "categorical_mode_change_fraction": 0.521484375}
{"step": 4, "temperature": 0.16365319645855833, "pre_resample_ess": 3276.800000000198, "mutation_acceptance": 0.4066859654017857, "independence_acceptances": 33042, "proposal_scale": 1.8281551462214833, "root_count": 1852, "log_normalizer": -1.9005677145805269, "elapsed_s": 2.131240606000574, "evaluations": 659456, "mean": [-0.15184519876474112, -0.11399094050323337, -0.04225767582202098], "block_acceptance": {"controls_0": 0.4351806640625, "controls_2": 0.338623046875, "controls_4": 0.36712646484375, "controls_6": 0.627197265625, "controls_8": 0.3541259765625, "controls_10": 0.58154296875}, "global_independence_acceptances": 2343, "local_block_acceptance": {"controls_0": 0.203369140625, "controls_2": 0.23738606770833334, "controls_4": 0.237548828125, "controls_6": 0.21826171875, "controls_8": 0.2158203125, "controls_10": 0.3115234375}, "block_proposal_scales": {"controls_0": 1.0641706933725052, "controls_2": 1.0083158019157439, "controls_4": 1.007106188033, "controls_6": 1.0579535502897799, "controls_8": 1.0585133254513817, "controls_10": 1.4334702163988604}, "categorical_mode_change_fraction": 0.525146484375}
{"step": 5, "temperature": 0.31101762165252655, "pre_resample_ess": 3276.8000000000116, "mutation_acceptance": 0.39719935825892855, "independence_acceptances": 37104, "proposal_scale": 1.9677820010542786, "root_count": 1688, "log_normalizer": -1.934605786403468, "elapsed_s": 2.532782104000944, "evaluations": 790528, "mean": [-0.13277024680231042, -0.09626309550389753, -0.023636745625011866], "block_acceptance": {"controls_0": 0.27301025390625, "controls_2": 0.4576416015625, "controls_4": 0.31182861328125, "controls_6": 0.4293212890625, "controls_8": 0.4315185546875, "controls_10": 0.78717041015625}, "global_independence_acceptances": 1473, "local_block_acceptance": {"controls_0": 0.17838541666666666, "controls_2": 0.19580078125, "controls_4": 0.19978841145833334, "controls_6": 0.1793212890625, "controls_8": 0.18701171875, "controls_10": null}, "block_proposal_scales": {"controls_0": 1.026739772217726, "controls_2": 0.9813577634991512, "controls_4": 0.9821367377171881, "controls_6": 1.0212190632253004, "controls_8": 1.0256958495671744, "controls_10": 1.4334702163988604}, "categorical_mode_change_fraction": 0.53955078125}
{"step": 6, "temperature": 0.49925566593109694, "pre_resample_ess": 3276.8000000000025, "mutation_acceptance": 0.2880859375, "independence_acceptances": 23084, "proposal_scale": 2.005613480806946, "root_count": 1543, "log_normalizer": -1.6680664060713344, "elapsed_s": 2.963227136000569, "evaluations": 921600, "mean": [-0.11322362308936039, -0.02917045195330683, -0.03525785255826258], "block_acceptance": {"controls_0": 0.30029296875, "controls_2": 0.2996826171875, "controls_4": 0.37255859375, "controls_6": 0.3724365234375, "controls_8": 0.26544189453125, "controls_10": 0.35418701171875}, "global_independence_acceptances": 852, "local_block_acceptance": {"controls_0": 0.156005859375, "controls_2": 0.162109375, "controls_4": 0.1722412109375, "controls_6": 0.15283203125, "controls_8": 0.15616861979166666, "controls_10": 0.22526041666666666}, "block_proposal_scales": {"controls_0": 0.9796023472022882, "controls_2": 0.9391655546893167, "controls_4": 0.944684631240713, "controls_6": 0.9727901330184613, "controls_8": 0.9786859932687064, "controls_10": 1.41584770655303}, "categorical_mode_change_fraction": 0.540771484375}
{"step": 7, "temperature": 0.7145720526558191, "pre_resample_ess": 3276.8000000000484, "mutation_acceptance": 0.30636160714285715, "independence_acceptances": 28214, "proposal_scale": 2.06293720097626, "root_count": 1410, "log_normalizer": -1.0817512729557297, "elapsed_s": 3.3668527850004466, "evaluations": 1052672, "mean": [-0.043852225917978244, -0.005704156910481822, -0.016305675754928747], "block_acceptance": {"controls_0": 0.2392578125, "controls_2": 0.19610595703125, "controls_4": 0.33514404296875, "controls_6": 0.33648681640625, "controls_8": 0.437255859375, "controls_10": 0.5693359375}, "global_independence_acceptances": 507, "local_block_acceptance": {"controls_0": 0.1417236328125, "controls_2": 0.15242513020833334, "controls_4": 0.158447265625, "controls_6": 0.1446533203125, "controls_8": 0.14404296875, "controls_10": 0.198974609375}, "block_proposal_scales": {"controls_0": 0.9279784750832143, "controls_2": 0.8944458266024455, "controls_4": 0.9024152509682102, "controls_6": 0.9228761361242853, "controls_8": 0.928186175798083, "controls_10": 1.380182507595749}, "categorical_mode_change_fraction": 0.580322265625}
{"step": 8, "temperature": 0.9628264523782898, "pre_resample_ess": 3276.80000000002, "mutation_acceptance": 0.26021030970982145, "independence_acceptances": 22175, "proposal_scale": 2.073495743408361, "root_count": 1245, "log_normalizer": -0.14542685054944648, "elapsed_s": 3.778698076001092, "evaluations": 1183744, "mean": [0.02463356151121145, 0.04751392414634592, 0.0046830898200793695], "block_acceptance": {"controls_0": 0.16357421875, "controls_2": 0.170166015625, "controls_4": 0.37884521484375, "controls_6": 0.39642333984375, "controls_8": 0.390380859375, "controls_10": 0.30694580078125}, "global_independence_acceptances": 248, "local_block_acceptance": {"controls_0": 0.13639322916666666, "controls_2": 0.150390625, "controls_4": 0.15185546875, "controls_6": 0.153076171875, "controls_8": 0.1357421875, "controls_10": 0.19034830729166666}, "block_proposal_scales": {"controls_0": 0.8767353260692258, "controls_2": 0.8509893815194101, "controls_4": 0.8592006802063499, "controls_6": 0.8792182095611275, "controls_8": 0.876646144475952, "controls_10": 1.3396252302820812}, "categorical_mode_change_fraction": 0.60107421875}
{"step": 9, "temperature": 1.0, "pre_resample_ess": 4076.1127059893606, "mutation_acceptance": 0.28067452566964285, "independence_acceptances": 26046, "proposal_scale": 2.105542620096505, "root_count": 1215, "log_normalizer": 0.014378958164828148, "elapsed_s": 4.156989271001294, "evaluations": 1314816, "mean": [0.028214988800399386, 0.05248800631355301, 0.02496242684675462], "block_acceptance": {"controls_0": 0.1734619140625, "controls_2": 0.203125, "controls_4": 0.29656982421875, "controls_6": 0.38421630859375, "controls_8": 0.46759033203125, "controls_10": 0.42425537109375}, "global_independence_acceptances": 254, "local_block_acceptance": {"controls_0": 0.15568033854166666, "controls_2": 0.168212890625, "controls_4": 0.1583251953125, "controls_6": 0.15087890625, "controls_8": null, "controls_10": 0.1986083984375}, "block_proposal_scales": {"controls_0": 0.8363484407606189, "controls_2": 0.816891347285559, "controls_4": 0.820706137585985, "controls_6": 0.8367058437090181, "controls_8": 0.876646144475952, "controls_10": 1.3056409833521045}, "categorical_mode_change_fraction": 0.60009765625}
{
  "ordered_times": {
    "draws": 100000,
    "expected_four_time_means": [
      0.2,
      0.4,
      0.6,
      0.8
    ],
    "maximum_mean_error": 0.0003393057065845251,
    "log_density_identity_error": 1.3322676295501878e-15,
    "request_encode_roundtrip_error": 8.081313396246514e-13
  },
  "exact_categorical_update": [
    {
      "temperature": 0.37,
      "expected": [
        0.20000000000149157,
        0.20000000000149157,
        0.19999999999900184,
        0.19999999999901322,
        0.19999999999901322
      ],
      "observed": [
        0.20043333333333332,
        0.20096666666666665,
        0.20136666666666667,
        0.19823333333333334,
        0.199
      ],
      "maximum_error": 0.0017666666656798724,
      "draws": 30000
    },
    {
      "temperature": 1.0,
      "expected": [
        0.1999999999999909,
        0.1999999999999909,
        0.1999999999999909,
        0.1999999999999909,
        0.1999999999999909
      ],
      "observed": [
        0.20183333333333334,
        0.20193333333333333,
        0.19633333333333333,
        0.19946666666666665,
        0.20043333333333332
      ],
      "maximum_error": 0.0036666666666575753,
      "draws": 30000
    }
  ],
  "deterministic_dynamics_control": [
    {
      "seed": 37091102,
      "particles": 4096,
      "mode_frequencies": [
        0.205322265625,
        0.195068359375,
        0.194091796875,
        0.196044921875,
        0.20947265625
      ],
      "expected_mode_frequencies": [
        0.2,
        0.2,
        0.2,
        0.2,
        0.2
      ],
      "maximum_standardized_mean_error": 0.034020219229663945,
      "maximum_standardized_variance_error": 0.02031557869783185,
      "log_normalizer": 0.05063047754678163,
      "expected_log_normalizer": 0.0,
      "elapsed_s": 4.168603239000731,
      "final_acceptance": 0.21633475167410715,
      "passed": true
    },
    {
      "seed": 37091103,
      "particles": 4096,
      "mode_frequencies": [
        0.193603515625,
        0.190673828125,
        0.19677734375,
        0.20947265625,
        0.20947265625
      ],
      "expected_mode_frequencies": [
        0.2,
        0.2,
        0.2,
        0.2,
        0.2
      ],
      "maximum_standardized_mean_error": 0.036234940783536985,
      "maximum_standardized_variance_error": 0.036742327264690955,
      "log_normalizer": 0.014378958164828148,
      "expected_log_normalizer": 0.0,
      "elapsed_s": 4.157310951000909,
      "final_acceptance": 0.28067452566964285,
      "passed": true
    }
  ],
  "passed": true,
  "elapsed_s": 9.037295857000572,
  "scope": "Numerical proposal/weight and control-space smoothing check, not MH370 validation or physical calibration.",
  "source_sha256": {
    "/tmp/mh370-command-sampler/forward_backward_control.py": "87a8fd07d27de52a4305471c2c5a7f9635a9db3a18e1a3f6be449d6f3779c147",
    "/tmp/mh370-command-sampler/sampler.py": "3cbe1368bdeeedc7ff8ed9915007b39be5a4dfd75549fc8c1b960171e83f7d29"
  }
}
