{"step": 0, "temperature": 0.0004814950058857903, "pre_resample_ess": 3276.8000000227676, "mutation_acceptance": 0.7313156127929688, "independence_acceptances": 71764, "proposal_scale": 1.0176685289959726, "root_count": 3139, "log_normalizer": -0.30535959904804777, "elapsed_s": 0.5474665439978708, "evaluations": 104389, "mean": [-0.22463079822914522, -0.07083096513340768, -0.010586933004166256], "block_acceptance": {"controls_0": 0.71026611328125, "controls_2": 0.829833984375, "controls_4": 0.8616943359375, "controls_6": 0.73614501953125, "controls_8": 0.98895263671875, "controls_10": 0.738037109375, "whole_flight": 0.23760986328125}, "global_independence_acceptances": 12255, "local_block_acceptance": {"controls_0": 0.4945068359375, "controls_2": 0.500244140625, "controls_4": 0.509765625, "controls_6": 0.48779296875, "controls_8": null, "controls_10": 0.6521809895833334, "whole_flight": 0.23760986328125}, "first_coordinate_mean_squared_jump": {"controls_0": 1.7968985292758586, "controls_2": 0.0, "controls_4": 0.0, "controls_6": 0.0, "controls_8": 0.0, "controls_10": 0.0, "whole_flight": 0.16724068807621123}, "block_proposal_scales": {"controls_0": 0.9040323504398595, "controls_2": 0.9066294282364469, "controls_4": 0.9109559477542876, "controls_6": 0.9010026619494973, "controls_8": 0.8, "controls_10": 0.9781883344029727, "whole_flight": 0.79505926520903}, "categorical_mode_change_fraction": 0.556396484375, "coarse_evaluations": 151552, "continuous_screening_pass_fraction": 0.7460250854492188}
{"step": 1, "temperature": 0.021462800117106537, "pre_resample_ess": 3276.8000000005927, "mutation_acceptance": 0.557647705078125, "independence_acceptances": 44399, "proposal_scale": 1.1868919784121372, "root_count": 2627, "log_normalizer": -0.7206949918542076, "elapsed_s": 1.1114805010001874, "evaluations": 183013, "mean": [-0.14357870692055982, -0.14474799495196677, -0.0901075568155332], "block_acceptance": {"controls_0": 0.8304443359375, "controls_2": 0.51318359375, "controls_4": 0.5294189453125, "controls_6": 0.6629638671875, "controls_8": 0.68817138671875, "controls_10": 0.54107666015625, "whole_flight": 0.18707275390625}, "global_independence_acceptances": 8337, "local_block_acceptance": {"controls_0": null, "controls_2": 0.3986002604166667, "controls_4": 0.3990071614583333, "controls_6": 0.3995361328125, "controls_8": 0.4503173828125, "controls_10": 0.54107666015625, "whole_flight": 0.18707275390625}, "first_coordinate_mean_squared_jump": {"controls_0": 2.0309554366033775, "controls_2": 0.0, "controls_4": 0.0, "controls_6": 0.0, "controls_8": 0.0, "controls_10": 0.0, "whole_flight": 0.120783454271668}, "block_proposal_scales": {"controls_0": 0.9040323504398595, "controls_2": 0.9765577889019297, "controls_4": 0.981417662651542, "controls_6": 0.9709512668862387, "controls_8": 0.884277050495407, "controls_10": 1.131433342429162, "whole_flight": 0.7704332633372676}, "categorical_mode_change_fraction": 0.46044921875, "coarse_evaluations": 299008, "continuous_screening_pass_fraction": 0.5829315185546875}
{"step": 2, "temperature": 0.07909868923277345, "pre_resample_ess": 3276.8000000002157, "mutation_acceptance": 0.5150604248046875, "independence_acceptances": 53421, "proposal_scale": 1.3550906060418668, "root_count": 2312, "log_normalizer": -1.1540727392782815, "elapsed_s": 1.6383952879987191, "evaluations": 258145, "mean": [-0.15927695263996267, -0.14152951808550224, -0.038636824681841854], "block_acceptance": {"controls_0": 0.6689453125, "controls_2": 0.41265869140625, "controls_4": 0.5545654296875, "controls_6": 0.69268798828125, "controls_8": 0.70263671875, "controls_10": 0.66259765625, "whole_flight": 0.11968994140625}, "global_independence_acceptances": 5025, "local_block_acceptance": {"controls_0": null, "controls_2": 0.2965494791666667, "controls_4": 0.295166015625, "controls_6": 0.30029296875, "controls_8": 0.330810546875, "controls_10": 0.4249267578125, "whole_flight": 0.11968994140625}, "first_coordinate_mean_squared_jump": {"controls_0": 1.0949292546815164, "controls_2": 0.0, "controls_4": 0.0, "controls_6": 0.0, "controls_8": 0.0, "controls_10": 0.0, "whole_flight": 0.06350101478765652}, "block_proposal_scales": {"controls_0": 0.9040323504398595, "controls_2": 0.9995534885058982, "controls_4": 1.0038331776327, "controls_6": 0.9956768556507803, "controls_8": 0.920738156640642, "controls_10": 1.234848946980047, "whole_flight": 0.7218360293701543}, "categorical_mode_change_fraction": 0.458251953125, "coarse_evaluations": 446464, "continuous_screening_pass_fraction": 0.55596923828125}
{"step": 3, "temperature": 0.18687340500398048, "pre_resample_ess": 3276.8000000002176, "mutation_acceptance": 0.35894775390625, "independence_acceptances": 31760, "proposal_scale": 1.4309552052530883, "root_count": 2076, "log_normalizer": -1.4500019157678912, "elapsed_s": 2.1967583340010606, "evaluations": 312801, "mean": [-0.168791476499483, -0.10769106005299876, -0.03391865276538596], "block_acceptance": {"controls_0": 0.35711669921875, "controls_2": 0.2310791015625, "controls_4": 0.35235595703125, "controls_6": 0.4755859375, "controls_8": 0.494140625, "controls_10": 0.70635986328125, "whole_flight": 0.08709716796875}, "global_independence_acceptances": 2750, "local_block_acceptance": {"controls_0": 0.2171630859375, "controls_2": 0.2310791015625, "controls_4": 0.23079427083333334, "controls_6": 0.226806640625, "controls_8": 0.2657470703125, "controls_10": 0.347900390625, "whole_flight": 0.08709716796875}, "first_coordinate_mean_squared_jump": {"controls_0": 0.30076105171027867, "controls_2": 0.0, "controls_4": 0.0, "controls_6": 0.0, "controls_8": 0.0, "controls_10": 0.0, "whole_flight": 0.039804859192297495}, "block_proposal_scales": {"controls_0": 0.8893107180858997, "controls_2": 0.9901418528322311, "controls_4": 0.994239640007215, "controls_6": 0.9841970028250273, "controls_8": 0.9280162353922601, "controls_10": 1.2967989059356928, "whole_flight": 0.6653722050690764}, "categorical_mode_change_fraction": 0.4248046875, "coarse_evaluations": 593920, "continuous_screening_pass_fraction": 0.400054931640625}
{"step": 4, "temperature": 0.3439405566831248, "pre_resample_ess": 3276.8000000000084, "mutation_acceptance": 0.3285980224609375, "independence_acceptances": 32838, "proposal_scale": 1.488309940707839, "root_count": 1873, "log_normalizer": -1.5133436026160565, "elapsed_s": 2.723618752999755, "evaluations": 365703, "mean": [-0.13955799978932268, -0.11268656388359537, 0.003446722459061773], "block_acceptance": {"controls_0": 0.377685546875, "controls_2": 0.46575927734375, "controls_4": 0.39764404296875, "controls_6": 0.40740966796875, "controls_8": 0.426025390625, "controls_10": 0.39654541015625, "whole_flight": 0.07366943359375}, "global_independence_acceptances": 1377, "local_block_acceptance": {"controls_0": null, "controls_2": 0.193359375, "controls_4": 0.1837158203125, "controls_6": 0.1904296875, "controls_8": 0.2161865234375, "controls_10": 0.2764485677083333, "whole_flight": 0.07366943359375}, "first_coordinate_mean_squared_jump": {"controls_0": 0.2372272380840419, "controls_2": 0.0, "controls_4": 0.0, "controls_6": 0.0, "controls_8": 0.0, "controls_10": 0.0, "whole_flight": 0.02262363909339258}, "block_proposal_scales": {"controls_0": 0.8893107180858997, "controls_2": 0.9624940709137391, "controls_4": 0.9618285134058248, "controls_6": 0.955314806892866, "controls_8": 0.912458394534683, "controls_10": 1.31406203746226, "whole_flight": 0.6092211315193873}, "categorical_mode_change_fraction": 0.410888671875, "coarse_evaluations": 741376, "continuous_screening_pass_fraction": 0.386016845703125}
{"step": 5, "temperature": 0.539136417835218, "pre_resample_ess": 3276.800000000122, "mutation_acceptance": 0.27490997314453125, "independence_acceptances": 26324, "proposal_scale": 1.5069627400893444, "root_count": 1700, "log_normalizer": -1.2946643497778636, "elapsed_s": 3.2572107080013666, "evaluations": 412001, "mean": [-0.07426225008599445, -0.09972406778327074, -0.02828916333865738], "block_acceptance": {"controls_0": 0.21197509765625, "controls_2": 0.23760986328125, "controls_4": 0.445556640625, "controls_6": 0.357666015625, "controls_8": 0.36810302734375, "controls_10": 0.47088623046875, "whole_flight": 0.06591796875}, "global_independence_acceptances": 681, "local_block_acceptance": {"controls_0": 0.1331787109375, "controls_2": 0.16959635416666666, "controls_4": 0.1650390625, "controls_6": 0.16357421875, "controls_8": 0.181396484375, "controls_10": 0.23828125, "whole_flight": 0.06591796875}, "first_coordinate_mean_squared_jump": {"controls_0": 0.08747211649102415, "controls_2": 0.0, "controls_4": 0.0, "controls_6": 0.0, "controls_8": 0.0, "controls_10": 0.0, "whole_flight": 0.01647620441427882}, "block_proposal_scales": {"controls_0": 0.8388534710491701, "controls_2": 0.9245675208357022, "controls_4": 0.921825280938524, "controls_6": 0.9149121376710667, "controls_8": 0.8816901862761863, "controls_10": 1.3063849685884783, "whole_flight": 0.5556509404325292}, "categorical_mode_change_fraction": 0.3740234375, "coarse_evaluations": 888832, "continuous_screening_pass_fraction": 0.33481597900390625}
{"step": 6, "temperature": 0.7588619552017357, "pre_resample_ess": 3276.800000000016, "mutation_acceptance": 0.259735107421875, "independence_acceptances": 25999, "proposal_scale": 1.514315843461782, "root_count": 1522, "log_normalizer": -0.7714017277403569, "elapsed_s": 3.7787232709997625, "evaluations": 457844, "mean": [-0.012168691996319399, -0.05340579546098233, -0.022486664124120734], "block_acceptance": {"controls_0": 0.15008544921875, "controls_2": 0.2469482421875, "controls_4": 0.3826904296875, "controls_6": 0.32135009765625, "controls_8": 0.3331298828125, "controls_10": 0.5545654296875, "whole_flight": 0.0655517578125}, "global_independence_acceptances": 386, "local_block_acceptance": {"controls_0": 0.12239583333333333, "controls_2": 0.151611328125, "controls_4": 0.15478515625, "controls_6": 0.15283203125, "controls_8": 0.1705322265625, "controls_10": 0.22998046875, "whole_flight": 0.0655517578125}, "first_coordinate_mean_squared_jump": {"controls_0": 0.04500649815249691, "controls_2": 0.0, "controls_4": 0.0, "controls_6": 0.0, "controls_8": 0.0, "controls_10": 0.0, "whole_flight": 0.01251372483192476}, "block_proposal_scales": {"controls_0": 0.7870044956113882, "controls_2": 0.8801846783354424, "controls_4": 0.8789678168588622, "controls_6": 0.8715245652527414, "controls_8": 0.8473440790914234, "controls_10": 1.2933735903002943, "whole_flight": 0.5066985095671656}, "categorical_mode_change_fraction": 0.335693359375, "coarse_evaluations": 1036288, "continuous_screening_pass_fraction": 0.3310394287109375}
{"step": 7, "temperature": 1.0, "pre_resample_ess": 3278.4503282877636, "mutation_acceptance": 0.2108154296875, "independence_acceptances": 18952, "proposal_scale": 1.4849356876458135, "root_count": 1312, "log_normalizer": 0.06220399874558691, "elapsed_s": 4.302978048999648, "evaluations": 499504, "mean": [0.06374283738732242, 0.020096857102009903, -0.034056195133282334], "block_acceptance": {"controls_0": 0.13543701171875, "controls_2": 0.19647216796875, "controls_4": 0.2095947265625, "controls_6": 0.427490234375, "controls_8": 0.229736328125, "controls_10": 0.40771484375, "whole_flight": 0.0699462890625}, "global_independence_acceptances": 166, "local_block_acceptance": {"controls_0": 0.115234375, "controls_2": 0.1461181640625, "controls_4": 0.146240234375, "controls_6": null, "controls_8": 0.15974934895833334, "controls_10": 0.1993408203125, "whole_flight": 0.0699462890625}, "first_coordinate_mean_squared_jump": {"controls_0": 0.03788488708558501, "controls_2": 0.0, "controls_4": 0.0, "controls_6": 0.0, "controls_8": 0.0, "controls_10": 0.0, "whole_flight": 0.01104789485307785}, "block_proposal_scales": {"controls_0": 0.7357211305657888, "controls_2": 0.8356340927978035, "controls_4": 0.8345297569171636, "controls_6": 0.8715245652527414, "controls_8": 0.8099572911771611, "controls_10": 1.261024393243087, "whole_flight": 0.46307513315712684}, "categorical_mode_change_fraction": 0.328857421875, "coarse_evaluations": 1183744, "continuous_screening_pass_fraction": 0.29821014404296875}
{"step": 0, "temperature": 0.000493634677496857, "pre_resample_ess": 3276.800000023011, "mutation_acceptance": 0.6958770751953125, "independence_acceptances": 63469, "proposal_scale": 0.9997950072973224, "root_count": 3128, "log_normalizer": -0.3039044222182934, "elapsed_s": 0.5532151680017705, "evaluations": 99755, "mean": [-0.190611141404432, -0.1176320148776027, -0.0037469848553166136], "block_acceptance": {"controls_0": 0.81591796875, "controls_2": 0.8299560546875, "controls_4": 0.74041748046875, "controls_6": 0.6168212890625, "controls_8": 0.74285888671875, "controls_10": 0.82513427734375, "whole_flight": 0.24945068359375}, "global_independence_acceptances": 12230, "local_block_acceptance": {"controls_0": 0.492431640625, "controls_2": 0.5009765625, "controls_4": 0.498046875, "controls_6": 0.49365234375, "controls_8": 0.4962158203125, "controls_10": 0.656005859375, "whole_flight": 0.24945068359375}, "first_coordinate_mean_squared_jump": {"controls_0": 2.737115171402526, "controls_2": 0.0, "controls_4": 0.0, "controls_6": 0.0, "controls_8": 0.0, "controls_10": 0.0, "whole_flight": 0.1740581577170361}, "block_proposal_scales": {"controls_0": 0.9030948150682344, "controls_2": 0.9069615066509888, "controls_4": 0.9056339223456572, "controls_6": 0.903646188648443, "controls_8": 0.9048051691573126, "controls_10": 0.9800608458658028, "whole_flight": 0.7997803036095891}, "categorical_mode_change_fraction": 0.54833984375, "coarse_evaluations": 151552, "continuous_screening_pass_fraction": 0.710693359375}
{"step": 1, "temperature": 0.020932605122038674, "pre_resample_ess": 3276.800000000125, "mutation_acceptance": 0.63043212890625, "independence_acceptances": 63715, "proposal_scale": 1.2092629608298406, "root_count": 2659, "log_normalizer": -0.7281875252966099, "elapsed_s": 1.0896724840022216, "evaluations": 188160, "mean": [-0.19653523539821, -0.11722646444586543, 0.014017729911608426], "block_acceptance": {"controls_0": 0.73211669921875, "controls_2": 0.75042724609375, "controls_4": 0.6563720703125, "controls_6": 0.9266357421875, "controls_8": 0.53125, "controls_10": 0.74566650390625, "whole_flight": 0.1859130859375}, "global_independence_acceptances": 8439, "local_block_acceptance": {"controls_0": 0.401123046875, "controls_2": 0.401123046875, "controls_4": 0.3985595703125, "controls_6": null, "controls_8": 0.4000651041666667, "controls_10": 0.53759765625, "whole_flight": 0.1859130859375}, "first_coordinate_mean_squared_jump": {"controls_0": 1.6646682926728045, "controls_2": 0.0, "controls_4": 0.0, "controls_6": 0.0, "controls_8": 0.0, "controls_10": 0.0, "whole_flight": 0.1279368331997132}, "block_proposal_scales": {"controls_0": 0.9739783460539408, "controls_2": 0.9781485326275259, "controls_4": 0.9754656535042857, "controls_6": 0.903646188648443, "controls_8": 0.9753068992278839, "controls_10": 1.1316290214457332, "whole_flight": 0.7745588275046211}, "categorical_mode_change_fraction": 0.471435546875, "coarse_evaluations": 299008, "continuous_screening_pass_fraction": 0.6570663452148438}
{"step": 2, "temperature": 0.07922619336834372, "pre_resample_ess": 3276.800000000172, "mutation_acceptance": 0.44351959228515625, "independence_acceptances": 37702, "proposal_scale": 1.332118919289755, "root_count": 2313, "log_normalizer": -1.1646623459604708, "elapsed_s": 1.6517655280003964, "evaluations": 253064, "mean": [-0.20020703842084214, -0.08218898511278544, -0.038582413790842526], "block_acceptance": {"controls_0": 0.4627685546875, "controls_2": 0.4188232421875, "controls_4": 0.43048095703125, "controls_6": 0.57513427734375, "controls_8": 0.5599365234375, "controls_10": 0.6680908203125, "whole_flight": 0.12603759765625}, "global_independence_acceptances": 5028, "local_block_acceptance": {"controls_0": 0.270751953125, "controls_2": 0.3050944010416667, "controls_4": 0.3016764322916667, "controls_6": 0.32470703125, "controls_8": 0.29736328125, "controls_10": 0.43896484375, "whole_flight": 0.12603759765625}, "first_coordinate_mean_squared_jump": {"controls_0": 0.6365397393755342, "controls_2": 0.0, "controls_4": 0.0, "controls_6": 0.0, "controls_8": 0.0, "controls_10": 0.0, "whole_flight": 0.0730475776659521}, "block_proposal_scales": {"controls_0": 0.9841369340403519, "controls_2": 1.0054683510418028, "controls_4": 1.0009983855432467, "controls_6": 0.9380388960661069, "controls_8": 0.9986794242789119, "controls_10": 1.2437619635428023, "whole_flight": 0.7280082723583132}, "categorical_mode_change_fraction": 0.455322265625, "coarse_evaluations": 446464, "continuous_screening_pass_fraction": 0.47812652587890625}
{"step": 3, "temperature": 0.18153858285685592, "pre_resample_ess": 3276.8000000000884, "mutation_acceptance": 0.450042724609375, "independence_acceptances": 49778, "proposal_scale": 1.472250539346069, "root_count": 2072, "log_normalizer": -1.4742195034810734, "elapsed_s": 2.153981866002141, "evaluations": 320479, "mean": [-0.17591567398184252, -0.09329154046657168, -0.022504045964360862], "block_acceptance": {"controls_0": 0.2760009765625, "controls_2": 0.5511474609375, "controls_4": 0.4752197265625, "controls_6": 0.7308349609375, "controls_8": 0.60235595703125, "controls_10": 0.70458984375, "whole_flight": 0.09033203125}, "global_independence_acceptances": 2783, "local_block_acceptance": {"controls_0": 0.20296223958333334, "controls_2": 0.234130859375, "controls_4": 0.2344970703125, "controls_6": null, "controls_8": 0.2421875, "controls_10": 0.3330078125, "whole_flight": 0.09033203125}, "first_coordinate_mean_squared_jump": {"controls_0": 0.212040896244314, "controls_2": 0.0, "controls_4": 0.0, "controls_6": 0.0, "controls_8": 0.0, "controls_10": 0.0, "whole_flight": 0.04280985446647981}, "block_proposal_scales": {"controls_0": 0.961261195698039, "controls_2": 0.9975219590069425, "controls_4": 0.9932691767948862, "controls_6": 0.9380388960661069, "controls_8": 0.9947859421858527, "controls_10": 1.2964691548514526, "whole_flight": 0.6721479143126551}, "categorical_mode_change_fraction": 0.456298828125, "coarse_evaluations": 593920, "continuous_screening_pass_fraction": 0.4967498779296875}
{"step": 4, "temperature": 0.3322420469906253, "pre_resample_ess": 3276.8000000000525, "mutation_acceptance": 0.368988037109375, "independence_acceptances": 39935, "proposal_scale": 1.5624986329851374, "root_count": 1877, "log_normalizer": -1.5542864500517783, "elapsed_s": 2.6632608820000314, "evaluations": 378240, "mean": [-0.14051238108247038, -0.10175147644768293, -0.01445471884063439], "block_acceptance": {"controls_0": 0.20977783203125, "controls_2": 0.462646484375, "controls_4": 0.516357421875, "controls_6": 0.4256591796875, "controls_8": 0.52783203125, "controls_10": 0.64556884765625, "whole_flight": 0.07269287109375}, "global_independence_acceptances": 1497, "local_block_acceptance": {"controls_0": 0.151611328125, "controls_2": 0.203857421875, "controls_4": 0.188720703125, "controls_6": 0.2164306640625, "controls_8": 0.20068359375, "controls_10": 0.2861328125, "whole_flight": 0.07269287109375}, "first_coordinate_mean_squared_jump": {"controls_0": 0.10903519765633554, "controls_2": 0.0, "controls_4": 0.0, "controls_6": 0.0, "controls_8": 0.0, "controls_10": 0.0, "whole_flight": 0.021895923150351812}, "block_proposal_scales": {"controls_0": 0.9151169138702343, "controls_2": 0.9747712942687732, "controls_4": 0.9632972675313539, "controls_6": 0.9224256230084478, "controls_8": 0.9705562661728859, "controls_10": 1.3201045537835125, "whole_flight": 0.6151246083176877}, "categorical_mode_change_fraction": 0.394287109375, "coarse_evaluations": 741376, "continuous_screening_pass_fraction": 0.4233551025390625}
{"step": 5, "temperature": 0.5251167768002121, "pre_resample_ess": 3276.800000000001, "mutation_acceptance": 0.29262542724609375, "independence_acceptances": 30017, "proposal_scale": 1.5961571216985782, "root_count": 1694, "log_normalizer": -1.346043414979878, "elapsed_s": 3.2147233270006836, "evaluations": 427487, "mean": [-0.08622155556950067, -0.0958068271113834, -0.007636197293328543], "block_acceptance": {"controls_0": 0.2547607421875, "controls_2": 0.30126953125, "controls_4": 0.443603515625, "controls_6": 0.27679443359375, "controls_8": 0.35870361328125, "controls_10": 0.59423828125, "whole_flight": 0.06866455078125}, "global_independence_acceptances": 704, "local_block_acceptance": {"controls_0": 0.138671875, "controls_2": 0.16015625, "controls_4": 0.16748046875, "controls_6": 0.18400065104166666, "controls_8": 0.1634521484375, "controls_10": 0.255615234375, "whole_flight": 0.06866455078125}, "first_coordinate_mean_squared_jump": {"controls_0": 0.10881361322225822, "controls_2": 0.0, "controls_4": 0.0, "controls_6": 0.0, "controls_8": 0.0, "controls_10": 0.0, "whole_flight": 0.018394381869261473}, "block_proposal_scales": {"controls_0": 0.8655695844257878, "controls_2": 0.9319517085673538, "controls_4": 0.9243606298691811, "controls_6": 0.8924826491352574, "controls_8": 0.9294522662557028, "controls_10": 1.3238161098942822, "whole_flight": 0.5618063052033183}, "categorical_mode_change_fraction": 0.36474609375, "coarse_evaluations": 888832, "continuous_screening_pass_fraction": 0.357574462890625}
{"step": 6, "temperature": 0.740553624551455, "pre_resample_ess": 3276.8000000000097, "mutation_acceptance": 0.24193572998046875, "independence_acceptances": 22705, "proposal_scale": 1.5897341585165496, "root_count": 1514, "log_normalizer": -0.852913736279854, "elapsed_s": 3.7494305610016454, "evaluations": 471478, "mean": [-0.021224610115405496, -0.051048591392753744, -0.005142513706239253], "block_acceptance": {"controls_0": 0.16839599609375, "controls_2": 0.2073974609375, "controls_4": 0.46771240234375, "controls_6": 0.32989501953125, "controls_8": 0.23583984375, "controls_10": 0.4349365234375, "whole_flight": 0.0677490234375}, "global_independence_acceptances": 386, "local_block_acceptance": {"controls_0": 0.114990234375, "controls_2": 0.16007486979166666, "controls_4": null, "controls_6": 0.1685791015625, "controls_8": 0.151611328125, "controls_10": 0.2127685546875, "whole_flight": 0.0677490234375}, "first_coordinate_mean_squared_jump": {"controls_0": 0.05613112702940854, "controls_2": 0.0, "controls_4": 0.0, "controls_6": 0.0, "controls_8": 0.0, "controls_10": 0.0, "whole_flight": 0.013898421537478504}, "block_proposal_scales": {"controls_0": 0.8090679341482118, "controls_2": 0.8909768395813379, "controls_4": 0.9243606298691811, "controls_6": 0.8568789186565847, "controls_8": 0.8848349369475637, "controls_10": 1.2994002805927864, "whole_flight": 0.5128747429371528}, "categorical_mode_change_fraction": 0.34375, "coarse_evaluations": 1036288, "continuous_screening_pass_fraction": 0.31632232666015625}
{"step": 7, "temperature": 0.9774645504636619, "pre_resample_ess": 3276.8000000000175, "mutation_acceptance": 0.20253753662109375, "independence_acceptances": 18206, "proposal_scale": 1.552451935090772, "root_count": 1308, "log_normalizer": -0.048485857611488825, "elapsed_s": 4.284027137000521, "evaluations": 512263, "mean": [0.06078568627377924, 0.0020047555333916082, 0.00190425340620048], "block_acceptance": {"controls_0": 0.13897705078125, "controls_2": 0.19097900390625, "controls_4": 0.3282470703125, "controls_6": 0.2271728515625, "controls_8": 0.14483642578125, "controls_10": 0.50970458984375, "whole_flight": 0.06842041015625}, "global_independence_acceptances": 196, "local_block_acceptance": {"controls_0": 0.103515625, "controls_2": 0.143310546875, "controls_4": 0.1298828125, "controls_6": 0.15519205729166666, "controls_8": 0.14483642578125, "controls_10": 0.19775390625, "whole_flight": 0.06842041015625}, "first_coordinate_mean_squared_jump": {"controls_0": 0.04040864946272307, "controls_2": 0.0, "controls_4": 0.0, "controls_6": 0.0, "controls_8": 0.0, "controls_10": 0.0, "whole_flight": 0.010857082329444016}, "block_proposal_scales": {"controls_0": 0.7519280934924176, "controls_2": 0.8446933877997155, "controls_4": 0.8704790513261725, "controls_6": 0.8172071825687686, "controls_8": 0.8395107893752056, "controls_10": 1.2658955147582793, "whole_flight": 0.46836216553328414}, "categorical_mode_change_fraction": 0.33056640625, "coarse_evaluations": 1183744, "continuous_screening_pass_fraction": 0.2911224365234375}
{"step": 8, "temperature": 1.0, "pre_resample_ess": 4087.7357346638014, "mutation_acceptance": 0.23485565185546875, "independence_acceptances": 23407, "proposal_scale": 1.5407408937782103, "root_count": 1280, "log_normalizer": 0.03970352130903976, "elapsed_s": 4.780231848002586, "evaluations": 558532, "mean": [0.0790691532828067, -0.008364678226119703, 0.007096068027749312], "block_acceptance": {"controls_0": 0.13861083984375, "controls_2": 0.216064453125, "controls_4": 0.3294677734375, "controls_6": 0.29296875, "controls_8": 0.2923583984375, "controls_10": 0.50909423828125, "whole_flight": 0.090576171875}, "global_independence_acceptances": 159, "local_block_acceptance": {"controls_0": 0.1279296875, "controls_2": 0.162109375, "controls_4": 0.1474609375, "controls_6": 0.1749267578125, "controls_8": 0.1640625, "controls_10": 0.195068359375, "whole_flight": 0.090576171875}, "first_coordinate_mean_squared_jump": {"controls_0": 0.03483181903244746, "controls_2": 0.0, "controls_4": 0.0, "controls_6": 0.0, "controls_8": 0.0, "controls_10": 0.0, "whole_flight": 0.012689559490293208}, "block_proposal_scales": {"controls_0": 0.7074065547992736, "controls_2": 0.8083768872084783, "controls_4": 0.826974750041111, "controls_6": 0.7871005713599853, "controls_8": 0.8042020781489428, "controls_10": 1.2315997920429187, "whole_flight": 0.4324773437291511}, "categorical_mode_change_fraction": 0.351806640625, "coarse_evaluations": 1331200, "continuous_screening_pass_fraction": 0.33258056640625}
{
  "ordered_times": {
    "draws": 100000,
    "expected_four_time_means": [
      0.2,
      0.4,
      0.6,
      0.8
    ],
    "maximum_mean_error": 0.0003393057065845251,
    "log_density_identity_error": 1.3322676295501878e-15,
    "request_encode_roundtrip_error": 8.081313396246514e-13
  },
  "exact_categorical_update": [
    {
      "temperature": 0.37,
      "expected": [
        0.20000000000149157,
        0.20000000000149157,
        0.19999999999900184,
        0.19999999999901322,
        0.19999999999901322
      ],
      "observed": [
        0.20043333333333332,
        0.20096666666666665,
        0.20136666666666667,
        0.19823333333333334,
        0.199
      ],
      "maximum_error": 0.0017666666656798724,
      "draws": 30000
    },
    {
      "temperature": 1.0,
      "expected": [
        0.1999999999999909,
        0.1999999999999909,
        0.1999999999999909,
        0.1999999999999909,
        0.1999999999999909
      ],
      "observed": [
        0.20183333333333334,
        0.20193333333333333,
        0.19633333333333333,
        0.19946666666666665,
        0.20043333333333332
      ],
      "maximum_error": 0.0036666666666575753,
      "draws": 30000
    }
  ],
  "deterministic_dynamics_control": [
    {
      "seed": 37091102,
      "particles": 4096,
      "mode_frequencies": [
        0.20361328125,
        0.191162109375,
        0.208984375,
        0.193115234375,
        0.203125
      ],
      "expected_mode_frequencies": [
        0.2,
        0.2,
        0.2,
        0.2,
        0.2
      ],
      "maximum_standardized_mean_error": 0.042059475346890224,
      "maximum_standardized_variance_error": 0.033338631688745624,
      "log_normalizer": 0.06220399874558691,
      "expected_log_normalizer": 0.0,
      "elapsed_s": 4.303322892999859,
      "final_acceptance": 0.2108154296875,
      "passed": true
    },
    {
      "seed": 37091103,
      "particles": 4096,
      "mode_frequencies": [
        0.192626953125,
        0.18701171875,
        0.205810546875,
        0.214599609375,
        0.199951171875
      ],
      "expected_mode_frequencies": [
        0.2,
        0.2,
        0.2,
        0.2,
        0.2
      ],
      "maximum_standardized_mean_error": 0.037781924256359734,
      "maximum_standardized_variance_error": 0.04261351158894877,
      "log_normalizer": 0.03970352130903976,
      "expected_log_normalizer": 0.0,
      "elapsed_s": 4.780576821001887,
      "final_acceptance": 0.23485565185546875,
      "passed": true
    }
  ],
  "passed": true,
  "elapsed_s": 9.788829386001453,
  "scope": "Numerical proposal/weight and control-space smoothing check, not MH370 validation or physical calibration.",
  "source_sha256": {
    "/tmp/mh370-command-sampler/forward_backward_control.py": "4fd4fa6dfbcc981707ab717c5605b3014f1629e65976913dce4eaea46733061c",
    "/tmp/mh370-command-sampler/sampler.py": "7a5b8089503309dd5788d648e770f83fae63b0d5fd4d6c68e5f5420f2bfbf430"
  }
}
