{"step": 0, "temperature": 0.00030129255068800376, "pre_resample_ess": 3276.800000071445, "mutation_acceptance": 0.7271957397460938, "independence_acceptances": 73846, "proposal_scale": 1.015574354098544, "root_count": 3097, "log_normalizer": -0.47790099851029133, "elapsed_s": 0.5298774559996673, "evaluations": 105444, "mean": [-0.18363015778718667, -0.10074622939756915, -0.061421395213832934], "block_acceptance": {"controls_0": 0.6771240234375, "controls_2": 0.93048095703125, "controls_4": 0.8546142578125, "controls_6": 0.86468505859375, "controls_8": 0.7423095703125, "controls_10": 0.82281494140625, "whole_flight": 0.23406982421875}, "global_independence_acceptances": 11329, "local_block_acceptance": {"controls_0": 0.4879150390625, "controls_2": null, "controls_4": 0.506103515625, "controls_6": 0.5126953125, "controls_8": 0.49951171875, "controls_10": 0.65576171875, "whole_flight": 0.23406982421875}, "block_proposal_scales": {"controls_0": 0.9010576564660335, "controls_2": 0.8, "controls_4": 0.9092894637733089, "controls_6": 0.9122913337079792, "controls_8": 0.9062974714103874, "controls_10": 0.9799412168338041, "whole_flight": 0.793653239494683}, "categorical_mode_change_fraction": 0.69970703125, "coarse_evaluations": 151552, "continuous_screening_pass_fraction": 0.7493438720703125}
{"step": 1, "temperature": 0.0007528035102086126, "pre_resample_ess": 3276.8000000419556, "mutation_acceptance": 0.579742431640625, "independence_acceptances": 42384, "proposal_scale": 1.1976071619758426, "root_count": 2546, "log_normalizer": -0.8129200620067918, "elapsed_s": 1.1005742369998188, "evaluations": 187695, "mean": [-0.2145811052121088, -0.08145644796518789, -0.0021395318000562683], "block_acceptance": {"controls_0": 0.75323486328125, "controls_2": 0.49530029296875, "controls_4": 0.57171630859375, "controls_6": 0.84393310546875, "controls_8": 0.58038330078125, "controls_10": 0.68023681640625, "whole_flight": 0.2364501953125}, "global_independence_acceptances": 7810, "local_block_acceptance": {"controls_0": 0.437744140625, "controls_2": 0.49530029296875, "controls_4": 0.4409993489583333, "controls_6": 0.4443359375, "controls_8": 0.4464518229166667, "controls_10": 0.5775553385416666, "whole_flight": 0.2364501953125}, "block_proposal_scales": {"controls_0": 0.9897390450379291, "controls_2": 0.9043910770061505, "controls_4": 1.0004079641722137, "controls_6": 1.005386529147309, "controls_8": 0.9998382326048798, "controls_10": 1.1543240993724764, "whole_flight": 0.7882944893038116}, "categorical_mode_change_fraction": 0.54052734375, "coarse_evaluations": 299008, "continuous_screening_pass_fraction": 0.6064300537109375}
{"step": 2, "temperature": 0.01696374886244469, "pre_resample_ess": 3276.800000000313, "mutation_acceptance": 0.49483489990234375, "independence_acceptances": 38300, "proposal_scale": 1.353566531923492, "root_count": 2261, "log_normalizer": -1.197802310604695, "elapsed_s": 1.6697723729994323, "evaluations": 258771, "mean": [-0.1918063593571779, -0.07953608195984041, -0.05734031902759136], "block_acceptance": {"controls_0": 0.58087158203125, "controls_2": 0.5146484375, "controls_4": 0.50146484375, "controls_6": 0.501953125, "controls_8": 0.50921630859375, "controls_10": 0.84564208984375, "whole_flight": 0.19561767578125}, "global_independence_acceptances": 5067, "local_block_acceptance": {"controls_0": 0.3564453125, "controls_2": 0.41259765625, "controls_4": 0.362548828125, "controls_6": 0.3563639322916667, "controls_8": 0.3661295572916667, "controls_10": 0.495849609375, "whole_flight": 0.19561767578125}, "block_proposal_scales": {"controls_0": 1.0438425822223136, "controls_2": 0.9809884661682158, "controls_4": 1.0583195236163765, "controls_6": 1.0603022827032504, "controls_8": 1.0596122063965376, "controls_10": 1.3053089838972023, "whole_flight": 0.7671486390256796}, "categorical_mode_change_fraction": 0.427490234375, "coarse_evaluations": 446464, "continuous_screening_pass_fraction": 0.5241012573242188}
{"step": 3, "temperature": 0.07390961604118729, "pre_resample_ess": 3276.8000000003585, "mutation_acceptance": 0.49587249755859375, "independence_acceptances": 52476, "proposal_scale": 1.5306297210445658, "root_count": 2020, "log_normalizer": -1.599984817540312, "elapsed_s": 2.1824747800001205, "evaluations": 331360, "mean": [-0.18018935696102859, -0.11553336883535015, -0.003059373260800323], "block_acceptance": {"controls_0": 0.44085693359375, "controls_2": 0.5064697265625, "controls_4": 0.54803466796875, "controls_6": 0.69366455078125, "controls_8": 0.6904296875, "controls_10": 0.7684326171875, "whole_flight": 0.13275146484375}, "global_independence_acceptances": 3053, "local_block_acceptance": {"controls_0": 0.2486572265625, "controls_2": 0.293212890625, "controls_4": 0.2723388671875, "controls_6": 0.26513671875, "controls_8": 0.252197265625, "controls_10": 0.379638671875, "whole_flight": 0.13275146484375}, "block_proposal_scales": {"controls_0": 1.0431419953848093, "controls_2": 1.0024147795025171, "controls_4": 1.0702066157171406, "controls_6": 1.0683574752708493, "controls_8": 1.0607769708420742, "controls_10": 1.3927206244794905, "whole_flight": 0.7234679942794559}, "categorical_mode_change_fraction": 0.42529296875, "coarse_evaluations": 593920, "continuous_screening_pass_fraction": 0.5360641479492188}
{"step": 4, "temperature": 0.17779209284477177, "pre_resample_ess": 3276.8000000000625, "mutation_acceptance": 0.33951568603515625, "independence_acceptances": 30622, "proposal_scale": 1.6006936653330148, "root_count": 1837, "log_normalizer": -1.8442547060693002, "elapsed_s": 2.7230780190002406, "evaluations": 384140, "mean": [-0.15573561417441492, -0.10028902596884691, -0.05638053184466815], "block_acceptance": {"controls_0": 0.3984375, "controls_2": 0.4239501953125, "controls_4": 0.46063232421875, "controls_6": 0.34014892578125, "controls_8": 0.466552734375, "controls_10": 0.43389892578125, "whole_flight": 0.09552001953125}, "global_independence_acceptances": 1589, "local_block_acceptance": {"controls_0": 0.18408203125, "controls_2": 0.2353515625, "controls_4": 0.2076416015625, "controls_6": 0.207763671875, "controls_8": 0.20556640625, "controls_10": 0.3006184895833333, "whole_flight": 0.09552001953125}, "block_proposal_scales": {"controls_0": 1.009321500764657, "controls_2": 0.9950996957170608, "controls_4": 1.0477788361447335, "controls_6": 1.0460322899968417, "controls_8": 1.037469768706938, "controls_10": 1.4284191778416158, "whole_flight": 0.6696909367404508}, "categorical_mode_change_fraction": 0.40673828125, "coarse_evaluations": 741376, "continuous_screening_pass_fraction": 0.38471221923828125}
{"step": 5, "temperature": 0.3338522060981165, "pre_resample_ess": 3276.8000000001157, "mutation_acceptance": 0.30782318115234375, "independence_acceptances": 30085, "proposal_scale": 1.6476477532864262, "root_count": 1679, "log_normalizer": -1.8471534454900702, "elapsed_s": 3.250914838999961, "evaluations": 433267, "mean": [-0.15018138734809588, -0.06789571988017726, -0.04012336684565397], "block_acceptance": {"controls_0": 0.18963623046875, "controls_2": 0.3477783203125, "controls_4": 0.5032958984375, "controls_6": 0.29022216796875, "controls_8": 0.6343994140625, "controls_10": 0.37432861328125, "whole_flight": 0.07562255859375}, "global_independence_acceptances": 775, "local_block_acceptance": {"controls_0": 0.13346354166666666, "controls_2": 0.1876220703125, "controls_4": 0.173583984375, "controls_6": 0.17529296875, "controls_8": null, "controls_10": 0.24259440104166666, "whole_flight": 0.07562255859375}, "block_proposal_scales": {"controls_0": 0.9521907415576413, "controls_2": 0.9645425659159291, "controls_4": 1.0085004469575445, "controls_6": 1.007680061053923, "controls_8": 1.037469768706938, "controls_10": 1.4231398083092464, "whole_flight": 0.6137744999772541}, "categorical_mode_change_fraction": 0.371337890625, "coarse_evaluations": 888832, "continuous_screening_pass_fraction": 0.35701751708984375}
{"step": 6, "temperature": 0.5355808116105396, "pre_resample_ess": 3276.800000000088, "mutation_acceptance": 0.24839019775390625, "independence_acceptances": 22824, "proposal_scale": 1.6463220933435796, "root_count": 1534, "log_normalizer": -1.5188235110630863, "elapsed_s": 3.7776201130000118, "evaluations": 475485, "mean": [-0.11273897112112467, -0.05201387096334635, 0.002044313028044374], "block_acceptance": {"controls_0": 0.24102783203125, "controls_2": 0.28741455078125, "controls_4": 0.34063720703125, "controls_6": 0.4490966796875, "controls_8": 0.3516845703125, "controls_10": 0.22314453125, "whole_flight": 0.06707763671875}, "global_independence_acceptances": 443, "local_block_acceptance": {"controls_0": 0.12158203125, "controls_2": 0.172119140625, "controls_4": 0.1529541015625, "controls_6": 0.14453125, "controls_8": 0.1495361328125, "controls_10": 0.22314453125, "whole_flight": 0.06707763671875}, "block_proposal_scales": {"controls_0": 0.8929730391740365, "controls_2": 0.9277047587878856, "controls_4": 0.9607333041555671, "controls_6": 0.9559175107490967, "controls_8": 0.9866429088490049, "controls_10": 1.4041579915885676, "whole_flight": 0.5601286083713879}, "categorical_mode_change_fraction": 0.3583984375, "coarse_evaluations": 1036288, "continuous_screening_pass_fraction": 0.30376434326171875}
{"step": 7, "temperature": 0.7638947377603387, "pre_resample_ess": 3276.8000000000816, "mutation_acceptance": 0.2716064453125, "independence_acceptances": 30002, "proposal_scale": 1.6642040951891477, "root_count": 1409, "log_normalizer": -0.8814626387982099, "elapsed_s": 4.271236996999505, "evaluations": 522312, "mean": [-0.053107535022528254, -0.010520533718803377, 0.009039706110877496], "block_acceptance": {"controls_0": 0.159423828125, "controls_2": 0.267822265625, "controls_4": 0.37774658203125, "controls_6": 0.22747802734375, "controls_8": 0.39776611328125, "controls_10": 0.6575927734375, "whole_flight": 0.07110595703125}, "global_independence_acceptances": 228, "local_block_acceptance": {"controls_0": 0.1175537109375, "controls_2": 0.150634765625, "controls_4": 0.138671875, "controls_6": 0.142578125, "controls_8": 0.130126953125, "controls_10": null, "whole_flight": 0.07110595703125}, "block_proposal_scales": {"controls_0": 0.8357531084064119, "controls_2": 0.8827401859159644, "controls_4": 0.9087161587965888, "controls_6": 0.9059287730421726, "controls_8": 0.9292442822270977, "controls_10": 1.4041579915885676, "whole_flight": 0.5122021614466257}, "categorical_mode_change_fraction": 0.32275390625, "coarse_evaluations": 1183744, "continuous_screening_pass_fraction": 0.33817291259765625}
{"step": 8, "temperature": 1.0, "pre_resample_ess": 3351.9722414684993, "mutation_acceptance": 0.20467376708984375, "independence_acceptances": 19379, "proposal_scale": 1.6269122152153512, "root_count": 1248, "log_normalizer": 0.005344781490013162, "elapsed_s": 4.788772177000283, "evaluations": 561328, "mean": [0.02284779625238216, 0.025786590208975578, 0.020078433401398404], "block_acceptance": {"controls_0": 0.11181640625, "controls_2": 0.19830322265625, "controls_4": 0.26275634765625, "controls_6": 0.35455322265625, "controls_8": 0.12774658203125, "controls_10": 0.50701904296875, "whole_flight": 0.069091796875}, "global_independence_acceptances": 100, "local_block_acceptance": {"controls_0": 0.10001627604166667, "controls_2": 0.145263671875, "controls_4": 0.13623046875, "controls_6": 0.135498046875, "controls_8": 0.12774658203125, "controls_10": 0.177734375, "whole_flight": 0.069091796875}, "block_proposal_scales": {"controls_0": 0.7753708124610397, "controls_2": 0.8377022717606956, "controls_4": 0.8584668135239456, "controls_6": 0.855520203817688, "controls_8": 0.8741438472515888, "controls_10": 1.3543274935373044, "whole_flight": 0.4679050038658082}, "categorical_mode_change_fraction": 0.33349609375, "coarse_evaluations": 1331200, "continuous_screening_pass_fraction": 0.2774810791015625}
{"step": 0, "temperature": 0.00030202303571513767, "pre_resample_ess": 3276.8000000453494, "mutation_acceptance": 0.671539306640625, "independence_acceptances": 57412, "proposal_scale": 0.9877023438881273, "root_count": 3124, "log_normalizer": -0.4817048374258528, "elapsed_s": 0.5540671359995031, "evaluations": 98251, "mean": [-0.15561334945063426, -0.17886902484833272, 0.012672610613702902], "block_acceptance": {"controls_0": 0.77288818359375, "controls_2": 0.8206787109375, "controls_4": 0.8541259765625, "controls_6": 0.7384033203125, "controls_8": 0.61822509765625, "controls_10": 0.64276123046875, "whole_flight": 0.2347412109375}, "global_independence_acceptances": 11313, "local_block_acceptance": {"controls_0": 0.4873046875, "controls_2": 0.49609375, "controls_4": 0.4990234375, "controls_6": 0.4962158203125, "controls_8": 0.4959309895833333, "controls_10": 0.64276123046875, "whole_flight": 0.2347412109375}, "block_proposal_scales": {"controls_0": 0.900782717446269, "controls_2": 0.904749945917734, "controls_4": 0.9060762343868529, "controls_6": 0.9048051691573126, "controls_8": 0.9046763201745254, "controls_10": 0.9735920177092622, "whole_flight": 0.7939197083402364}, "categorical_mode_change_fraction": 0.71044921875, "coarse_evaluations": 151552, "continuous_screening_pass_fraction": 0.694183349609375}
{"step": 1, "temperature": 0.0007560910415729644, "pre_resample_ess": 3276.8000000474817, "mutation_acceptance": 0.5961151123046875, "independence_acceptances": 49361, "proposal_scale": 1.174313425578026, "root_count": 2566, "log_normalizer": -0.8160503645244797, "elapsed_s": 1.1027715919990442, "evaluations": 183029, "mean": [-0.17962281698859917, -0.14334031536424066, 0.03444388524546157], "block_acceptance": {"controls_0": 0.75384521484375, "controls_2": 0.7803955078125, "controls_4": 0.5740966796875, "controls_6": 0.71759033203125, "controls_8": 0.4454345703125, "controls_10": 0.78765869140625, "whole_flight": 0.23297119140625}, "global_independence_acceptances": 7814, "local_block_acceptance": {"controls_0": 0.438720703125, "controls_2": 0.455078125, "controls_4": 0.4435221354166667, "controls_6": 0.455810546875, "controls_8": 0.4454345703125, "controls_10": 0.5875244140625, "whole_flight": 0.23297119140625}, "block_proposal_scales": {"controls_0": 0.9899202882625173, "controls_2": 1.002445371240655, "controls_4": 0.9981309839340019, "controls_6": 1.0028737536155468, "controls_8": 0.9975422538496018, "controls_10": 1.152575808252937, "whole_flight": 0.7871886510995126}, "categorical_mode_change_fraction": 0.534912109375, "coarse_evaluations": 299008, "continuous_screening_pass_fraction": 0.6258163452148438}
{"step": 2, "temperature": 0.01474629960322038, "pre_resample_ess": 3276.8000000002653, "mutation_acceptance": 0.5456390380859375, "independence_acceptances": 49176, "proposal_scale": 1.3613858349377241, "root_count": 2252, "log_normalizer": -1.1826370782453868, "elapsed_s": 1.6416781659991102, "evaluations": 261181, "mean": [-0.20320450004885018, -0.04668512146335123, -0.08960706002416752], "block_acceptance": {"controls_0": 0.70458984375, "controls_2": 0.59503173828125, "controls_4": 0.5123291015625, "controls_6": 0.653564453125, "controls_8": 0.65704345703125, "controls_10": 0.72613525390625, "whole_flight": 0.19805908203125}, "global_independence_acceptances": 5216, "local_block_acceptance": {"controls_0": 0.3779296875, "controls_2": 0.3621826171875, "controls_4": 0.3722330729166667, "controls_6": 0.3646240234375, "controls_8": 0.3712158203125, "controls_10": 0.48583984375, "whole_flight": 0.19805908203125}, "block_proposal_scales": {"controls_0": 1.05530939332344, "controls_2": 1.0602807110175243, "controls_4": 1.0610359812109118, "controls_6": 1.0620294402996708, "controls_8": 1.0598709323643396, "controls_10": 1.296825289645364, "whole_flight": 0.7670081827740761}, "categorical_mode_change_fraction": 0.418701171875, "coarse_evaluations": 446464, "continuous_screening_pass_fraction": 0.5781784057617188}
{"step": 3, "temperature": 0.07031920882334859, "pre_resample_ess": 3276.800000000437, "mutation_acceptance": 0.476715087890625, "independence_acceptances": 48625, "proposal_scale": 1.524796138035559, "root_count": 1990, "log_normalizer": -1.5996905643001842, "elapsed_s": 2.158352644999468, "evaluations": 331439, "mean": [-0.13996268423819103, -0.1335049353307043, -0.06782575283201617], "block_acceptance": {"controls_0": 0.54736328125, "controls_2": 0.4974365234375, "controls_4": 0.68634033203125, "controls_6": 0.6990966796875, "controls_8": 0.27423095703125, "controls_10": 0.77349853515625, "whole_flight": 0.137451171875}, "global_independence_acceptances": 3249, "local_block_acceptance": {"controls_0": 0.248291015625, "controls_2": 0.26904296875, "controls_4": 0.27783203125, "controls_6": 0.27734375, "controls_8": 0.27423095703125, "controls_10": 0.395263671875, "whole_flight": 0.137451171875}, "block_proposal_scales": {"controls_0": 1.054408024852453, "controls_2": 1.0704243719610673, "controls_4": 1.0759045904552023, "controls_6": 1.0766490853084905, "controls_8": 1.0727898774505211, "controls_10": 1.3945210580551757, "whole_flight": 0.7250372666379951}, "categorical_mode_change_fraction": 0.4384765625, "coarse_evaluations": 593920, "continuous_screening_pass_fraction": 0.5170974731445312}
{"step": 4, "temperature": 0.16608571345136186, "pre_resample_ess": 3276.8000000002394, "mutation_acceptance": 0.391815185546875, "independence_acceptances": 40366, "proposal_scale": 1.6368412441230729, "root_count": 1800, "log_normalizer": -1.8725418105968483, "elapsed_s": 2.6746610640002473, "evaluations": 391719, "mean": [-0.16373078154532258, -0.09807893436402322, -0.03573237569571428], "block_acceptance": {"controls_0": 0.41448974609375, "controls_2": 0.5286865234375, "controls_4": 0.59881591796875, "controls_6": 0.211181640625, "controls_8": 0.60797119140625, "controls_10": 0.57220458984375, "whole_flight": 0.09613037109375}, "global_independence_acceptances": 1721, "local_block_acceptance": {"controls_0": 0.185791015625, "controls_2": 0.21728515625, "controls_4": 0.223876953125, "controls_6": 0.211181640625, "controls_8": 0.20556640625, "controls_10": 0.3106689453125, "whole_flight": 0.09613037109375}, "block_proposal_scales": {"controls_0": 1.0210944103034865, "controls_2": 1.0530574154717203, "controls_4": 1.0619430156392398, "controls_6": 1.0559536996672658, "controls_8": 1.0492187298770415, "controls_10": 1.4374712614002967, "whole_flight": 0.6713484094536198}, "categorical_mode_change_fraction": 0.419677734375, "coarse_evaluations": 741376, "continuous_screening_pass_fraction": 0.44171142578125}
{"step": 5, "temperature": 0.3139011458416182, "pre_resample_ess": 3276.800000000082, "mutation_acceptance": 0.26140594482421875, "independence_acceptances": 21856, "proposal_scale": 1.6462027734803706, "root_count": 1637, "log_normalizer": -1.903004803880572, "elapsed_s": 3.2242248659986217, "evaluations": 434373, "mean": [-0.12817766269408468, -0.11023134643997709, -0.04187297649259775], "block_acceptance": {"controls_0": 0.24835205078125, "controls_2": 0.34686279296875, "controls_4": 0.285400390625, "controls_6": 0.29058837890625, "controls_8": 0.41046142578125, "controls_10": 0.38140869140625, "whole_flight": 0.07574462890625}, "global_independence_acceptances": 859, "local_block_acceptance": {"controls_0": 0.132568359375, "controls_2": 0.173828125, "controls_4": 0.16927083333333334, "controls_6": 0.17195638020833334, "controls_8": 0.1690673828125, "controls_10": 0.25048828125, "whole_flight": 0.07574462890625}, "block_proposal_scales": {"controls_0": 0.9628662006816504, "controls_2": 1.0137048823693957, "controls_4": 1.0199317165093607, "controls_6": 1.0155420703724192, "controls_8": 1.0076083090469614, "controls_10": 1.437822249375943, "whole_flight": 0.6153311362269727}, "categorical_mode_change_fraction": 0.38623046875, "coarse_evaluations": 888832, "continuous_screening_pass_fraction": 0.30710601806640625}
{"step": 6, "temperature": 0.5076341375502176, "pre_resample_ess": 3276.800000000121, "mutation_acceptance": 0.237152099609375, "independence_acceptances": 20727, "proposal_scale": 1.6356615432715835, "root_count": 1507, "log_normalizer": -1.6258170474043645, "elapsed_s": 3.774842732998877, "evaluations": 474556, "mean": [-0.09543215594214188, -0.07027941925749845, -0.03714927850078324], "block_acceptance": {"controls_0": 0.19793701171875, "controls_2": 0.15374755859375, "controls_4": 0.14544677734375, "controls_6": 0.35223388671875, "controls_8": 0.35906982421875, "controls_10": 0.58990478515625, "whole_flight": 0.07086181640625}, "global_independence_acceptances": 459, "local_block_acceptance": {"controls_0": 0.1124267578125, "controls_2": 0.15374755859375, "controls_4": 0.14544677734375, "controls_6": 0.1466064453125, "controls_8": 0.1568603515625, "controls_10": 0.216552734375, "whole_flight": 0.07086181640625}, "block_proposal_scales": {"controls_0": 0.8988604918489842, "controls_2": 0.9660744272223123, "controls_4": 0.9679828286396724, "controls_6": 0.9643757791535162, "controls_8": 0.9617600262650573, "controls_10": 1.4139765868400551, "whole_flight": 0.5626126968664811}, "categorical_mode_change_fraction": 0.345947265625, "coarse_evaluations": 1036288, "continuous_screening_pass_fraction": 0.28874969482421875}
{"step": 7, "temperature": 0.7315786290764197, "pre_resample_ess": 3276.800000000034, "mutation_acceptance": 0.2651519775390625, "independence_acceptances": 28182, "proposal_scale": 1.648100355410325, "root_count": 1387, "log_normalizer": -1.0104286572225636, "elapsed_s": 4.274779680999927, "evaluations": 521410, "mean": [-0.02396884199700993, -0.04105144742066395, -0.030783585723084147], "block_acceptance": {"controls_0": 0.1318359375, "controls_2": 0.22637939453125, "controls_4": 0.37933349609375, "controls_6": 0.48150634765625, "controls_8": 0.5042724609375, "controls_10": 0.32012939453125, "whole_flight": 0.06463623046875}, "global_independence_acceptances": 215, "local_block_acceptance": {"controls_0": 0.106201171875, "controls_2": 0.13916015625, "controls_4": 0.1416015625, "controls_6": null, "controls_8": null, "controls_10": 0.20247395833333334, "whole_flight": 0.06463623046875}, "block_proposal_scales": {"controls_0": 0.8365015947551415, "controls_2": 0.913991211684925, "controls_4": 0.9169153254741307, "controls_6": 0.9643757791535162, "controls_8": 0.9617600262650573, "controls_10": 1.380772311167446, "whole_flight": 0.5128121399780685}, "categorical_mode_change_fraction": 0.330322265625, "coarse_evaluations": 1183744, "continuous_screening_pass_fraction": 0.33884429931640625}
{"step": 8, "temperature": 0.9785907258658646, "pre_resample_ess": 3276.8000000000293, "mutation_acceptance": 0.16878509521484375, "independence_acceptances": 13315, "proposal_scale": 1.5825158210875792, "root_count": 1216, "log_normalizer": -0.07549029206329472, "elapsed_s": 4.82138526000017, "evaluations": 556625, "mean": [0.05776402218654089, -0.006273665305621827, 0.0036140545654376873], "block_acceptance": {"controls_0": 0.1185302734375, "controls_2": 0.1905517578125, "controls_4": 0.19976806640625, "controls_6": 0.2735595703125, "controls_8": 0.19586181640625, "controls_10": 0.2928466796875, "whole_flight": 0.070068359375}, "global_independence_acceptances": 149, "local_block_acceptance": {"controls_0": 0.10498046875, "controls_2": 0.1298828125, "controls_4": 0.13240559895833334, "controls_6": 0.117919921875, "controls_8": 0.11678059895833333, "controls_10": 0.18229166666666666, "whole_flight": 0.070068359375}, "block_proposal_scales": {"controls_0": 0.777993882674846, "controls_2": 0.8607140732297849, "controls_4": 0.8645575981215567, "controls_6": 0.9027457858223269, "controls_8": 0.8997844782890256, "controls_10": 1.334809815938499, "whole_flight": 0.4686910263506746}, "categorical_mode_change_fraction": 0.345703125, "coarse_evaluations": 1331200, "continuous_screening_pass_fraction": 0.248382568359375}
{"step": 9, "temperature": 1.0, "pre_resample_ess": 4089.1657551054764, "mutation_acceptance": 0.1899566650390625, "independence_acceptances": 14605, "proposal_scale": 1.5357121349711056, "root_count": 1196, "log_normalizer": 0.016402195436992173, "elapsed_s": 5.369851461999133, "evaluations": 594827, "mean": [0.06143427664899895, 0.0026233610602367707, 0.014470334012038578], "block_acceptance": {"controls_0": 0.12664794921875, "controls_2": 0.16778564453125, "controls_4": 0.15753173828125, "controls_6": 0.28179931640625, "controls_8": 0.28302001953125, "controls_10": 0.4056396484375, "whole_flight": 0.0902099609375}, "global_independence_acceptances": 115, "local_block_acceptance": {"controls_0": 0.11767578125, "controls_2": 0.155029296875, "controls_4": 0.15753173828125, "controls_6": 0.13720703125, "controls_8": 0.1356201171875, "controls_10": 0.19677734375, "whole_flight": 0.0902099609375}, "block_proposal_scales": {"controls_0": 0.7281860304510347, "controls_2": 0.8207979779243832, "controls_4": 0.8254954883413412, "controls_6": 0.8532431056219717, "controls_8": 0.8497696601257779, "controls_10": 1.2997572205549954, "whole_flight": 0.43270177067945426}, "categorical_mode_change_fraction": 0.31396484375, "coarse_evaluations": 1478656, "continuous_screening_pass_fraction": 0.27179718017578125}
{
  "ordered_times": {
    "draws": 100000,
    "expected_four_time_means": [
      0.2,
      0.4,
      0.6,
      0.8
    ],
    "maximum_mean_error": 0.0003393057065845251,
    "log_density_identity_error": 1.3322676295501878e-15,
    "request_encode_roundtrip_error": 8.081313396246514e-13
  },
  "exact_categorical_update": [
    {
      "temperature": 0.37,
      "expected": [
        0.20000000000149157,
        0.20000000000149157,
        0.19999999999900184,
        0.19999999999901322,
        0.19999999999901322
      ],
      "observed": [
        0.20043333333333332,
        0.20096666666666665,
        0.20136666666666667,
        0.19823333333333334,
        0.199
      ],
      "maximum_error": 0.0017666666656798724,
      "draws": 30000
    },
    {
      "temperature": 1.0,
      "expected": [
        0.1999999999999909,
        0.1999999999999909,
        0.1999999999999909,
        0.1999999999999909,
        0.1999999999999909
      ],
      "observed": [
        0.20183333333333334,
        0.20193333333333333,
        0.19633333333333333,
        0.19946666666666665,
        0.20043333333333332
      ],
      "maximum_error": 0.0036666666666575753,
      "draws": 30000
    }
  ],
  "deterministic_dynamics_control": [
    {
      "seed": 37091102,
      "particles": 4096,
      "mode_frequencies": [
        0.200927734375,
        0.224365234375,
        0.18896484375,
        0.19873046875,
        0.18701171875
      ],
      "expected_mode_frequencies": [
        0.2,
        0.2,
        0.2,
        0.2,
        0.2
      ],
      "maximum_standardized_mean_error": 0.021910132103526714,
      "maximum_standardized_variance_error": 0.034361168886221094,
      "log_normalizer": 0.005344781490013162,
      "expected_log_normalizer": 0.0,
      "elapsed_s": 4.789167152999653,
      "final_acceptance": 0.20467376708984375,
      "passed": true
    },
    {
      "seed": 37091103,
      "particles": 4096,
      "mode_frequencies": [
        0.195556640625,
        0.1982421875,
        0.1982421875,
        0.2041015625,
        0.203857421875
      ],
      "expected_mode_frequencies": [
        0.2,
        0.2,
        0.2,
        0.2,
        0.2
      ],
      "maximum_standardized_mean_error": 0.045233377068429705,
      "maximum_standardized_variance_error": 0.0482984505825339,
      "log_normalizer": 0.016402195436992173,
      "expected_log_normalizer": 0.0,
      "elapsed_s": 5.370190136000019,
      "final_acceptance": 0.1899566650390625,
      "passed": true
    }
  ],
  "passed": true,
  "elapsed_s": 10.86450669900114,
  "scope": "Numerical proposal/weight and control-space smoothing check, not MH370 validation or physical calibration.",
  "source_sha256": {
    "/tmp/mh370-command-sampler/forward_backward_control.py": "fce4398ae00637994d7ea6781f4c2ae2ddb07a67907c7654fb540e96ec1b2097",
    "/tmp/mh370-command-sampler/sampler.py": "e7549a6f09a685667a1c34e7f1c2d12c21b603330615981f025eeae3bda9e8d6"
  }
}
