{"step": 0, "temperature": 0.0003918387184285166, "pre_resample_ess": 3276.800000025272, "mutation_acceptance": 0.71746826171875, "independence_acceptances": 67983, "proposal_scale": 1.010646858231889, "root_count": 3116, "log_normalizer": -0.40144881002546207, "elapsed_s": 0.5019354539999767, "evaluations": 151552, "mean": [0.06384505967757133, -0.3992797807196201, -0.12304539289672209], "block_acceptance": {"controls_0": 0.487548828125, "controls_2": 0.95416259765625, "controls_4": 0.8604736328125, "controls_6": 0.86688232421875, "controls_8": 0.8682861328125, "controls_10": 0.73431396484375, "whole_flight": 0.23797607421875}, "global_independence_acceptances": 11962, "local_block_acceptance": {"controls_0": 0.487548828125, "controls_2": null, "controls_4": 0.498779296875, "controls_6": 0.5068359375, "controls_8": 0.508544921875, "controls_10": 0.6484375, "whole_flight": 0.23797607421875}, "first_coordinate_mean_squared_jump": {"controls_0": 0.31102026760575074, "controls_2": 0.0, "controls_4": 0.0, "controls_6": 0.0, "controls_8": 0.0, "controls_10": 0.0, "whole_flight": 0.16445992991615027}, "block_proposal_scales": {"controls_0": 0.9008926829857096, "controls_2": 0.8, "controls_4": 0.9059656361282917, "controls_6": 0.9096225165003496, "controls_8": 0.9104001140124588, "controls_10": 0.9763591279206789, "whole_flight": 0.7952048582375033}, "categorical_mode_change_fraction": 0.7548828125}
{"step": 1, "temperature": 0.0019522753574221796, "pre_resample_ess": 3276.8000000021407, "mutation_acceptance": 0.6329269409179688, "independence_acceptances": 59026, "proposal_scale": 1.223914158888984, "root_count": 2681, "log_normalizer": -0.7760238223194422, "elapsed_s": 1.0043951389998256, "evaluations": 299008, "mean": [0.07744962889565855, -0.4136962074528187, -0.11088938127058696], "block_acceptance": {"controls_0": 0.49090576171875, "controls_2": 0.820068359375, "controls_4": 0.71221923828125, "controls_6": 0.57745361328125, "controls_8": 0.85107421875, "controls_10": 0.890625, "whole_flight": 0.22247314453125}, "global_independence_acceptances": 8169, "local_block_acceptance": {"controls_0": 0.4080403645833333, "controls_2": 0.497802734375, "controls_4": 0.4459228515625, "controls_6": 0.4405924479166667, "controls_8": 0.4375, "controls_10": 0.580078125, "whole_flight": 0.22247314453125}, "first_coordinate_mean_squared_jump": {"controls_0": 0.8253964184711591, "controls_2": 0.0, "controls_4": 0.0, "controls_6": 0.0, "controls_8": 0.0, "controls_10": 0.0, "whole_flight": 0.14779694189151638}, "block_proposal_scales": {"controls_0": 0.9749696321715761, "controls_2": 0.9055233780769699, "controls_4": 0.9992078368315817, "controls_6": 1.000570804240898, "controls_8": 0.9998789169544339, "controls_10": 1.1515562186469377, "whole_flight": 0.7843350878761579}, "categorical_mode_change_fraction": 0.632568359375}
{"step": 2, "temperature": 0.00761467422759543, "pre_resample_ess": 3276.800000000319, "mutation_acceptance": 0.5999069213867188, "independence_acceptances": 58735, "proposal_scale": 1.4579152592906115, "root_count": 2298, "log_normalizer": -1.2036582578815684, "elapsed_s": 1.490887838001072, "evaluations": 446464, "mean": [-0.3604127306744306, 0.13103699624977896, 0.042246910624665845], "block_acceptance": {"controls_0": 0.52130126953125, "controls_2": 0.53955078125, "controls_4": 0.81298828125, "controls_6": 0.6768798828125, "controls_8": 0.82586669921875, "controls_10": 0.86370849609375, "whole_flight": 0.21087646484375}, "global_independence_acceptances": 5703, "local_block_acceptance": {"controls_0": 0.3492431640625, "controls_2": 0.424560546875, "controls_4": 0.373046875, "controls_6": 0.3829345703125, "controls_8": 0.395263671875, "controls_10": 0.507568359375, "whole_flight": 0.21087646484375}, "first_coordinate_mean_squared_jump": {"controls_0": 0.8725545698413822, "controls_2": 0.0, "controls_4": 0.0, "controls_6": 0.0, "controls_8": 0.0, "controls_10": 0.0, "whole_flight": 0.1291490708951878}, "block_proposal_scales": {"controls_0": 1.0245696052289683, "controls_2": 0.9881093485492389, "controls_4": 1.0626129907573945, "controls_6": 1.0693360336324769, "controls_8": 1.0752043597018888, "controls_10": 1.3098314186430358, "whole_flight": 0.7691412013304755}, "categorical_mode_change_fraction": 0.568603515625}
{"step": 3, "temperature": 0.02204044745456872, "pre_resample_ess": 3276.800000000713, "mutation_acceptance": 0.47974395751953125, "independence_acceptances": 41983, "proposal_scale": 1.6353870259515078, "root_count": 2018, "log_normalizer": -1.5569809849697114, "elapsed_s": 2.0076700800000253, "evaluations": 593920, "mean": [-0.638558462504182, 0.4764756722055725, 0.1362164300085645], "block_acceptance": {"controls_0": 0.54901123046875, "controls_2": 0.4739990234375, "controls_4": 0.6273193359375, "controls_6": 0.6290283203125, "controls_8": 0.468505859375, "controls_10": 0.69317626953125, "whole_flight": 0.168701171875}, "global_independence_acceptances": 3739, "local_block_acceptance": {"controls_0": 0.2763671875, "controls_2": 0.3523763020833333, "controls_4": 0.3306884765625, "controls_6": 0.322998046875, "controls_8": 0.3129069010416667, "controls_10": 0.423828125, "whole_flight": 0.168701171875}, "first_coordinate_mean_squared_jump": {"controls_0": 0.728575558129571, "controls_2": 0.0, "controls_4": 0.0, "controls_6": 0.0, "controls_8": 0.0, "controls_10": 0.0, "whole_flight": 0.09462312981961618}, "block_proposal_scales": {"controls_0": 1.0381665460080924, "controls_2": 1.0400057483030285, "controls_4": 1.1063598354409931, "controls_6": 1.109086773350784, "controls_8": 1.1095607275826653, "controls_10": 1.4287679555661295, "whole_flight": 0.7385029934647629}, "categorical_mode_change_fraction": 0.501953125}
{"step": 4, "temperature": 0.08372163420439621, "pre_resample_ess": 3276.8000000000275, "mutation_acceptance": 0.4535675048828125, "independence_acceptances": 46008, "proposal_scale": 1.8106089803076295, "root_count": 1820, "log_normalizer": -1.9420281320568717, "elapsed_s": 2.5002271520006616, "evaluations": 741376, "mean": [-0.5317759031245046, 0.33459811475698525, 0.1195825969279664], "block_acceptance": {"controls_0": 0.309814453125, "controls_2": 0.5072021484375, "controls_4": 0.5390625, "controls_6": 0.69158935546875, "controls_8": 0.54473876953125, "controls_10": 0.76171875, "whole_flight": 0.125244140625}, "global_independence_acceptances": 2444, "local_block_acceptance": {"controls_0": 0.2216796875, "controls_2": 0.2664794921875, "controls_4": 0.24462890625, "controls_6": 0.251953125, "controls_8": 0.2496337890625, "controls_10": 0.34228515625, "whole_flight": 0.125244140625}, "first_coordinate_mean_squared_jump": {"controls_0": 0.23426271254566128, "controls_2": 0.0, "controls_4": 0.0, "controls_6": 0.0, "controls_8": 0.0, "controls_10": 0.0, "whole_flight": 0.05430255257171772}, "block_proposal_scales": {"controls_0": 1.0235695373677256, "controls_2": 1.0486105335439073, "controls_4": 1.1033926402964471, "controls_6": 1.1101703949288646, "controls_8": 1.1093575795448607, "controls_10": 1.4962396813094165, "whole_flight": 0.693844051578525}, "categorical_mode_change_fraction": 0.51416015625}
{"step": 5, "temperature": 0.1890510077680986, "pre_resample_ess": 3276.8000000000197, "mutation_acceptance": 0.43669891357421875, "independence_acceptances": 48486, "proposal_scale": 1.9877685912867527, "root_count": 1667, "log_normalizer": -2.15291740336312, "elapsed_s": 2.9694987010007026, "evaluations": 888832, "mean": [-0.4015843632791939, 0.18313920500286537, 0.06550025394137148], "block_acceptance": {"controls_0": 0.3515625, "controls_2": 0.548095703125, "controls_4": 0.46826171875, "controls_6": 0.61370849609375, "controls_8": 0.7564697265625, "controls_10": 0.55596923828125, "whole_flight": 0.10137939453125}, "global_independence_acceptances": 1608, "local_block_acceptance": {"controls_0": 0.187255859375, "controls_2": 0.23046875, "controls_4": 0.1982421875, "controls_6": 0.189208984375, "controls_8": null, "controls_10": 0.2703857421875, "whole_flight": 0.10137939453125}, "first_coordinate_mean_squared_jump": {"controls_0": 0.2447949363510323, "controls_2": 0.0, "controls_4": 0.0, "controls_6": 0.0, "controls_8": 0.0, "controls_10": 0.0, "whole_flight": 0.03555939351718279}, "block_proposal_scales": {"controls_0": 0.9919565175813356, "controls_2": 1.0384200355797808, "controls_4": 1.075204359701889, "controls_6": 1.0769338812313605, "controls_8": 1.1093575795448607, "controls_10": 1.5115686498905119, "whole_flight": 0.6441534170591984}, "categorical_mode_change_fraction": 0.50439453125}
{"step": 6, "temperature": 0.3458814494890256, "pre_resample_ess": 3276.800000000124, "mutation_acceptance": 0.295654296875, "independence_acceptances": 27965, "proposal_scale": 2.033665535178948, "root_count": 1563, "log_normalizer": -2.088656392917815, "elapsed_s": 3.4917101950013603, "evaluations": 1036288, "mean": [-0.30002843251092587, 0.09288142804576785, 0.01755644979425948], "block_acceptance": {"controls_0": 0.29376220703125, "controls_2": 0.2720947265625, "controls_4": 0.1619873046875, "controls_6": 0.4171142578125, "controls_8": 0.28619384765625, "controls_10": 0.78564453125, "whole_flight": 0.088623046875}, "global_independence_acceptances": 980, "local_block_acceptance": {"controls_0": 0.146240234375, "controls_2": 0.1767578125, "controls_4": 0.1619873046875, "controls_6": 0.167724609375, "controls_8": 0.15763346354166666, "controls_10": null, "whole_flight": 0.088623046875}, "first_coordinate_mean_squared_jump": {"controls_0": 0.1590777957854359, "controls_2": 0.0, "controls_4": 0.0, "controls_6": 0.0, "controls_8": 0.0, "controls_10": 0.0, "whole_flight": 0.025526594323641426}, "block_proposal_scales": {"controls_0": 0.9418060770960771, "controls_2": 1.0010798503151686, "controls_4": 1.0289145358924825, "controls_6": 1.0335301881730488, "controls_8": 1.0592888877506477, "controls_10": 1.5115686498905119, "whole_flight": 0.5942193019434882}, "categorical_mode_change_fraction": 0.50341796875}
{"step": 7, "temperature": 0.5468397588834856, "pre_resample_ess": 3276.8000000000106, "mutation_acceptance": 0.26554107666015625, "independence_acceptances": 25247, "proposal_scale": 2.04952976816072, "root_count": 1448, "log_normalizer": -1.684406577128633, "elapsed_s": 4.002213773999756, "evaluations": 1183744, "mean": [-0.21984423759571775, 0.05529771405942552, -0.0020061034859075464], "block_acceptance": {"controls_0": 0.2486572265625, "controls_2": 0.30487060546875, "controls_4": 0.35418701171875, "controls_6": 0.370361328125, "controls_8": 0.251953125, "controls_10": 0.47320556640625, "whole_flight": 0.0848388671875}, "global_independence_acceptances": 594, "local_block_acceptance": {"controls_0": 0.1304931640625, "controls_2": 0.1512451171875, "controls_4": 0.1458740234375, "controls_6": 0.153076171875, "controls_8": 0.14339192708333334, "controls_10": 0.2012939453125, "whole_flight": 0.0848388671875}, "first_coordinate_mean_squared_jump": {"controls_0": 0.11314138503457713, "controls_2": 0.0, "controls_4": 0.0, "controls_6": 0.0, "controls_8": 0.0, "controls_10": 0.0, "whole_flight": 0.022811242861241792}, "block_proposal_scales": {"controls_0": 0.8871782961803508, "controls_2": 0.9528496300062337, "controls_4": 0.9767167467902256, "controls_6": 0.9846376192899056, "controls_8": 1.0043030174321352, "controls_10": 1.4752019936280771, "whole_flight": 0.5471198485691524}, "categorical_mode_change_fraction": 0.47265625}
{"step": 8, "temperature": 0.7824413663814354, "pre_resample_ess": 3276.8000000000575, "mutation_acceptance": 0.269378662109375, "independence_acceptances": 28249, "proposal_scale": 2.069484860217139, "root_count": 1335, "log_normalizer": -0.9413034054436471, "elapsed_s": 4.4885984390002704, "evaluations": 1331200, "mean": [-0.135241576102174, 0.030122304208189538, 0.023091623642476685], "block_acceptance": {"controls_0": 0.204345703125, "controls_2": 0.29803466796875, "controls_4": 0.22955322265625, "controls_6": 0.43194580078125, "controls_8": 0.32586669921875, "controls_10": 0.56494140625, "whole_flight": 0.07989501953125}, "global_independence_acceptances": 335, "local_block_acceptance": {"controls_0": 0.13330078125, "controls_2": 0.140380859375, "controls_4": 0.137451171875, "controls_6": 0.141845703125, "controls_8": 0.129150390625, "controls_10": 0.184326171875, "whole_flight": 0.07989501953125}, "first_coordinate_mean_squared_jump": {"controls_0": 0.08032789463611535, "controls_2": 0.0, "controls_4": 0.0, "controls_6": 0.0, "controls_8": 0.0, "controls_10": 0.0, "whole_flight": 0.01845812459412964}, "block_proposal_scales": {"controls_0": 0.8368931157272163, "controls_2": 0.902029779928655, "controls_4": 0.9232705155910035, "controls_6": 0.9328053265352724, "controls_8": 0.9454152606384378, "controls_10": 1.427547605974198, "whole_flight": 0.5025099243946484}, "categorical_mode_change_fraction": 0.462890625}
{"step": 9, "temperature": 1.0, "pre_resample_ess": 3496.935739932752, "mutation_acceptance": 0.1658782958984375, "independence_acceptances": 10496, "proposal_scale": 1.984245744717789, "root_count": 1222, "log_normalizer": -0.05288919368373701, "elapsed_s": 5.035834038000758, "evaluations": 1478656, "mean": [-0.07056031957651472, 0.05714296895385515, 0.020037196821958342], "block_acceptance": {"controls_0": 0.16680908203125, "controls_2": 0.21331787109375, "controls_4": 0.2166748046875, "controls_6": 0.2120361328125, "controls_8": 0.13299560546875, "controls_10": 0.2918701171875, "whole_flight": 0.08294677734375}, "global_independence_acceptances": 170, "local_block_acceptance": {"controls_0": 0.1240234375, "controls_2": 0.149169921875, "controls_4": 0.138916015625, "controls_6": 0.13191731770833334, "controls_8": 0.13299560546875, "controls_10": 0.17431640625, "whole_flight": 0.08294677734375}, "first_coordinate_mean_squared_jump": {"controls_0": 0.056299148449180166, "controls_2": 0.0, "controls_4": 0.0, "controls_6": 0.0, "controls_8": 0.0, "controls_10": 0.0, "whole_flight": 0.013973792505865426}, "block_proposal_scales": {"controls_0": 0.7858045377804046, "controls_2": 0.8576812233519766, "controls_4": 0.8733883325928156, "controls_6": 0.8793255425536766, "controls_8": 0.891693142687111, "controls_10": 1.3745359926988878, "whole_flight": 0.4622420993746215}, "categorical_mode_change_fraction": 0.45263671875}
{"step": 0, "temperature": 0.6691413255364864, "pre_resample_ess": 3276.8000000000397, "mutation_acceptance": 0.238006591796875, "independence_acceptances": 43651, "proposal_scale": 0.795216992193271, "root_count": 3357, "log_normalizer": -0.19317144651340357, "elapsed_s": 0.997421038999164, "evaluations": 69585, "mean": [-0.14926864091373482, 0.19107275008778063, 0.0779490641847464], "block_acceptance": {"controls_0": 0.16229248046875, "controls_2": 0.231414794921875, "controls_4": 0.285064697265625, "controls_6": 0.32562255859375, "controls_8": 0.329193115234375, "controls_10": 0.55059814453125, "whole_flight": 0.0115966796875}, "global_independence_acceptances": 271, "local_block_acceptance": {"controls_0": 0.1279296875, "controls_2": 0.18619791666666666, "controls_4": 0.18896484375, "controls_6": 0.18402099609375, "controls_8": 0.18560791015625, "controls_10": 0.372314453125, "whole_flight": 0.0115966796875}, "first_coordinate_mean_squared_jump": {"controls_0": 0.050065686899711685, "controls_2": 0.0, "controls_4": 0.0, "controls_6": 0.0, "controls_8": 0.0, "controls_10": 0.0, "whole_flight": 0.003324065247237939}, "block_proposal_scales": {"controls_0": 0.7526321316323124, "controls_2": 0.7748819428949689, "controls_4": 0.7759547057050753, "controls_6": 0.7740389735259999, "controls_8": 0.774653383913892, "controls_10": 0.8504528346143833, "whole_flight": 0.7101030266824596}, "categorical_mode_change_fraction": 0.361572265625, "coarse_evaluations": 1761280, "continuous_screening_pass_fraction": 0.24136734008789062}
{"step": 1, "temperature": 1.0, "pre_resample_ess": 3873.33408038838, "mutation_acceptance": 0.218475341796875, "independence_acceptances": 29651, "proposal_scale": 0.7827807894962113, "root_count": 3012, "log_normalizer": -0.20929833292517408, "elapsed_s": 2.0598644359997706, "evaluations": 130576, "mean": [-0.19602864498860068, 0.2705497799871204, 0.08701365942773817], "block_acceptance": {"controls_0": 0.142120361328125, "controls_2": 0.225372314453125, "controls_4": 0.259674072265625, "controls_6": 0.33062744140625, "controls_8": 0.336761474609375, "controls_10": 0.4246826171875, "whole_flight": 0.02044677734375}, "global_independence_acceptances": 266, "local_block_acceptance": {"controls_0": 0.13835797991071427, "controls_2": 0.19683837890625, "controls_4": 0.19771321614583334, "controls_6": 0.19329833984375, "controls_8": 0.19744873046875, "controls_10": 0.3457845052083333, "whole_flight": 0.02044677734375}, "first_coordinate_mean_squared_jump": {"controls_0": 0.032697718261847454, "controls_2": 0.0, "controls_4": 0.0, "controls_6": 0.0, "controls_8": 0.0, "controls_10": 0.0, "whole_flight": 0.004536349467366525}, "block_proposal_scales": {"controls_0": 0.7117705237602763, "controls_2": 0.7545562857218245, "controls_4": 0.7559314954697891, "controls_6": 0.7524024815771474, "controls_8": 0.7545639615043319, "controls_10": 0.8921740232082614, "whole_flight": 0.6331032089599833}, "categorical_mode_change_fraction": 0.31689453125, "coarse_evaluations": 2039808, "continuous_screening_pass_fraction": 0.22332763671875}
{"step": 0, "temperature": 0.0003813579496352304, "pre_resample_ess": 3276.8000000518114, "mutation_acceptance": 0.6518020629882812, "independence_acceptances": 50931, "proposal_scale": 0.9780030211711175, "root_count": 3080, "log_normalizer": -0.4100039114053775, "elapsed_s": 0.5318282900007034, "evaluations": 151552, "mean": [0.03203186157715881, -0.35537996535807326, -0.11394032613196939], "block_acceptance": {"controls_0": 0.67437744140625, "controls_2": 0.95489501953125, "controls_4": 0.74200439453125, "controls_6": 0.506103515625, "controls_8": 0.6175537109375, "controls_10": 0.73486328125, "whole_flight": 0.242919921875}, "global_independence_acceptances": 12152, "local_block_acceptance": {"controls_0": 0.494873046875, "controls_2": null, "controls_4": 0.504638671875, "controls_6": 0.506103515625, "controls_8": 0.4935709635416667, "controls_10": 0.649169921875, "whole_flight": 0.242919921875}, "first_coordinate_mean_squared_jump": {"controls_0": 1.6835820757018918, "controls_2": 0.0, "controls_4": 0.0, "controls_6": 0.0, "controls_8": 0.0, "controls_10": 0.0, "whole_flight": 0.1736145229604869}, "block_proposal_scales": {"controls_0": 0.9041978988631002, "controls_2": 0.8, "controls_4": 0.9086237241102414, "controls_6": 0.9092894637733089, "controls_8": 0.9036094199389636, "controls_10": 0.9767167467902257, "whole_flight": 0.7971729755907458}, "categorical_mode_change_fraction": 0.763916015625}
{"step": 1, "temperature": 0.0017394154483253558, "pre_resample_ess": 3276.800000000894, "mutation_acceptance": 0.5812225341796875, "independence_acceptances": 43590, "proposal_scale": 1.1541553148290196, "root_count": 2636, "log_normalizer": -0.7663567706916172, "elapsed_s": 1.0698733949993766, "evaluations": 299008, "mean": [0.10120332697460797, -0.4519759453193451, -0.11854270599661473], "block_acceptance": {"controls_0": 0.4940185546875, "controls_2": 0.607421875, "controls_4": 0.71636962890625, "controls_6": 0.58306884765625, "controls_8": 0.7264404296875, "controls_10": 0.78875732421875, "whole_flight": 0.2230224609375}, "global_independence_acceptances": 8367, "local_block_acceptance": {"controls_0": 0.4108072916666667, "controls_2": 0.4986979166666667, "controls_4": 0.451904296875, "controls_6": 0.4484049479166667, "controls_8": 0.4615478515625, "controls_10": 0.5821533203125, "whole_flight": 0.2230224609375}, "first_coordinate_mean_squared_jump": {"controls_0": 0.8670847255554444, "controls_2": 0.0, "controls_4": 0.0, "controls_6": 0.0, "controls_8": 0.0, "controls_10": 0.0, "whole_flight": 0.14685547871096807}, "block_proposal_scales": {"controls_0": 0.9799013437348397, "controls_2": 0.9059287730421728, "controls_4": 1.0051411034121316, "controls_6": 1.0041191408922754, "controls_8": 1.0044256204982633, "controls_10": 1.153173918367582, "whole_flight": 0.786492289644696}, "categorical_mode_change_fraction": 0.642333984375}
{"step": 2, "temperature": 0.00728633284944292, "pre_resample_ess": 3276.8000000042275, "mutation_acceptance": 0.5551071166992188, "independence_acceptances": 47964, "proposal_scale": 1.3443657031137473, "root_count": 2271, "log_normalizer": -1.1999951230404724, "elapsed_s": 1.5849707249999483, "evaluations": 446464, "mean": [-0.3584173605991298, 0.10335427676427889, 0.0981796777824892], "block_acceptance": {"controls_0": 0.43963623046875, "controls_2": 0.6639404296875, "controls_4": 0.81903076171875, "controls_6": 0.6776123046875, "controls_8": 0.53216552734375, "controls_10": 0.7440185546875, "whole_flight": 0.2000732421875}, "global_independence_acceptances": 5970, "local_block_acceptance": {"controls_0": 0.3579915364583333, "controls_2": 0.42919921875, "controls_4": 0.390869140625, "controls_6": 0.3856201171875, "controls_8": 0.385009765625, "controls_10": 0.5018310546875, "whole_flight": 0.2000732421875}, "first_coordinate_mean_squared_jump": {"controls_0": 0.5816480999089583, "controls_2": 0.0, "controls_4": 0.0, "controls_6": 0.0, "controls_8": 0.0, "controls_10": 0.0, "whole_flight": 0.1238499844856772}, "block_proposal_scales": {"controls_0": 1.034266403155536, "controls_2": 0.9908471609840241, "controls_4": 1.0784906349141852, "controls_6": 1.0745701692362855, "controls_8": 1.0745701692362855, "controls_10": 1.3079141248866102, "whole_flight": 0.7671018174175263}, "categorical_mode_change_fraction": 0.576171875}
{"step": 3, "temperature": 0.02053549813120588, "pre_resample_ess": 3276.800000000249, "mutation_acceptance": 0.436614990234375, "independence_acceptances": 32078, "proposal_scale": 1.4758436623282523, "root_count": 2007, "log_normalizer": -1.5519580438127463, "elapsed_s": 2.1221607780007616, "evaluations": 593920, "mean": [-0.6330804832490092, 0.48140431174264514, 0.12538567342818732], "block_acceptance": {"controls_0": 0.4674072265625, "controls_2": 0.47650146484375, "controls_4": 0.32025146484375, "controls_6": 0.785400390625, "controls_8": 0.47357177734375, "controls_10": 0.56512451171875, "whole_flight": 0.16229248046875}, "global_independence_acceptances": 3971, "local_block_acceptance": {"controls_0": 0.287841796875, "controls_2": 0.3533528645833333, "controls_4": 0.32025146484375, "controls_6": 0.31982421875, "controls_8": 0.3194173177083333, "controls_10": 0.4320475260416667, "whole_flight": 0.16229248046875}, "first_coordinate_mean_squared_jump": {"controls_0": 0.5438104983765318, "controls_2": 0.0, "controls_4": 0.0, "controls_6": 0.0, "controls_8": 0.0, "controls_10": 0.0, "whole_flight": 0.0886081552322422}, "block_proposal_scales": {"controls_0": 1.054021959796102, "controls_2": 1.0433966998141102, "controls_4": 1.1170465974178652, "controls_6": 1.1127482413128635, "controls_8": 1.1125218751315518, "controls_10": 1.4325518438829004, "whole_flight": 0.7341884800074896}, "categorical_mode_change_fraction": 0.52783203125}
{"step": 4, "temperature": 0.07947570903810607, "pre_resample_ess": 3276.8000000001175, "mutation_acceptance": 0.448577880859375, "independence_acceptances": 45291, "proposal_scale": 1.6299001270063918, "root_count": 1814, "log_normalizer": -1.930547205248934, "elapsed_s": 2.6144455859994196, "evaluations": 741376, "mean": [-0.50642664918668, 0.29237930586990046, 0.1416533888258591], "block_acceptance": {"controls_0": 0.305419921875, "controls_2": 0.74896240234375, "controls_4": 0.5379638671875, "controls_6": 0.6927490234375, "controls_8": 0.3919677734375, "controls_10": 0.623046875, "whole_flight": 0.12725830078125}, "global_independence_acceptances": 2642, "local_block_acceptance": {"controls_0": 0.21744791666666666, "controls_2": null, "controls_4": 0.244873046875, "controls_6": 0.24169921875, "controls_8": 0.2392578125, "controls_10": 0.34326171875, "whole_flight": 0.12725830078125}, "first_coordinate_mean_squared_jump": {"controls_0": 0.23428287730293107, "controls_2": 0.0, "controls_4": 0.0, "controls_6": 0.0, "controls_8": 0.0, "controls_10": 0.0, "whole_flight": 0.056377098589200675}, "block_proposal_scales": {"controls_0": 1.0370055103311149, "controls_2": 1.0433966998141102, "controls_4": 1.1141867417986973, "controls_6": 1.1081394721560711, "controls_8": 1.1065624345252016, "controls_10": 1.5009349583778049, "whole_flight": 0.690485470612907}, "categorical_mode_change_fraction": 0.511962890625}
{"step": 5, "temperature": 0.18284139133873478, "pre_resample_ess": 3276.80000000005, "mutation_acceptance": 0.38362884521484375, "independence_acceptances": 39257, "proposal_scale": 1.7425214330928995, "root_count": 1679, "log_normalizer": -2.140514270243311, "elapsed_s": 3.1118784040008904, "evaluations": 888832, "mean": [-0.39797654008807526, 0.1896246292534476, 0.06660388138373051], "block_acceptance": {"controls_0": 0.42230224609375, "controls_2": 0.3255615234375, "controls_4": 0.46697998046875, "controls_6": 0.46966552734375, "controls_8": 0.47357177734375, "controls_10": 0.70513916015625, "whole_flight": 0.1036376953125}, "global_independence_acceptances": 1674, "local_block_acceptance": {"controls_0": 0.176513671875, "controls_2": 0.21761067708333334, "controls_4": 0.1953125, "controls_6": 0.1895751953125, "controls_8": 0.196044921875, "controls_10": 0.2861328125, "whole_flight": 0.1036376953125}, "first_coordinate_mean_squared_jump": {"controls_0": 0.30651329333111643, "controls_2": 0.0, "controls_4": 0.0, "controls_6": 0.0, "controls_8": 0.0, "controls_10": 0.0, "whole_flight": 0.03678105666823494}, "block_proposal_scales": {"controls_0": 0.9995941612689493, "controls_2": 1.0266353321592032, "controls_4": 1.084133455351712, "controls_6": 1.0751606104145797, "controls_8": 1.0771091777038686, "controls_10": 1.5282978897515165, "whole_flight": 0.6417595998161951}, "categorical_mode_change_fraction": 0.49755859375}
{"step": 6, "temperature": 0.33630913531771794, "pre_resample_ess": 3276.800000000045, "mutation_acceptance": 0.32076263427734375, "independence_acceptances": 31556, "proposal_scale": 1.8052777912491313, "root_count": 1548, "log_normalizer": -2.076986776912924, "elapsed_s": 3.6119967579998047, "evaluations": 1036288, "mean": [-0.3124985874753215, 0.125013659626299, 0.03492487018532906], "block_acceptance": {"controls_0": 0.293701171875, "controls_2": 0.36810302734375, "controls_4": 0.53515625, "controls_6": 0.4232177734375, "controls_8": 0.422607421875, "controls_10": 0.37188720703125, "whole_flight": 0.08721923828125}, "global_independence_acceptances": 1052, "local_block_acceptance": {"controls_0": 0.151611328125, "controls_2": 0.1846923828125, "controls_4": 0.1611328125, "controls_6": 0.172119140625, "controls_8": 0.169921875, "controls_10": 0.231201171875, "whole_flight": 0.08721923828125}, "first_coordinate_mean_squared_jump": {"controls_0": 0.170249708937703, "controls_2": 0.0, "controls_4": 0.0, "controls_6": 0.0, "controls_8": 0.0, "controls_10": 0.0, "whole_flight": 0.025278553631981733}, "block_proposal_scales": {"controls_0": 0.9516097477740016, "controls_2": 0.993653205163896, "controls_4": 1.0370160593503297, "controls_6": 1.0340980792234222, "controls_8": 1.0348346987319743, "controls_10": 1.5140000858307316, "whole_flight": 0.591595661667075}, "categorical_mode_change_fraction": 0.501708984375}
{"step": 7, "temperature": 0.5356259748977812, "pre_resample_ess": 3276.8000000000293, "mutation_acceptance": 0.22309112548828125, "independence_acceptances": 17293, "proposal_scale": 1.7811514615205168, "root_count": 1432, "log_normalizer": -1.6838931616904924, "elapsed_s": 4.147993558000962, "evaluations": 1183744, "mean": [-0.212306900079005, 0.06452772489825517, 0.002448093084757183], "block_acceptance": {"controls_0": 0.2418212890625, "controls_2": 0.2291259765625, "controls_4": 0.36181640625, "controls_6": 0.3670654296875, "controls_8": 0.2598876953125, "controls_10": 0.20501708984375, "whole_flight": 0.08380126953125}, "global_independence_acceptances": 593, "local_block_acceptance": {"controls_0": 0.130615234375, "controls_2": 0.15934244791666666, "controls_4": 0.143798828125, "controls_6": 0.143798828125, "controls_8": 0.14908854166666666, "controls_10": 0.20501708984375, "whole_flight": 0.08380126953125}, "first_coordinate_mean_squared_jump": {"controls_0": 0.11343336995168603, "controls_2": 0.0, "controls_4": 0.0, "controls_6": 0.0, "controls_8": 0.0, "controls_10": 0.0, "whole_flight": 0.02114147935993383}, "block_proposal_scales": {"controls_0": 0.8964680368314915, "controls_2": 0.9496176990744112, "controls_4": 0.983386383494813, "controls_6": 0.9806193078085338, "controls_8": 0.9839167131945139, "controls_10": 1.4803281062657894, "whole_flight": 0.5444216466334757}, "categorical_mode_change_fraction": 0.47802734375}
{"step": 8, "temperature": 0.7692057843400574, "pre_resample_ess": 3276.8000000000757, "mutation_acceptance": 0.313140869140625, "independence_acceptances": 35296, "proposal_scale": 1.8382802323518748, "root_count": 1327, "log_normalizer": -0.939721964829336, "elapsed_s": 4.611072974999843, "evaluations": 1331200, "mean": [-0.13149461023101114, 0.0516986588848818, 0.018563343349222963], "block_acceptance": {"controls_0": 0.12530517578125, "controls_2": 0.297119140625, "controls_4": 0.41351318359375, "controls_6": 0.4276123046875, "controls_8": 0.44073486328125, "controls_10": 0.70098876953125, "whole_flight": 0.0804443359375}, "global_independence_acceptances": 318, "local_block_acceptance": {"controls_0": 0.12530517578125, "controls_2": 0.156494140625, "controls_4": 0.139892578125, "controls_6": 0.14111328125, "controls_8": 0.142822265625, "controls_10": null, "whole_flight": 0.0804443359375}, "first_coordinate_mean_squared_jump": {"controls_0": 0.03854188483480303, "controls_2": 0.0, "controls_4": 0.0, "controls_6": 0.0, "controls_8": 0.0, "controls_10": 0.0, "whole_flight": 0.01601287811464879}, "block_proposal_scales": {"controls_0": 0.8422822964682263, "controls_2": 0.9062421570906871, "controls_4": 0.930710615995292, "controls_6": 0.9286583957818958, "controls_8": 0.9325776186573517, "controls_10": 1.4803281062657894, "whole_flight": 0.5001690795324377}, "categorical_mode_change_fraction": 0.4716796875}
{"step": 9, "temperature": 1.0, "pre_resample_ess": 3409.1159559078214, "mutation_acceptance": 0.2116546630859375, "independence_acceptances": 19558, "proposal_scale": 1.8033712137928704, "root_count": 1218, "log_normalizer": 0.014034447942846917, "elapsed_s": 5.104672763000053, "evaluations": 1478656, "mean": [-0.057521041145344384, 0.07094402724350972, 0.03239018312152253], "block_acceptance": {"controls_0": 0.15447998046875, "controls_2": 0.2308349609375, "controls_4": 0.3555908203125, "controls_6": 0.31060791015625, "controls_8": 0.13201904296875, "controls_10": 0.413330078125, "whole_flight": 0.08563232421875}, "global_independence_acceptances": 176, "local_block_acceptance": {"controls_0": 0.1192626953125, "controls_2": 0.1455078125, "controls_4": 0.131103515625, "controls_6": 0.1387939453125, "controls_8": 0.13201904296875, "controls_10": 0.1673583984375, "whole_flight": 0.08563232421875}, "first_coordinate_mean_squared_jump": {"controls_0": 0.05199117028255966, "controls_2": 0.0, "controls_4": 0.0, "controls_6": 0.0, "controls_8": 0.0, "controls_10": 0.0, "whole_flight": 0.01404470423944084}, "block_proposal_scales": {"controls_0": 0.7889844204235281, "controls_2": 0.860110146297653, "controls_4": 0.8769940039979123, "controls_6": 0.8784315011656649, "controls_8": 0.8791556046991957, "controls_10": 1.4204062977273086, "whole_flight": 0.46070704438337323}, "categorical_mode_change_fraction": 0.462890625}
{"step": 0, "temperature": 0.6778819149969024, "pre_resample_ess": 3276.8000000000625, "mutation_acceptance": 0.2356109619140625, "independence_acceptances": 41545, "proposal_scale": 0.7942650396436742, "root_count": 3337, "log_normalizer": -0.18084038910275702, "elapsed_s": 1.0360241240014147, "evaluations": 68916, "mean": [-0.13491650021639892, 0.1954857221811515, 0.10522249742126409], "block_acceptance": {"controls_0": 0.134796142578125, "controls_2": 0.207733154296875, "controls_4": 0.345245361328125, "controls_6": 0.21990966796875, "controls_8": 0.367279052734375, "controls_10": 0.591094970703125, "whole_flight": 0.0107421875}, "global_independence_acceptances": 265, "local_block_acceptance": {"controls_0": 0.12422688802083333, "controls_2": 0.186669921875, "controls_4": 0.188232421875, "controls_6": 0.18352399553571427, "controls_8": 0.18693033854166666, "controls_10": 0.3807373046875, "whole_flight": 0.0107421875}, "first_coordinate_mean_squared_jump": {"controls_0": 0.033536469482964675, "controls_2": 0.0, "controls_4": 0.0, "controls_6": 0.0, "controls_8": 0.0, "controls_10": 0.0, "whole_flight": 0.0032488225479486003}, "block_proposal_scales": {"controls_0": 0.7512399977955668, "controls_2": 0.7750648386325002, "controls_4": 0.7756705946303082, "controls_6": 0.7738466485225062, "controls_8": 0.7751657651039551, "controls_10": 0.8540420060675852, "whole_flight": 0.7097997027397484}, "categorical_mode_change_fraction": 0.38037109375, "coarse_evaluations": 1761280, "continuous_screening_pass_fraction": 0.23859024047851562}
{"step": 1, "temperature": 1.0, "pre_resample_ess": 3889.124646033587, "mutation_acceptance": 0.23284530639648438, "independence_acceptances": 40483, "proposal_scale": 0.7874814869772985, "root_count": 3021, "log_normalizer": -0.19401917607159547, "elapsed_s": 2.0186718500008283, "evaluations": 133783, "mean": [-0.1706656750059443, 0.26680651949355433, 0.10404942993478378], "block_acceptance": {"controls_0": 0.157470703125, "controls_2": 0.21722412109375, "controls_4": 0.28924560546875, "controls_6": 0.332977294921875, "controls_8": 0.334075927734375, "controls_10": 0.5037841796875, "whole_flight": 0.019775390625}, "global_independence_acceptances": 269, "local_block_acceptance": {"controls_0": 0.1419677734375, "controls_2": 0.19449869791666666, "controls_4": 0.197607421875, "controls_6": 0.1973876953125, "controls_8": 0.1998291015625, "controls_10": 0.35400390625, "whole_flight": 0.019775390625}, "first_coordinate_mean_squared_jump": {"controls_0": 0.046419806570363806, "controls_2": 0.0, "controls_4": 0.0, "controls_6": 0.0, "controls_8": 0.0, "controls_10": 0.0, "whole_flight": 0.004342975599435568}, "block_proposal_scales": {"controls_0": 0.7117374250821562, "controls_2": 0.7538519813758333, "controls_4": 0.7556147448584715, "controls_6": 0.7537551443994747, "controls_8": 0.7559622550268832, "controls_10": 0.8996288893650047, "whole_flight": 0.6326203737544022}, "categorical_mode_change_fraction": 0.330078125, "coarse_evaluations": 2039808, "continuous_screening_pass_fraction": 0.23810577392578125}
{
  "ordered_times": {
    "draws": 100000,
    "expected_four_time_means": [
      0.2,
      0.4,
      0.6,
      0.8
    ],
    "maximum_mean_error": 0.0003393057065845251,
    "log_density_identity_error": 1.3322676295501878e-15,
    "request_encode_roundtrip_error": 8.081313396246514e-13
  },
  "exact_categorical_update": [
    {
      "temperature": 0.37,
      "expected": [
        0.20000000000149157,
        0.20000000000149157,
        0.19999999999900184,
        0.19999999999901322,
        0.19999999999901322
      ],
      "observed": [
        0.20043333333333332,
        0.20096666666666665,
        0.20136666666666667,
        0.19823333333333334,
        0.199
      ],
      "maximum_error": 0.0017666666656798724,
      "draws": 30000
    },
    {
      "temperature": 1.0,
      "expected": [
        0.1999999999999909,
        0.1999999999999909,
        0.1999999999999909,
        0.1999999999999909,
        0.1999999999999909
      ],
      "observed": [
        0.20183333333333334,
        0.20193333333333333,
        0.19633333333333333,
        0.19946666666666665,
        0.20043333333333332
      ],
      "maximum_error": 0.0036666666666575753,
      "draws": 30000
    }
  ],
  "deterministic_dynamics_control": [
    {
      "seed": 37091102,
      "particles": 4096,
      "mode_frequencies": [
        0.234130859375,
        0.24072265625,
        0.171142578125,
        0.182373046875,
        0.171630859375
      ],
      "expected_mode_frequencies": [
        0.2,
        0.2,
        0.2,
        0.2,
        0.2
      ],
      "maximum_standardized_mean_error": 0.24975278502551485,
      "maximum_standardized_variance_error": 0.1904762385085489,
      "log_normalizer": -0.2621875266089111,
      "expected_log_normalizer": 0.0,
      "elapsed_s": 7.09638502999951,
      "final_acceptance": 0.218475341796875,
      "passed": false
    },
    {
      "seed": 37091103,
      "particles": 4096,
      "mode_frequencies": [
        0.2138671875,
        0.21826171875,
        0.18701171875,
        0.1904296875,
        0.1904296875
      ],
      "expected_mode_frequencies": [
        0.2,
        0.2,
        0.2,
        0.2,
        0.2
      ],
      "maximum_standardized_mean_error": 0.24897008795828984,
      "maximum_standardized_variance_error": 0.20466060757321125,
      "log_normalizer": -0.17998472812874855,
      "expected_log_normalizer": 0.0,
      "elapsed_s": 7.124017399000877,
      "final_acceptance": 0.23284530639648438,
      "passed": false
    }
  ],
  "passed": false,
  "elapsed_s": 14.924714273998688,
  "scope": "Numerical proposal/weight and control-space smoothing check, not MH370 validation or physical calibration.",
  "source_sha256": {
    "/tmp/mh370-command-sampler/forward_backward_control.py": "c699a8543a61a2369cd99d16607cbbf0784507711762bd04962de611a36a61b7",
    "/tmp/mh370-command-sampler/sampler.py": "085004308d20a5b9ea7c4bd8f9da986d06d2fa5b953a9651d536e07d1acc713f"
  }
}
Traceback (most recent call last):
  File "/tmp/mh370-command-sampler/forward_backward_control.py", line 120, in <module>
    main(parser.parse_args().output)
    ~~~~^^^^^^^^^^^^^^^^^^^^^^^^^^^^
  File "/tmp/mh370-command-sampler/forward_backward_control.py", line 115, in main
    assert checks['passed']
           ~~~~~~^^^^^^^^^^
AssertionError
