{"step": 0, "temperature": 0.02097897344071953, "pre_resample_ess": 3276.8000000003535, "mutation_acceptance": 0.71246337890625, "independence_acceptances": 57474, "proposal_scale": 1.0081209354917353, "root_count": 3248, "log_normalizer": -0.4257606902714297, "elapsed_s": 0.39274067800033663, "evaluations": 118784, "mean": [-0.18946276944867163, -0.11129323402397698, -0.043370175245960506], "block_acceptance": {"controls_0": 0.57196044921875, "controls_2": 0.7940673828125, "controls_4": 0.57037353515625, "controls_6": 0.69036865234375, "controls_8": 0.93463134765625, "controls_10": 0.698974609375}, "global_independence_acceptances": 11909}
{"step": 1, "temperature": 0.08003571752226202, "pre_resample_ess": 3276.8000000004117, "mutation_acceptance": 0.5989903041294643, "independence_acceptances": 56889, "proposal_scale": 1.200314121197844, "root_count": 2714, "log_normalizer": -0.8909804406028092, "elapsed_s": 0.7660687580009835, "evaluations": 233472, "mean": [-0.18760984361228603, -0.09714377285257395, -0.061994875043832776], "block_acceptance": {"controls_0": 0.692138671875, "controls_2": 0.6812744140625, "controls_4": 0.703857421875, "controls_6": 0.29241943359375, "controls_8": 0.42071533203125, "controls_10": 0.901123046875}, "global_independence_acceptances": 8215}
{"step": 2, "temperature": 0.18494778170489018, "pre_resample_ess": 3276.800000000205, "mutation_acceptance": 0.45638602120535715, "independence_acceptances": 42366, "proposal_scale": 1.3307947242456806, "root_count": 2350, "log_normalizer": -1.2399095966684426, "elapsed_s": 1.1510432390005008, "evaluations": 348160, "mean": [-0.18766713897229625, -0.08545511951925483, -0.03124509477635454], "block_acceptance": {"controls_0": 0.31536865234375, "controls_2": 0.4473876953125, "controls_4": 0.7425537109375, "controls_6": 0.4593505859375, "controls_8": 0.3150634765625, "controls_10": 0.59869384765625}, "global_independence_acceptances": 5182}
{"step": 3, "temperature": 0.3357899350212715, "pre_resample_ess": 3276.8000000000156, "mutation_acceptance": 0.40693882533482145, "independence_acceptances": 41612, "proposal_scale": 1.439427857527863, "root_count": 2103, "log_normalizer": -1.3749848675245273, "elapsed_s": 1.5163839090000693, "evaluations": 462848, "mean": [-0.14197536735376773, -0.10943787324365305, -0.017208324382733717], "block_acceptance": {"controls_0": 0.499267578125, "controls_2": 0.48944091796875, "controls_4": 0.37493896484375, "controls_6": 0.39166259765625, "controls_8": 0.2467041015625, "controls_10": 0.65399169921875}, "global_independence_acceptances": 3155}
{"step": 4, "temperature": 0.5286082317583053, "pre_resample_ess": 3276.8000000001257, "mutation_acceptance": 0.23372977120535715, "independence_acceptances": 20544, "proposal_scale": 1.427765449071847, "root_count": 1919, "log_normalizer": -1.2362535496393408, "elapsed_s": 1.936361346000922, "evaluations": 577536, "mean": [-0.10891233528660083, -0.06777093862804208, -0.017353336564637983], "block_acceptance": {"controls_0": 0.183837890625, "controls_2": 0.41046142578125, "controls_4": 0.4434814453125, "controls_6": 0.0657958984375, "controls_8": 0.0701904296875, "controls_10": 0.34918212890625}, "global_independence_acceptances": 1854}
{"step": 5, "temperature": 0.7441677991035023, "pre_resample_ess": 3276.8000000000375, "mutation_acceptance": 0.2861328125, "independence_acceptances": 28472, "proposal_scale": 1.4537944570462722, "root_count": 1724, "log_normalizer": -0.8028628468081029, "elapsed_s": 2.3084322980012075, "evaluations": 692224, "mean": [-0.037426660068413685, -0.05299909060694641, 0.019634814671507], "block_acceptance": {"controls_0": 0.36077880859375, "controls_2": 0.056640625, "controls_4": 0.505615234375, "controls_6": 0.28936767578125, "controls_8": 0.40460205078125, "controls_10": 0.3211669921875}, "global_independence_acceptances": 1061}
{"step": 6, "temperature": 0.9739712865233454, "pre_resample_ess": 3276.8000000000466, "mutation_acceptance": 0.17922537667410715, "independence_acceptances": 15965, "proposal_scale": 1.403248202189943, "root_count": 1474, "log_normalizer": -0.09420181177437659, "elapsed_s": 2.7233075960011774, "evaluations": 806912, "mean": [0.030901516970127444, 0.02003771321454351, 0.025255151614760843], "block_acceptance": {"controls_0": 0.13299560546875, "controls_2": 0.12298583984375, "controls_4": 0.25274658203125, "controls_6": 0.15093994140625, "controls_8": 0.2623291015625, "controls_10": 0.29937744140625}, "global_independence_acceptances": 544}
{"step": 7, "temperature": 1.0, "pre_resample_ess": 4084.6079364784755, "mutation_acceptance": 0.24407087053571427, "independence_acceptances": 24104, "proposal_scale": 1.3990943422947941, "root_count": 1445, "log_normalizer": 0.001413593822724657, "elapsed_s": 3.0894022829997994, "evaluations": 921600, "mean": [0.03990812247117583, 0.025943297091335395, 0.023080856784028568], "block_acceptance": {"controls_0": 0.30950927734375, "controls_2": 0.20050048828125, "controls_4": 0.34228515625, "controls_6": 0.25750732421875, "controls_8": 0.26104736328125, "controls_10": 0.30657958984375}, "global_independence_acceptances": 509}
{"step": 0, "temperature": 0.02089652953247878, "pre_resample_ess": 3276.800000000143, "mutation_acceptance": 0.6739240373883929, "independence_acceptances": 49788, "proposal_scale": 0.9888807483674174, "root_count": 3253, "log_normalizer": -0.42351873507823345, "elapsed_s": 0.412594375999106, "evaluations": 118784, "mean": [-0.1971205399872594, -0.13466460765887067, 0.017442157744053038], "block_acceptance": {"controls_0": 0.684814453125, "controls_2": 0.79345703125, "controls_4": 0.44342041015625, "controls_6": 0.9354248046875, "controls_8": 0.4466552734375, "controls_10": 0.694580078125}, "global_independence_acceptances": 11782}
{"step": 1, "temperature": 0.08014161846449117, "pre_resample_ess": 3276.8000000001316, "mutation_acceptance": 0.5500749860491071, "independence_acceptances": 46013, "proposal_scale": 1.148958592553207, "root_count": 2733, "log_normalizer": -0.8760855890195458, "elapsed_s": 0.8093497429999843, "evaluations": 233472, "mean": [-0.18586993734229687, -0.1283622595009596, -0.005808285177835935], "block_acceptance": {"controls_0": 0.422119140625, "controls_2": 0.68048095703125, "controls_4": 0.5650634765625, "controls_6": 0.5689697265625, "controls_8": 0.43212890625, "controls_10": 0.68878173828125}, "global_independence_acceptances": 8077}
{"step": 2, "temperature": 0.18282446684352033, "pre_resample_ess": 3276.8000000000175, "mutation_acceptance": 0.4694301060267857, "independence_acceptances": 42213, "proposal_scale": 1.282191871963675, "root_count": 2380, "log_normalizer": -1.2277946730605125, "elapsed_s": 1.194326208998973, "evaluations": 348160, "mean": [-0.18402245318328975, -0.10445994996505895, -0.003494264431196982], "block_acceptance": {"controls_0": 0.18353271484375, "controls_2": 0.59173583984375, "controls_4": 0.60980224609375, "controls_6": 0.4693603515625, "controls_8": 0.611572265625, "controls_10": 0.49993896484375}, "global_independence_acceptances": 5244}
{"step": 3, "temperature": 0.3405825128929115, "pre_resample_ess": 3276.8000000000116, "mutation_acceptance": 0.3536900111607143, "independence_acceptances": 33778, "proposal_scale": 1.350420491312416, "root_count": 2133, "log_normalizer": -1.3447313321531587, "elapsed_s": 1.5905083659999946, "evaluations": 462848, "mean": [-0.14819409512969686, -0.09541097588481252, -0.025946434818941957], "block_acceptance": {"controls_0": 0.50274658203125, "controls_2": 0.23919677734375, "controls_4": 0.249755859375, "controls_6": 0.39093017578125, "controls_8": 0.25, "controls_10": 0.6588134765625}, "global_independence_acceptances": 3021}
{"step": 4, "temperature": 0.5332910501336316, "pre_resample_ess": 3276.800000000021, "mutation_acceptance": 0.33383614676339285, "independence_acceptances": 33998, "proposal_scale": 1.4082306980765962, "root_count": 1924, "log_normalizer": -1.200487772332946, "elapsed_s": 1.962667618998239, "evaluations": 577536, "mean": [-0.1171910808187472, -0.07326649260166741, 0.014561250296300808], "block_acceptance": {"controls_0": 0.306884765625, "controls_2": 0.304931640625, "controls_4": 0.44573974609375, "controls_6": 0.210205078125, "controls_8": 0.33831787109375, "controls_10": 0.6168212890625}, "global_independence_acceptances": 1867}
{"step": 5, "temperature": 0.7467927648854871, "pre_resample_ess": 3276.8000000000284, "mutation_acceptance": 0.22296142578125, "independence_acceptances": 20800, "proposal_scale": 1.389320536920447, "root_count": 1736, "log_normalizer": -0.7684521596653573, "elapsed_s": 2.3738054229997942, "evaluations": 692224, "mean": [-0.04258077090484069, -0.036808372783254134, 0.00352981849080723], "block_acceptance": {"controls_0": 0.26361083984375, "controls_2": 0.15234375, "controls_4": 0.170654296875, "controls_6": 0.403076171875, "controls_8": 0.05767822265625, "controls_10": 0.4486083984375}, "global_independence_acceptances": 1061}
{"step": 6, "temperature": 0.9789851914644448, "pre_resample_ess": 3276.8000000000243, "mutation_acceptance": 0.17735944475446427, "independence_acceptances": 15398, "proposal_scale": 1.3397654048757293, "root_count": 1490, "log_normalizer": -0.051137711794742025, "elapsed_s": 2.792529309999736, "evaluations": 806912, "mean": [0.03968975430624383, 0.023746202686860587, -0.0037725282854635593], "block_acceptance": {"controls_0": 0.1348876953125, "controls_2": 0.2109375, "controls_4": 0.24932861328125, "controls_6": 0.05047607421875, "controls_8": 0.2603759765625, "controls_10": 0.3018798828125}, "global_independence_acceptances": 551}
{"step": 7, "temperature": 1.0, "pre_resample_ess": 4088.6223938126323, "mutation_acceptance": 0.23374720982142858, "independence_acceptances": 22312, "proposal_scale": 1.328922060193178, "root_count": 1465, "log_normalizer": 0.025495140503507763, "elapsed_s": 3.1637213859994517, "evaluations": 921600, "mean": [0.031722486510056505, 0.043560376541696054, 0.011785725942423117], "block_acceptance": {"controls_0": 0.21844482421875, "controls_2": 0.2879638671875, "controls_4": 0.15399169921875, "controls_6": 0.265869140625, "controls_8": 0.36859130859375, "controls_10": 0.31011962890625}, "global_independence_acceptances": 512}
{
  "ordered_times": {
    "draws": 100000,
    "expected_four_time_means": [
      0.2,
      0.4,
      0.6,
      0.8
    ],
    "maximum_mean_error": 0.0003393057065845251,
    "log_density_identity_error": 1.3322676295501878e-15,
    "request_encode_roundtrip_error": 8.081313396246514e-13
  },
  "deterministic_dynamics_control": [
    {
      "seed": 37091102,
      "particles": 4096,
      "mode_frequencies": [
        0.19677734375,
        0.199462890625,
        0.209716796875,
        0.19287109375,
        0.201171875
      ],
      "expected_mode_frequencies": [
        0.2,
        0.2,
        0.2,
        0.2,
        0.2
      ],
      "maximum_standardized_mean_error": 0.030144894536957657,
      "maximum_standardized_variance_error": 0.02001953424895464,
      "log_normalizer": 0.001413593822724657,
      "expected_log_normalizer": 0.0,
      "elapsed_s": 3.089715903000979,
      "final_acceptance": 0.24407087053571427,
      "passed": true
    },
    {
      "seed": 37091103,
      "particles": 4096,
      "mode_frequencies": [
        0.202392578125,
        0.1943359375,
        0.223876953125,
        0.18994140625,
        0.189453125
      ],
      "expected_mode_frequencies": [
        0.2,
        0.2,
        0.2,
        0.2,
        0.2
      ],
      "maximum_standardized_mean_error": 0.03400446381128057,
      "maximum_standardized_variance_error": 0.04512760074073163,
      "log_normalizer": 0.025495140503507763,
      "expected_log_normalizer": 0.0,
      "elapsed_s": 3.1640281079999113,
      "final_acceptance": 0.23374720982142858,
      "passed": true
    }
  ],
  "passed": true,
  "elapsed_s": 6.3617722380004125,
  "scope": "Numerical proposal/weight and control-space smoothing check, not MH370 validation or physical calibration.",
  "source_sha256": {
    "/tmp/mh370-command-sampler/forward_backward_control.py": "dcc1083a6e8939a42570c62ce15ba10da2fa1bb80e4ae8215b96935b6cd766aa",
    "/tmp/mh370-command-sampler/sampler.py": "072b881bc9d25bd6e5a99acc3d69986b57086a7e68d2980dd02135f512d0ba2b"
  }
}
