   Compiling libc v0.2.189
   Compiling syn v3.0.4
   Compiling crossbeam-utils v0.8.22
   Compiling crossbeam-epoch v0.9.20
   Compiling crossbeam-deque v0.8.7
   Compiling rayon-core v1.13.0
   Compiling equivalent v1.0.2
   Compiling bitflags v2.13.1
   Compiling crc32fast v1.5.1
   Compiling either v1.18.0
   Compiling simd-adler32 v0.3.10
   Compiling utf8parse v0.2.2
   Compiling adler2 v2.0.1
   Compiling getrandom v0.2.17
   Compiling rustix v0.38.44
   Compiling rand_core v0.6.4
   Compiling miniz_oxide v0.8.9
   Compiling rand_chacha v0.3.1
   Compiling rand v0.8.7
   Compiling rayon v1.12.0
   Compiling anstyle-parse v1.0.0
   Compiling rand_distr v0.4.3
   Compiling core_maths v0.1.1
   Compiling allocator-api2 v0.2.21
   Compiling linux-raw-sys v0.4.15
   Compiling hashbrown v0.17.1
   Compiling is_terminal_polyfill v1.70.2
   Compiling anstyle v1.0.14
   Compiling colorchoice v1.0.5
   Compiling anstyle-query v1.1.5
   Compiling foldhash v0.1.5
   Compiling serde_derive v1.0.229
   Compiling hashbrown v0.15.5
   Compiling indexmap v2.14.0
   Compiling anstream v1.0.0
   Compiling ttf-parser v0.25.1
   Compiling flate2 v1.1.9
   Compiling fdeflate v0.3.7
   Compiling heck v0.5.0
   Compiling strsim v0.11.1
   Compiling anyhow v1.0.104
   Compiling serde v1.0.229
   Compiling once_cell v1.21.4
   Compiling clap_lex v1.1.0
   Compiling toml_write v0.1.2
   Compiling mh370-domain v0.1.0 (/tmp/mh370-flight-integrator/crates/domain)
   Compiling serde_spanned v0.6.9
   Compiling toml_datetime v0.6.11
   Compiling mh370-particle-filter v0.1.0 (/tmp/mh370-flight-integrator/crates/particle-filter)
   Compiling fastrand v2.5.0
   Compiling mh370-dynamics v0.1.0 (/tmp/mh370-flight-integrator/crates/dynamics)
   Compiling mh370-satcom v0.1.0 (/tmp/mh370-flight-integrator/crates/satcom)
   Compiling winnow v0.7.15
   Compiling tempfile v3.13.0
   Compiling mh370-antenna v0.1.0 (/tmp/mh370-flight-integrator/crates/antenna)
   Compiling mh370-end-of-flight v0.1.0 (/tmp/mh370-flight-integrator/crates/end-of-flight)
   Compiling toml_edit v0.22.27
   Compiling clap_builder v4.6.6
   Compiling fontdue v0.9.4
   Compiling clap_derive v4.6.4
   Compiling png v0.18.1
   Compiling memmap2 v0.9.11
   Compiling mh370-ocean-drift v0.1.0 (/tmp/mh370-flight-integrator/crates/ocean-drift)
   Compiling clap v4.6.6
   Compiling mh370-reporting v0.1.0 (/tmp/mh370-flight-integrator/crates/reporting)
   Compiling mh370-estimator v0.1.0 (/tmp/mh370-flight-integrator/crates/estimator)
   Compiling toml v0.8.23
   Compiling mh370-controls v0.1.0 (/tmp/mh370-flight-integrator/crates/controls)
   Compiling mh370-hydroacoustics v0.1.0 (/tmp/mh370-flight-integrator/crates/hydroacoustics)
   Compiling hex v0.4.3
   Compiling mh370-runner v0.1.0 (/tmp/mh370-flight-integrator/crates/runner)
    Finished `release` profile [optimized] target(s) in 2m 06s
