{
  "status": "computational guide, not a probability estimate or physical prior",
  "counts": [
    1,
    0,
    0
  ],
  "late_exhaustion_condition": false,
  "fits": 72,
  "retained_guides": 18,
  "mixture_centres": 17,
  "retained_latitude_span_deg": [
    -37.47747844303618,
    -35.15422754373849
  ],
  "best_data_fit_cost": 8.024702710441746,
  "fit_evaluations": 4802,
  "geometry_evaluations": 255,
  "elapsed_s": 14.52881830700062,
  "input_sha256": {
    "/tmp/mh370-command-sampler/build_flight_guides.py": "f61e64c9a4fc79f6bc797c6943061b996bcb09f6b850f24a7ffe3346f0fcdf04",
    "/tmp/mh370-command-sampler/sampler.py": "f2da83b4b381c2d3be7e51141ff1bb84b5ccfb78c78c0c0e0f30669a652fc5ac",
    "/jackbox/home/.iso/thread-storage/thr_rzreetwcyu/forward-backward-analysis/mh370-screening-flight.toml": "c50c7f123e499dc31379b7ce0db8f515b036f500ba26f631c6741f84e2de63cd",
    "/jackbox/home/MH370/target/release/mh370": "a90229e990276cd3450ee7db2268942758211f82cfb70a0a8f1eff47cd0d001f",
    "/jackbox/home/.iso/thread-storage/thr_rzreetwcyu/flight-assumption-preanalysis/verified-witnesses.jsonl": "86a3f1c8330983092eeff3ddff39251ed49de72b52bd74dcde1f27962a160493",
    "/jackbox/home/.iso/thread-storage/thr_rzreetwcyu/forward-backward-analysis/two-direction-guides/guides.jsonl": "85718a37d4eee7b071d3fd314853b36c5d1d12cdc2f1815628a7736d74885cf7"
  },
  "command": [
    "/tmp/mh370-command-sampler/build_flight_guides.py",
    "--output",
    "/jackbox/home/.iso/thread-storage/thr_rzreetwcyu/forward-backward-analysis/one-direction-guides",
    "--config",
    "/jackbox/home/.iso/thread-storage/thr_rzreetwcyu/forward-backward-analysis/mh370-screening-flight.toml",
    "--counts",
    "1",
    "0",
    "0",
    "--workers",
    "4",
    "--seconds",
    "90",
    "--calls-per-fit",
    "450",
    "--witnesses",
    "/jackbox/home/.iso/thread-storage/thr_rzreetwcyu/flight-assumption-preanalysis/verified-witnesses.jsonl",
    "/jackbox/home/.iso/thread-storage/thr_rzreetwcyu/forward-backward-analysis/two-direction-guides/guides.jsonl"
  ]
}
