{
  "exact_history_count": 102,
  "inline_bytes": 2638265,
  "source_runs": [
    {
      "path": "/jackbox/home/.iso/thread-storage/thr_rzreetwcyu/branching-filter-analysis/runs/turns16-mach8-altitude8-vertical-bfo-170000-seed-37091713",
      "seed": 37091713,
      "examples": 34,
      "initial_candidates": 170000,
      "exact_contact_state_checks": 272,
      "trajectory_sha256": "53f27188f3af47ece3f1a58ad2227a6ff265501c27ee281854877cc0cea8a083",
      "original_posterior_sha256": "971870a8df7da6e95646156395e47de12df6093d8a1f91f77221a925aa7ed96a"
    },
    {
      "path": "/jackbox/home/.iso/thread-storage/thr_rzreetwcyu/branching-filter-analysis/runs/turns16-mach8-altitude8-vertical-bfo-170000-seed-37091714",
      "seed": 37091714,
      "examples": 35,
      "initial_candidates": 170000,
      "exact_contact_state_checks": 280,
      "trajectory_sha256": "078f69456b47b7f514ce7e82943e839da8e06468630aca8b6a7698f61cd1e01f",
      "original_posterior_sha256": "ead10daa20dc02a373f5f621585696ef80b79ec6fffa223400665b3b1e79c332"
    },
    {
      "path": "/jackbox/home/.iso/thread-storage/thr_rzreetwcyu/branching-filter-analysis/runs/turns16-mach8-altitude8-vertical-bfo-seed-37091640",
      "seed": 37091640,
      "examples": 33,
      "initial_candidates": 85000,
      "exact_contact_state_checks": 264,
      "trajectory_sha256": "9632b98f198ca786d8b3197244b5e3a4e719651417cede2f43ec4e16eb8b21f4",
      "original_posterior_sha256": "c1eb9eb2db31f0a2ccd49e088f01a2c76b54ff1d9fdb20dfd7629b5bfe42b80f"
    }
  ]
}
