{
  "status": "provisional conditional PDF; Monte Carlo variation reported without a fixed pass/fail threshold",
  "total_initial_candidates": 170000,
  "regions": {
    "south_of_35S": 0.9247844268256923,
    "between_35S_and_38S": 0.9174348405337571,
    "north_of_35S": 0.07521557317430769,
    "north_of_30S": 0.007387628995641642,
    "south_of_38S": 0.00734958629193507
  },
  "additional_vs_baseline_cdf_difference": [
    0.11297827029691393,
    0.125058590058031
  ],
  "combined_vs_baseline_cdf_difference": [
    0.045692989042917354,
    0.05057875970509071
  ],
  "terminal_operating_state": {
    "altitude_ft": {
      "quantiles_05_50_95": [
        30000.0,
        37000.0,
        42000.0
      ],
      "positive_weight_range": [
        25000.0,
        43000.0
      ],
      "probability_exactly_35000": 0.07157004784120838
    },
    "mach": {
      "quantiles_05_50_95": [
        0.73827022,
        0.8241331,
        0.83896186
      ],
      "positive_weight_range": [
        0.71994749,
        0.84853384
      ]
    },
    "limited_turns": {
      "1": 0.8329950906012904,
      "2": 0.12867794528071397,
      "3": 0.034755456527184425,
      "4": 0.0023380339544409445,
      "5": 0.0010261196167524595,
      "6": 0.00018872870906181728,
      "7": 1.2451261396048917e-05,
      "8": 2.800457131907987e-06,
      "9": 3.014662167978105e-06,
      "10": 2.3823664872954973e-07,
      "11": 1.206138933387525e-07,
      "12": 3.58762650546888e-15,
      "13": 7.931434313313038e-11
    },
    "limited_speed_changes": {
      "0": 0.5078313770210732,
      "1": 0.24319883277071672,
      "2": 0.13090014816546997,
      "3": 0.06299265497956254,
      "4": 0.03625043488603427,
      "5": 0.006736201083448674,
      "6": 0.008017048329847967,
      "7": 0.002145889070905088,
      "8": 0.0019274136929414826
    },
    "limited_altitude_changes": {
      "0": 0.4129621802162404,
      "1": 0.29129926904379866,
      "2": 0.1599471774176437,
      "3": 0.08505033456539884,
      "4": 0.026677783370013884,
      "5": 0.014018347987184362,
      "6": 0.004887778667084071,
      "7": 0.002185997937210186,
      "8": 0.0029711307954257494
    }
  },
  "cell_ranked_probability_areas": {
    "5": {
      "0.5": {
        "area_km2": 1525.0,
        "probability_in_selected_cells": 0.5028743688317526
      },
      "0.8": {
        "area_km2": 5400.0,
        "probability_in_selected_cells": 0.8000282576075219
      },
      "0.9": {
        "area_km2": 9000.0,
        "probability_in_selected_cells": 0.9003038551590171
      },
      "0.95": {
        "area_km2": 13400.0,
        "probability_in_selected_cells": 0.9500083230393613
      }
    },
    "10": {
      "0.5": {
        "area_km2": 2300.0,
        "probability_in_selected_cells": 0.5006390309677149
      },
      "0.8": {
        "area_km2": 7000.0,
        "probability_in_selected_cells": 0.8000944549627785
      },
      "0.9": {
        "area_km2": 11300.0,
        "probability_in_selected_cells": 0.9008844369993559
      },
      "0.95": {
        "area_km2": 16500.0,
        "probability_in_selected_cells": 0.95029154801557
      }
    },
    "20": {
      "0.5": {
        "area_km2": 4000.0,
        "probability_in_selected_cells": 0.5245589266612156
      },
      "0.8": {
        "area_km2": 10400.0,
        "probability_in_selected_cells": 0.8083816637038893
      },
      "0.9": {
        "area_km2": 16000.0,
        "probability_in_selected_cells": 0.9026498081819584
      },
      "0.95": {
        "area_km2": 22800.0,
        "probability_in_selected_cells": 0.9500395394667794
      }
    }
  }
}
