   Compiling proc-macro2 v1.0.107
   Compiling quote v1.0.47
   Compiling unicode-ident v1.0.24
   Compiling version_check v0.9.5
   Compiling serde_core v1.0.229
   Compiling generic-array v0.14.7
   Compiling syn v3.0.4
   Compiling cfg-if v1.0.4
   Compiling serde v1.0.229
   Compiling libc v0.2.189
   Compiling syn v2.0.119
   Compiling serde_derive v1.0.229
   Compiling libm v0.2.16
   Compiling thiserror v1.0.69
   Compiling thiserror-impl v1.0.69
   Compiling zerocopy v0.8.56
   Compiling getrandom v0.2.17
   Compiling crossbeam-utils v0.8.22
   Compiling rand_core v0.6.4
   Compiling mh370-domain v0.1.0 (/jackbox/home/MH370/crates/domain)
   Compiling autocfg v1.5.1
   Compiling typenum v1.20.1
   Compiling ppv-lite86 v0.2.21
   Compiling crossbeam-epoch v0.9.20
   Compiling rand_chacha v0.3.1
   Compiling num-traits v0.2.19
   Compiling crossbeam-deque v0.8.7
   Compiling rand v0.8.7
   Compiling rayon-core v1.13.0
   Compiling crypto-common v0.1.7
   Compiling block-buffer v0.10.4
   Compiling equivalent v1.0.2
   Compiling zmij v1.0.23
   Compiling digest v0.10.7
   Compiling rand_distr v0.4.3
   Compiling crc32fast v1.5.1
   Compiling bitflags v2.13.1
   Compiling either v1.18.0
   Compiling serde_json v1.0.151
   Compiling cpufeatures v0.2.17
   Compiling simd-adler32 v0.3.10
   Compiling sha2 v0.10.9
   Compiling rayon v1.12.0
   Compiling utf8parse v0.2.2
   Compiling rustix v0.38.44
   Compiling memchr v2.8.3
   Compiling adler2 v2.0.1
   Compiling itoa v1.0.18
   Compiling miniz_oxide v0.8.9
   Compiling anstyle-parse v1.0.0
   Compiling core_maths v0.1.1
   Compiling colorchoice v1.0.5
   Compiling hashbrown v0.17.1
   Compiling is_terminal_polyfill v1.70.2
   Compiling foldhash v0.1.5
   Compiling allocator-api2 v0.2.21
   Compiling anstyle-query v1.1.5
   Compiling linux-raw-sys v0.4.15
   Compiling anstyle v1.0.14
   Compiling anstream v1.0.0
   Compiling indexmap v2.14.0
   Compiling hashbrown v0.15.5
   Compiling ttf-parser v0.25.1
   Compiling flate2 v1.1.9
   Compiling mh370-particle-filter v0.1.0 (/jackbox/home/MH370/crates/particle-filter)
   Compiling mh370-dynamics v0.1.0 (/jackbox/home/MH370/crates/dynamics)
   Compiling fdeflate v0.3.7
   Compiling mh370-satcom v0.1.0 (/jackbox/home/MH370/crates/satcom)
   Compiling serde_spanned v0.6.9
   Compiling toml_datetime v0.6.11
   Compiling strsim v0.11.1
   Compiling heck v0.5.0
   Compiling winnow v0.7.15
   Compiling fastrand v2.5.0
   Compiling clap_lex v1.1.0
   Compiling once_cell v1.21.4
   Compiling anyhow v1.0.104
   Compiling toml_write v0.1.2
   Compiling tempfile v3.13.0
   Compiling toml_edit v0.22.27
   Compiling clap_builder v4.6.6
   Compiling clap_derive v4.6.4
   Compiling png v0.18.1
   Compiling fontdue v0.9.4
   Compiling mh370-runner v0.1.0 (/jackbox/home/MH370/crates/runner)
   Compiling mh370-end-of-flight v0.1.0 (/jackbox/home/MH370/crates/end-of-flight)
   Compiling mh370-antenna v0.1.0 (/jackbox/home/MH370/crates/antenna)
   Compiling memmap2 v0.9.11
   Compiling mh370-ocean-drift v0.1.0 (/jackbox/home/MH370/crates/ocean-drift)
   Compiling mh370-estimator v0.1.0 (/jackbox/home/MH370/crates/estimator)
   Compiling mh370-controls v0.1.0 (/jackbox/home/MH370/crates/controls)
   Compiling mh370-reporting v0.1.0 (/jackbox/home/MH370/crates/reporting)
   Compiling clap v4.6.6
   Compiling toml v0.8.23
   Compiling mh370-hydroacoustics v0.1.0 (/jackbox/home/MH370/crates/hydroacoustics)
   Compiling hex v0.4.3
    Finished `iteration` profile [optimized] target(s) in 1m 50s
