{
  "status": "provisional conditional PDF; Monte Carlo variation reported without a fixed pass/fail threshold",
  "total_initial_candidates": 425000,
  "regions": {
    "south_of_35S": 0.9088727931527267,
    "between_35S_and_38S": 0.8972492862971887,
    "north_of_35S": 0.0911272068472733,
    "north_of_30S": 0.010503738594138917,
    "south_of_38S": 0.011623506855538045
  },
  "additional_vs_baseline_cdf_difference": [
    0.07421651280057862,
    0.11246619812718106
  ],
  "combined_vs_baseline_cdf_difference": [
    0.043004119251227324,
    0.06516757003915408
  ],
  "terminal_operating_state": {
    "altitude_ft": {
      "quantiles_05_50_95": [
        30000.0,
        37000.0,
        42000.0
      ],
      "positive_weight_range": [
        25000.0,
        43000.0
      ],
      "probability_exactly_35000": 0.090232971691972
    },
    "mach": {
      "quantiles_05_50_95": [
        0.73781446,
        0.82291101,
        0.83871466
      ],
      "positive_weight_range": [
        0.71994749,
        0.85038481
      ]
    },
    "limited_turns": {
      "1": 0.8194617476970508,
      "2": 0.1405406185494938,
      "3": 0.03326600095244654,
      "4": 0.005541718053413998,
      "5": 0.0010232294346265458,
      "6": 0.00013195379196048393,
      "7": 1.685499018072138e-05,
      "8": 1.001776473095561e-05,
      "9": 7.705820863358784e-06,
      "10": 1.0194282640857995e-07,
      "11": 5.096874032354095e-08,
      "12": 3.097317375634072e-13,
      "13": 3.3356329993992784e-11
    },
    "limited_speed_changes": {
      "0": 0.4818046058165895,
      "1": 0.258903983145216,
      "2": 0.13306596092627504,
      "3": 0.0611129714624872,
      "4": 0.032245698851845264,
      "5": 0.014527047509356492,
      "6": 0.008581771849619509,
      "7": 0.005183288267043009,
      "8": 0.004574672171568045
    },
    "limited_altitude_changes": {
      "0": 0.4075701101255438,
      "1": 0.29885381744593786,
      "2": 0.1529028740400707,
      "3": 0.07450575798526973,
      "4": 0.03494722806189125,
      "5": 0.019755139070528373,
      "6": 0.005461114999263932,
      "7": 0.0025663082166476224,
      "8": 0.003437650054846712
    }
  },
  "cell_ranked_probability_areas": {
    "5": {
      "0.5": {
        "area_km2": 2275.0,
        "probability_in_selected_cells": 0.5005367453485816
      },
      "0.8": {
        "area_km2": 7075.0,
        "probability_in_selected_cells": 0.800491483658774
      },
      "0.9": {
        "area_km2": 11450.0,
        "probability_in_selected_cells": 0.9000568977856582
      },
      "0.95": {
        "area_km2": 16750.0,
        "probability_in_selected_cells": 0.9501200167757806
      }
    },
    "10": {
      "0.5": {
        "area_km2": 3000.0,
        "probability_in_selected_cells": 0.5085335237284446
      },
      "0.8": {
        "area_km2": 8600.0,
        "probability_in_selected_cells": 0.8022736333256248
      },
      "0.9": {
        "area_km2": 14000.0,
        "probability_in_selected_cells": 0.9006878367558141
      },
      "0.95": {
        "area_km2": 20200.0,
        "probability_in_selected_cells": 0.9501755366852839
      }
    },
    "20": {
      "0.5": {
        "area_km2": 4000.0,
        "probability_in_selected_cells": 0.5098085356684734
      },
      "0.8": {
        "area_km2": 11600.0,
        "probability_in_selected_cells": 0.8017916216429631
      },
      "0.9": {
        "area_km2": 18800.0,
        "probability_in_selected_cells": 0.900221982238258
      },
      "0.95": {
        "area_km2": 27200.0,
        "probability_in_selected_cells": 0.9508337958371902
      }
    }
  }
}
{
  "status": "provisional conditional PDF; Monte Carlo variation reported without a fixed pass/fail threshold",
  "total_initial_candidates": 680000,
  "regions": {
    "south_of_35S": 0.907964876772211,
    "between_35S_and_38S": 0.8959183609049783,
    "north_of_35S": 0.09203512322778898,
    "north_of_30S": 0.011067077520613321,
    "south_of_38S": 0.012046515867232557
  },
  "additional_vs_baseline_cdf_difference": [
    0.06248831391029547,
    0.09283847562449293
  ],
  "combined_vs_baseline_cdf_difference": [
    0.04598813602399815,
    0.0683242702212899
  ],
  "terminal_operating_state": {
    "altitude_ft": {
      "quantiles_05_50_95": [
        30000.0,
        37000.0,
        42000.0
      ],
      "positive_weight_range": [
        25000.0,
        43000.0
      ],
      "probability_exactly_35000": 0.09403994259126272
    },
    "mach": {
      "quantiles_05_50_95": [
        0.73835119,
        0.8228093,
        0.83865961
      ],
      "positive_weight_range": [
        0.71763452,
        0.85038481
      ]
    },
    "limited_turns": {
      "1": 0.8193946400745682,
      "2": 0.13407764844097442,
      "3": 0.0317843524598458,
      "4": 0.011049052408078703,
      "5": 0.003009168653244742,
      "6": 0.0005709007371578682,
      "7": 6.127570502121239e-05,
      "8": 4.791336677235169e-05,
      "9": 4.899734925778496e-06,
      "10": 1.1619495553708136e-07,
      "11": 3.220293747313714e-08,
      "12": 1.9566255356696093e-13,
      "13": 2.1322283917527395e-11,
      "14": 4.4446031900436565e-76
    },
    "limited_speed_changes": {
      "0": 0.46650361101652876,
      "1": 0.2723631694736277,
      "2": 0.13291123110224942,
      "3": 0.0615420786014009,
      "4": 0.029413937930177166,
      "5": 0.016399902202625077,
      "6": 0.009708096121971063,
      "7": 0.005541942781141755,
      "8": 0.005616030770277997
    },
    "limited_altitude_changes": {
      "0": 0.4032774620603237,
      "1": 0.3005462521712819,
      "2": 0.15944488729285672,
      "3": 0.07367052344847023,
      "4": 0.032340534280859624,
      "5": 0.016633860482980257,
      "6": 0.007381898692952423,
      "7": 0.002933216341696996,
      "8": 0.003771365228578081
    }
  },
  "cell_ranked_probability_areas": {
    "5": {
      "0.5": {
        "area_km2": 2550.0,
        "probability_in_selected_cells": 0.5015071212479099
      },
      "0.8": {
        "area_km2": 7600.0,
        "probability_in_selected_cells": 0.8001907842766266
      },
      "0.9": {
        "area_km2": 12325.0,
        "probability_in_selected_cells": 0.9000586560870786
      },
      "0.95": {
        "area_km2": 17775.0,
        "probability_in_selected_cells": 0.9500860010401477
      }
    },
    "10": {
      "0.5": {
        "area_km2": 3100.0,
        "probability_in_selected_cells": 0.5082525236391428
      },
      "0.8": {
        "area_km2": 9000.0,
        "probability_in_selected_cells": 0.8012809037162921
      },
      "0.9": {
        "area_km2": 14600.0,
        "probability_in_selected_cells": 0.9003329855639111
      },
      "0.95": {
        "area_km2": 21000.0,
        "probability_in_selected_cells": 0.9500543200627495
      }
    },
    "20": {
      "0.5": {
        "area_km2": 4000.0,
        "probability_in_selected_cells": 0.5064598114334461
      },
      "0.8": {
        "area_km2": 12000.0,
        "probability_in_selected_cells": 0.8031642121790663
      },
      "0.9": {
        "area_km2": 20000.0,
        "probability_in_selected_cells": 0.9030344849041838
      },
      "0.95": {
        "area_km2": 27600.0,
        "probability_in_selected_cells": 0.9507215016592644
      }
    }
  }
}
