   Compiling proc-macro2 v1.0.107
   Compiling quote v1.0.47
   Compiling unicode-ident v1.0.24
   Compiling version_check v0.9.5
   Compiling libc v0.2.189
   Compiling generic-array v0.14.7
   Compiling zerocopy v0.8.56
   Compiling cfg-if v1.0.4
   Compiling typenum v1.20.1
   Compiling autocfg v1.5.1
   Compiling libm v0.2.16
   Compiling serde_core v1.0.229
   Compiling num-traits v0.2.19
   Compiling getrandom v0.2.17
   Compiling rand_core v0.6.4
   Compiling ppv-lite86 v0.2.21
   Compiling syn v3.0.4
   Compiling syn v2.0.119
   Compiling thiserror v1.0.69
   Compiling serde v1.0.229
   Compiling thiserror-impl v1.0.69
   Compiling serde_derive v1.0.229
   Compiling rand_chacha v0.3.1
   Compiling block-buffer v0.10.4
   Compiling crypto-common v0.1.7
   Compiling zmij v1.0.23
   Compiling digest v0.10.7
   Compiling rand v0.8.7
   Compiling serde_json v1.0.151
   Compiling cpufeatures v0.2.17
   Compiling sha2 v0.10.9
   Compiling mh370-domain v0.1.0 (/tmp/mh370-independent-command-rates/crates/domain)
   Compiling rand_distr v0.4.3
   Compiling itoa v1.0.18
   Compiling memchr v2.8.3
   Compiling approx v0.5.1
   Compiling mh370-dynamics v0.1.0 (/tmp/mh370-independent-command-rates/crates/dynamics)
    Finished `test` profile [unoptimized + debuginfo] target(s) in 12.20s
     Running unittests src/lib.rs (target/debug/deps/mh370_dynamics-f1a50ab8cbc61efd)

running 83 tests
test environment::tests::altitude_extension_preserves_each_time_and_all_fields ... ok
test environment::tests::era5_interpolates_all_four_axes_and_converts_wind_units ... ok
test environment::tests::era5_temperature_and_pressure_altitude_reproduce_manifest_density_contract ... ok
test environment::tests::igrf_interpolates_declination_across_angular_wrap ... ok
test environment::tests::parser_rejects_short_or_nonmonotonic_data ... ok
test environment::tests::igrf_interpolates_east_positive_declination ... ok
test one_turn::tests::absolute_lattice_is_invariant_to_scalar_and_direct_to_output_partitions ... ok
test one_turn::tests::direct_to_parameter_canonicalization_only_removes_inactive_scalar ... ok
test one_turn::tests::direct_to_preserves_initial_ctt_then_uses_derived_waypoint_track ... ok
test one_turn::tests::direct_to_single_leg_rejects_arrival_during_a_lattice_cell ... ok
test one_turn::tests::environment_aware_heading_propagation_is_sequential_and_explicit ... ok
test one_turn::tests::exact_turn_is_post_turn_and_derived_direct_course_matches_likelihood_path ... ok
test one_turn::tests::presentation_velocity_uses_exact_epoch_era5_igrf_and_waypoint_tangent ... ok
test one_turn::tests::sampled_and_mutated_parameters_remain_in_the_declared_prior ... ok
test one_turn::tests::trajectory_turns_once_and_preserves_constant_speed_and_altitude ... ok
test one_turn::tests::true_reference_modes_do_not_query_inactive_igrf ... ok
test powered_flight::tests::adaptive_steps_use_coarse_cruise_and_fine_transition_segments ... ok
test powered_flight::tests::adding_candidates_does_not_shift_existing_marks_or_the_renewal_clock ... ok
test powered_flight::tests::all_negative_infinity_scores_use_the_uniform_candidate_law ... ok
test powered_flight::tests::bank_rollout_turn_is_retained_without_heading_snap ... ok
test powered_flight::tests::benchmark_six_hour_uniform_and_adaptive_cadences ... ignored, manual release-mode cadence throughput benchmark
test powered_flight::tests::bridge_split_reuses_one_transition_context_without_changing_results_or_rng_tail ... ok
test powered_flight::tests::climb_and_turn_near_stall_remain_inside_actual_midpoint_lift_envelope ... ok
test powered_flight::tests::descent_from_vmo_decelerates_within_rate_or_returns_typed_conflict ... ok
test powered_flight::tests::due_east_constant_heading_preserves_ellipsoidal_parallel ... ok
test powered_flight::tests::event_candidate_probabilities_give_the_exact_auxiliary_identity ... ok
test powered_flight::tests::event_limit_is_a_reported_error_not_silent_truncation ... ok
test powered_flight::tests::events_are_exact_boundaries_and_endpoint_commands_are_post_event ... ok
test powered_flight::tests::fifteen_second_solution_controls_thirty_and_sixty_second_error ... ok
test powered_flight::tests::finite_rate_course_speed_and_altitude_changes_respect_declared_caps ... ok
test powered_flight::tests::geometric_great_circle_leg_renews_before_artificial_endpoint ... ok
test powered_flight::tests::heading_capture_matches_independent_exponential_limit ... ok
test powered_flight::tests::ineligible_proposal_path_is_bitwise_identical_to_the_legacy_step_and_rng_tail ... ok
test powered_flight::tests::initialization_rejects_vertical_speed_outside_declared_limits ... ok
test powered_flight::tests::initialized_pending_renewals_record_their_dwell_origins_without_extra_rng_draws ... ok
test powered_flight::tests::invalid_candidates_keep_defensive_support_and_fail_only_when_selected ... ok
test powered_flight::tests::magnetic_altitude_clamp_is_declared_counted_and_can_be_rejected ... ok
test powered_flight::tests::magnetic_modes_require_declination_but_true_modes_do_not ... ok
test powered_flight::tests::obsolete_numeric_event_clock_schema_fails_closed ... ok
test powered_flight::tests::proposal_configuration_is_bounded_and_rejects_nonfinite_probabilities ... ok
test powered_flight::tests::proposal_records_due_events_at_entry_and_endpoint_in_physical_order ... ok
test powered_flight::tests::proposal_rng_keys_are_tuple_separated_and_candidate_stable ... ok
test powered_flight::tests::randomized_history_respects_stepwise_rate_and_speed_envelopes ... ok
test powered_flight::tests::renewal_refresh_after_not_before_uses_exponential_memorylessness ... ok
test powered_flight::tests::renewal_refresh_before_not_before_anchors_at_the_dwell_boundary ... ok
test powered_flight::tests::renewal_refresh_is_replay_pure_and_changes_only_the_selected_next_event ... ok
test powered_flight::tests::renewal_refresh_rejects_clock_process_and_current_time_mismatches ... ok
test powered_flight::tests::renewal_refresh_rejects_disabled_due_and_nonunit_streams ... ok
test powered_flight::tests::renewal_refresh_rejects_only_origins_beyond_the_time_tolerance ... ok
test powered_flight::tests::renewed_pending_clock_records_event_time_plus_minimum_dwell ... ok
test powered_flight::tests::reusable_manual_budget_counts_due_entry_and_cross_step_events ... ok
test powered_flight::tests::same_seed_and_settings_are_bitwise_deterministic_including_events ... ok
test powered_flight::tests::scorer_rejects_nan_and_positive_infinity_but_accepts_negative_infinity ... ok
test powered_flight::tests::segment_carries_the_exact_weather_used_at_both_endpoints ... ok
test powered_flight::tests::stall_floor_responds_to_mass_and_bank_and_vmo_caps_high_altitude ... ok
test powered_flight::tests::state_and_declared_process_round_trip_through_serde ... ok
test powered_flight::tests::straight_level_zero_wind_closes_distance_and_preserves_state ... ok
test powered_flight::tests::ulp_crossed_reachable_boundary_collapses_without_panicking ... ok
test stochastic_cruise::tests::bounded_clocks_match_independent_censored_poisson_moments ... ok
test stochastic_cruise::tests::command_guide_respects_constant_track_and_geodesic_navigation ... ok
test stochastic_cruise::tests::cruise_integration_preserves_parallel_and_refines_combined_manoeuvre ... ok
test stochastic_cruise::tests::fractional_boundary_preserves_vertical_velocity_and_dateline_geometry ... ok
test stochastic_cruise::tests::independent_clocks_keep_their_rates_after_contacts_and_count_limits ... ok
test stochastic_cruise::tests::independent_rates_preserve_temporal_dependence_without_cross_command_coupling ... ok
test stochastic_cruise::tests::initial_measured_direction_is_shared_across_navigation_modes_with_wind ... ok
test stochastic_cruise::tests::marginal_rate_preserves_cross_interval_dependence_of_shared_rate_prior ... ok
test stochastic_cruise::tests::noiseless_cruise_tracks_independent_geodesic_fixture ... ok
test stochastic_cruise::tests::ongoing_climb_cannot_be_replaced_and_survives_observation_boundaries ... ok
test stochastic_cruise::tests::ou_increment_matches_published_mach_variance ... ok
test stochastic_cruise::tests::rare_first_event_proposal_preserves_survival_and_timing_integrals ... ok
test stochastic_cruise::tests::zero_limits_begin_at_declared_epoch_and_preserve_prior_exposure ... ok
test tests::constant_track_propagation_closes_elapsed_distance_and_altitude ... ok
test tests::magnetic_sign_and_heading_track_wind_resolution_match_convention ... ok
test three_dof::tests::ballistic_free_fall_conserves_mechanical_energy_and_has_zero_specific_load ... ok
test three_dof::tests::constant_acceleration_descent_matches_closed_form_energy_and_components ... ok
test three_dof::tests::coordinated_level_turn_combines_vertical_and_lateral_specific_load ... ok
test three_dof::tests::level_unaccelerated_flight_is_one_g_with_no_energy_change ... ok
test three_dof::tests::raw_bfo_median_regression_matches_vertical_acceleration_and_energy_change ... ok
test waypoint::tests::configured_long_polar_davis_leg_matches_geographiclib_and_closes ... ok
test waypoint::tests::guidance_has_expected_cardinal_tracks_on_equator_and_meridian ... ok
test waypoint::tests::guidance_rejects_arrival_instead_of_inventing_a_next_leg ... ok
test waypoint::tests::inverse_wgs84_matches_vincenty_flinders_peak_benchmark ... ok
test one_turn::tests::canonical_era5_igrf_endpoints_are_invariant_to_requested_epoch_partition ... ok

test result: ok. 82 passed; 0 failed; 1 ignored; 0 measured; 0 filtered out; finished in 6.26s

   Doc-tests mh370_dynamics

running 0 tests

test result: ok. 0 passed; 0 failed; 0 ignored; 0 measured; 0 filtered out; finished in 0.00s

