   Compiling syn v3.0.4
   Compiling libc v0.2.189
   Compiling getrandom v0.2.17
   Compiling crossbeam-utils v0.8.22
   Compiling rand_core v0.6.4
   Compiling crossbeam-epoch v0.9.20
   Compiling rand_chacha v0.3.1
   Compiling crossbeam-deque v0.8.7
   Compiling rand v0.8.7
   Compiling rayon-core v1.13.0
   Compiling serde_derive v1.0.229
   Compiling rand_distr v0.4.3
   Compiling either v1.18.0
   Compiling rayon v1.12.0
   Compiling serde v1.0.229
   Compiling mh370-domain v0.1.0 (/tmp/mh370-independent-command-rates/crates/domain)
   Compiling equivalent v1.0.2
   Compiling simd-adler32 v0.3.10
   Compiling bitflags v2.13.1
   Compiling crc32fast v1.5.1
   Compiling mh370-satcom v0.1.0 (/tmp/mh370-independent-command-rates/crates/satcom)
   Compiling mh370-dynamics v0.1.0 (/tmp/mh370-independent-command-rates/crates/dynamics)
   Compiling mh370-particle-filter v0.1.0 (/tmp/mh370-independent-command-rates/crates/particle-filter)
   Compiling rustix v0.38.44
   Compiling utf8parse v0.2.2
   Compiling adler2 v2.0.1
   Compiling miniz_oxide v0.8.9
   Compiling anstyle-parse v1.0.0
   Compiling mh370-end-of-flight v0.1.0 (/tmp/mh370-independent-command-rates/crates/end-of-flight)
   Compiling core_maths v0.1.1
   Compiling foldhash v0.1.5
   Compiling linux-raw-sys v0.4.15
   Compiling allocator-api2 v0.2.21
   Compiling is_terminal_polyfill v1.70.2
   Compiling hashbrown v0.17.1
   Compiling colorchoice v1.0.5
   Compiling anstyle v1.0.14
   Compiling anstyle-query v1.1.5
   Compiling anstream v1.0.0
   Compiling indexmap v2.14.0
   Compiling hashbrown v0.15.5
   Compiling ttf-parser v0.25.1
   Compiling flate2 v1.1.9
   Compiling fdeflate v0.3.7
   Compiling serde_spanned v0.6.9
   Compiling toml_datetime v0.6.11
   Compiling toml_write v0.1.2
   Compiling winnow v0.7.15
   Compiling clap_lex v1.1.0
   Compiling once_cell v1.21.4
   Compiling fastrand v2.5.0
   Compiling heck v0.5.0
   Compiling anyhow v1.0.104
   Compiling strsim v0.11.1
   Compiling clap_builder v4.6.6
   Compiling toml_edit v0.22.27
   Compiling clap_derive v4.6.4
   Compiling tempfile v3.13.0
   Compiling png v0.18.1
   Compiling fontdue v0.9.4
   Compiling mh370-estimator v0.1.0 (/tmp/mh370-independent-command-rates/crates/estimator)
   Compiling mh370-antenna v0.1.0 (/tmp/mh370-independent-command-rates/crates/antenna)
   Compiling mh370-runner v0.1.0 (/tmp/mh370-independent-command-rates/crates/runner)
   Compiling memmap2 v0.9.11
   Compiling mh370-ocean-drift v0.1.0 (/tmp/mh370-independent-command-rates/crates/ocean-drift)
   Compiling mh370-controls v0.1.0 (/tmp/mh370-independent-command-rates/crates/controls)
   Compiling mh370-reporting v0.1.0 (/tmp/mh370-independent-command-rates/crates/reporting)
   Compiling clap v4.6.6
   Compiling toml v0.8.23
   Compiling mh370-hydroacoustics v0.1.0 (/tmp/mh370-independent-command-rates/crates/hydroacoustics)
   Compiling hex v0.4.3
    Finished `test` profile [unoptimized + debuginfo] target(s) in 43.77s
     Running unittests src/lib.rs (target/debug/deps/mh370_estimator-13a1c944a132d100)

running 63 tests
test broad_flight::tests::bridge_carries_initially_rejected_particles_to_zero_endpoint_likelihood ... ok
test broad_flight::tests::continuation_preclassifies_exhaustion_before_checkpoint ... ok
test broad_flight::tests::epsilon_one_event_mark_proposal_is_uniform_and_skips_every_proxy ... ok
test broad_flight::tests::event_mark_guide_configuration_is_exact_id_typed_and_requires_local_k1 ... ok
test broad_flight::tests::changing_mach_exhaustion_converges_to_independent_flow_integral ... ok
test broad_flight::tests::event_mark_guide_uses_inclusive_lead_bounds_and_only_lateral_events ... ok
test broad_flight::tests::event_mark_guide_is_pure_corrected_and_observation_is_assimilated_once ... ok
test broad_flight::tests::exact_boundary_replay_restores_rng_and_splits_engine_events ... ok
test broad_flight::tests::exact_continuation_reports_no_exhaustion_by_bound ... ok
test broad_flight::tests::exact_dual_exhaustion_boundary_is_cadence_independent ... ok
test broad_flight::tests::exact_intermediate_filter_assimilates_only_the_physical_endpoint ... ok
test broad_flight::tests::frozen_command_proxy_is_candidate_sensitive_clock_independent_and_uses_carried_bfo_state ... ok
test broad_flight::tests::fuel_selection_guide_classifies_strict_window_and_floor_outcomes ... ok
test broad_flight::tests::fuel_selection_guide_configuration_and_post_anchor_guard_are_typed ... ok
test broad_flight::tests::fuel_selection_guide_is_pure_and_independent_of_satcom_values ... ok
test broad_flight::tests::latin_hypercube_model_uses_every_quantile_cell_once_without_weight_correction ... ok
test broad_flight::tests::log_space_latin_hypercube_has_exact_cell_cdf_and_log_mean ... ok
test broad_flight::tests::multiple_try_correction_is_exact_and_keyed_rng_deterministic ... ok
test broad_flight::tests::event_mark_proposal_composes_with_root_stratified_transition_pool ... ok
test broad_flight::tests::neutral_fuel_selection_guide_is_exactly_one_for_every_outcome ... ok
test broad_flight::tests::neutral_satcom_potentials_are_exactly_one_and_do_not_assimilate ... ok
test broad_flight::tests::no_resample_refresh_seam_preserves_legacy_filter_bytes ... ok
test broad_flight::tests::pending_renewal_refresh_fails_closed_for_due_and_nonunit_clocks ... ok
test broad_flight::tests::pending_renewal_refresh_is_exact_typed_and_kind_domain_separated ... ok
test broad_flight::tests::persistent_fuel_twist_finalizes_to_physical_weights_and_evidence ... ok
test broad_flight::tests::post_proposal_dynamics_rejection_discards_orphan_proxy_counts ... ok
test broad_flight::tests::powered_feasibility_requires_nonnegative_finite_drag_allowance ... ok
test broad_flight::tests::powered_limit_activity_is_preserved_for_posterior_audit ... ok
test broad_flight::tests::proposal_candidate_schedule_has_exact_deterministic_boundaries ... ok
test broad_flight::tests::real_broad_filter_refreshes_only_m1839_resample_without_changing_target_state ... ok
test broad_flight::tests::satcom_intermediate_schedule_is_typed_and_has_exact_boundaries ... ok
test broad_flight::tests::satcom_potential_matches_remaining_hour_process_scales_and_bias_variance ... ok
test broad_flight::tests::selected_end_event_commits_only_its_keyed_proxy_counts ... ok
test broad_flight::tests::selected_unmaterializable_mark_retains_proposal_diagnostic_before_rejection ... ok
test broad_flight::tests::split_satcom_transition_enforces_one_cumulative_event_budget ... ok
test broad_flight::tests::stratified_filter_recovers_ordered_anchor_and_satcom_state ... ok
test broad_flight::tests::stratum_override_initializes_within_each_log_flow_bin ... ok
test broad_flight::tests::terminal_tangent_guide_clamps_altitude_to_declared_limits ... ok
test broad_flight::tests::tiered_short_interval_k1_is_byte_compatible_with_legacy_k1 ... ok
test broad_flight::tests::unmatched_event_mark_schedule_preserves_legacy_proposal_bytes_and_rng_tail ... ok
test broad_flight::tests::zero_likelihood_operations_do_not_revive_rejected_particles ... ok
test broad_handoff::tests::broad_evidence_consumption_is_atomic ... ok
test broad_handoff::tests::filtering_builder_preserves_and_validates_event_mark_proposal_correction ... ok
test broad_handoff::tests::filtering_builder_preserves_slots_roots_strata_and_round_trips ... ok
test broad_handoff::tests::filtering_builder_records_no_bfo_evidence_for_bto_only_ablation ... ok
test broad_handoff::tests::metadata_distinguishes_filtered_and_smoothed_checkpoints ... ok
test broad_handoff::tests::schema_two_validates_refresh_metadata_counters_and_pending_pairs ... ok
test broad_handoff::tests::smoothed_builder_aggregates_exact_descendant_weights ... ok
test broad_flight::tests::neutral_bridge_subdivision_preserves_random_event_cadence_within_one_nm ... ok
test cruise_filter::partition_controls::initial_partition_preserves_uniform_and_discrete_prior_moments ... ok
test final_flight::tests::final_flight_sampler_is_deterministic_and_finite ... ok
test posterior_handoff::tests::current_reader_accepts_legacy_v1_scalar_handoffs_only ... ok
test posterior_handoff::tests::evidence_can_only_be_consumed_once ... ok
test posterior_handoff::tests::exact_two_particle_serde_round_trip ... ok
test posterior_handoff::tests::fixed_waypoint_is_typed_once_at_run_level_and_required_for_lnav ... ok
test posterior_handoff::tests::validation_rejects_mismatched_aircraft_and_full_bias_mean ... ok
test posterior_handoff::tests::validation_requires_canonical_aircraft_and_turn_positions ... ok
test posterior_handoff::tests::validation_requires_canonical_aircraft_heading_and_turn_bearings ... ok
test posterior_handoff::tests::validation_requires_logsumexp_normalized_weights ... ok
test posterior_handoff::tests::validation_requires_strictly_positive_ground_speed ... ok
test tests::compact_parser_joins_ephemeris_by_identifier ... ok
test tests::parser_rejects_missing_ephemeris_and_invalid_bfo_override ... ok
test cruise_filter::partition_controls::retained_initial_guidance_matches_independent_path_enumeration ... ok

test result: ok. 63 passed; 0 failed; 0 ignored; 0 measured; 0 filtered out; finished in 1.82s

     Running unittests src/main.rs (target/debug/deps/mh370-eba4494870fccd0b)

running 107 tests
test accident_commands::tests::artifact_schemas_and_machine_tokens_are_explicit ... ok
test accident_commands::tests::geographic_report_labels_use_cardinal_hemispheres ... ok
test accident_commands::tests::standalone_seed_identity_requires_complete_typed_lnav_route ... ok
test broad_flight_commands::tests::all_observation_snapshot_export_is_opt_in_and_fuel_anchor_is_optional ... ok
test broad_flight_commands::tests::checked_in_broad_pilot_preserves_fuel_support_in_one_hundred_strata ... ok
test broad_flight_commands::tests::active_persistent_twist_accepts_bridge_and_rejects_other_inference_designs ... ok
test broad_flight_commands::tests::final_bridge_aggregate_applies_outer_untwist_but_nested_candidate_pool_stays_twisted ... ok
test broad_flight_commands::tests::fuel_selection_compatibility_uses_evidence_weighted_seed_mixture ... ok
test broad_flight_commands::tests::epsilon_one_satcom_event_mark_guide_serializes_exact_uniform_neutrality ... ok
test broad_flight_commands::tests::fuel_selection_diagnostics_skip_zero_weight_pre_anchor_placeholders ... ok
test broad_flight_commands::tests::fuel_selection_diagnostics_contract_records_proposal_only_provenance ... ok
test broad_flight_commands::tests::fuel_selection_guide_coexists_with_endpoint_k4_bridge ... ok
test broad_flight_commands::tests::fuel_selection_guide_starts_strictly_after_the_anchor_and_neutral_is_unguided ... ok
test broad_flight_commands::tests::fuel_selection_guide_rejects_unlocked_source_semantics_and_incompatible_inference ... ok
test broad_flight_commands::tests::fuel_selection_guide_time_window_is_locked_to_the_canonical_full_source ... ok
test broad_flight_commands::tests::intermediate_bridge_diagnostics_contract_is_provenance_bound ... ok
test broad_flight_commands::tests::intermediate_bridge_defaults_and_explicit_toml_resolve_identically ... ok
test broad_flight_commands::tests::intermediate_bridge_realizes_only_long_bto_endpoint_intervals ... ok
test broad_flight_commands::tests::interval_tier_proposal_schedule_parses_and_preserves_exact_boundaries ... ok
test broad_flight_commands::tests::island_config_expands_every_scientific_stratum_without_changing_its_prior ... ok
test broad_flight_commands::tests::island_config_rejects_a_population_mismatch ... ok
test broad_flight_commands::tests::intermediate_bridge_rejects_other_inference_designs_and_nonlocal_k1 ... ok
test broad_flight_commands::tests::island_config_rejects_repeated_latin_hypercube_cells ... ok
test broad_flight_commands::tests::latin_hypercube_config_spelling_is_stable ... ok
test broad_flight_commands::tests::log_space_latin_hypercube_rejects_legacy_fuel_support_partitions ... ok
test broad_flight_commands::tests::log_space_latin_hypercube_uses_only_twenty_structural_strata ... ok
test broad_flight_commands::tests::neutral_persistent_twist_realizes_all_inactive_and_selects_the_legacy_path ... ok
test broad_flight_commands::tests::observation_snapshot_csv_uses_the_audited_posterior_schema ... ok
test broad_flight_commands::tests::neutral_satcom_event_mark_guide_diagnostics_close_skipped_proxy_counts ... ok
test broad_flight_commands::tests::pending_renewal_refresh_checkpoint_and_lineage_diagnostics_fail_closed ... ok
test broad_flight_commands::tests::pending_renewal_refresh_maps_exact_m1839_after_full_composition_with_twenty_strata ... ok
test broad_flight_commands::tests::pending_renewal_refresh_handoff_is_schema_two_and_legacy_config_stays_absent ... ok
test broad_flight_commands::tests::pending_renewal_refresh_rejects_bad_ids_final_endpoint_and_held_out_aliasing ... ok
test broad_flight_commands::tests::pending_renewal_refresh_sidecar_is_hashed_self_contained_and_has_no_evidence_term ... ok
test broad_flight_commands::tests::persistent_twist_diagnostics_contract_records_no_evidence_leak_and_placeholders ... ok
test broad_flight_commands::tests::persistent_twist_lifecycle_is_anchor_causal_and_finalizes_exactly_at_fit_through ... ok
test broad_flight_commands::tests::persistent_twist_outer_and_nested_pool_evidence_recompose_to_final_physical_output ... ok
test broad_flight_commands::tests::persistent_twist_toml_absence_default_floor_and_explicit_fields_are_stable ... ok
test broad_flight_commands::tests::posterior_diagnostic_csv_fields_are_stable_and_aligned ... ok
test broad_flight_commands::tests::root_stratified_transition_pool_diagnostics_enforce_allocation_and_evidence ... ok
test broad_flight_commands::tests::root_stratified_transition_pool_maps_exact_post_composition_observations ... ok
test broad_flight_commands::tests::root_stratified_transition_pool_rejects_ambiguous_or_missing_ids ... ok
test broad_flight_commands::tests::pending_renewal_refresh_rejects_partial_streams_and_other_inference_paths ... ok
test broad_flight_commands::tests::root_stratified_transition_pool_sidecar_disambiguates_the_generic_sentinel ... ok
test broad_flight_commands::tests::satcom_event_mark_guide_config_is_typed_and_root_pool_compatible ... ok
test broad_flight_commands::tests::satcom_event_mark_guide_diagnostics_recompose_against_config ... ok
test broad_flight_commands::tests::satcom_event_mark_guide_realizes_exact_inclusive_family_endpoint ... ok
test broad_flight_commands::tests::root_stratified_transition_pool_rejects_incompatible_inference_designs ... ok
test broad_flight_commands::tests::satcom_event_mark_guide_rejects_unrealized_ambiguous_or_unusable_endpoints ... ok
test broad_flight_commands::tests::satcom_event_mark_guide_sidecar_binds_physical_checkpoints ... ok
test broad_flight_commands::tests::single_seed_combined_points_preserve_the_conditional_weights_exactly ... ok
test broad_flight_commands::tests::satcom_event_mark_guide_rejects_stacked_or_nonbootstrap_designs ... ok
test broad_flight_commands::tests::transition_pool_diagnostics_contract_is_provenance_bound ... ok
test broad_flight_commands::tests::transition_pool_rejects_islands_and_stacked_local_candidates ... ok
test broad_flight_commands::tests::transition_pool_schedule_is_typed_and_stably_described ... ok
test broad_flight_commands::tests::unequal_seed_evidence_controls_the_combined_posterior_and_metrics ... ok
test broad_impact_handoff::tests::continuation_correction_is_visible_in_both_mass_summaries ... ok
test broad_impact_handoff::tests::duplicate_r600_evidence_is_rejected ... ok
test broad_impact_handoff::tests::exact_r600_chronology_and_upstream_exclusion_are_enforced ... ok
test broad_impact_handoff::tests::impact_energy_and_unknown_attitude_are_validated ... ok
test broad_impact_handoff::tests::joint_logon_timing_is_one_atomic_alternative_update ... ok
test broad_flight_commands::tests::transition_pool_schedule_maps_final_typed_observations_and_exact_boundary ... ok
test broad_impact_handoff::tests::valid_handoff_round_trips_with_explicit_null_unknowns ... ok
test broad_terminal_cli::tests::checked_accident_inputs_resolve_the_fractional_r600_contact ... ok
test broad_terminal_cli::tests::fractional_r600_and_source_config_hash_are_strict_guards ... ok
test broad_terminal_cli::tests::terminal_cli_rejects_refresh_parent_before_any_continuation_is_propagated ... ok
test broad_terminal_commands::tests::joint_branch_keeps_powered_r600_score_but_zeroes_post_logon_exhaustion ... ok
test broad_terminal_commands::tests::joint_branch_scores_timing_atomically_and_holds_out_occurrence_window ... ok
test broad_terminal_commands::tests::synthetic_bridge_scores_fractional_r600_and_preserves_mirrored_outcomes ... ok
test broad_terminal_commands::tests::terminal_builder_rejects_refresh_parent_before_calling_continuation ... ok
test conditional_spatial_commands::tests::equal_numerical_seed_pool_preserves_total_mass ... ok
test conditional_spatial_commands::tests::log_normalization_and_effective_sample_size_are_independent_checks ... ok
test conditional_spatial_commands::tests::native_boundary_includes_edges_and_rejects_extrapolation ... ok
test conditional_spatial_commands::tests::numerical_seed_ledgers_may_have_distinct_evidence_normalizers_only ... ok
test conditional_spatial_commands::tests::ocean_diagnostic_family_requires_opt_in_and_preserves_cell_status ... ok
test conditional_spatial_commands::tests::query_requires_both_native_support_and_distance_limit ... ok
test conditional_spatial_commands::tests::spatial_condition_keeps_unknown_mass_and_adds_no_likelihood_floor ... ok
test continuation_commands::tests::continued_handoffs_are_normalized_within_each_seed ... ok
test continuation_commands::tests::evidence_consumption_is_atomic_across_seeds ... ok
test continuation_commands::tests::numerical_replicates_must_share_family_and_have_unique_seeds ... ok
test continuation_commands::tests::serialized_typed_handoff_continuation_is_numerically_exact ... ok
test continuation_commands::tests::shifted_origin_uses_declared_epoch_interval ... ok
test continuation_commands::tests::typed_handoff_round_trip_and_mode_rejection ... ok
test final_bfo_commands::tests::source_parser_uses_bto_continuation_endpoint_and_weight ... ok
test final_bfo_commands::tests::systematic_sample_is_deterministic_and_respects_mass ... ok
test impact_commands::tests::r600_consumption_rejects_duplicate_and_has_one_weight_update ... ok
test impact_commands::tests::selected_ephemeris_epoch_must_have_exact_utc ... ok
test impact_commands::tests::systematic_resampling_is_deterministic_and_exactly_corrected ... ok
test impact_commands::tests::termination_mass_normalization_removes_roundoff_above_one ... ok
test impact_commands::tests::utc_parser_pins_the_exact_handoff_interval ... ok
test impact_handoff::tests::controlled_to_uncontrolled_policy_has_typed_trigger_serde ... ok
test impact_handoff::tests::half_impact_survivors_preserve_parent_weights ... ok
test impact_handoff::tests::positive_importance_correction_is_explicit_and_weight_neutral ... ok
test impact_handoff::tests::rejects_duplicate_evidence_identity_and_dependence_group_consumption ... ok
test impact_handoff::tests::rejects_inconsistent_energy_and_particle_normalization ... ok
test impact_handoff::tests::rejects_inconsistent_impact_outcome_mass ... ok
test impact_handoff::tests::separate_handoff_rejects_a_second_scenario ... ok
test impact_handoff::tests::serde_round_trip_is_exact ... ok
test impact_handoff::tests::source_checkpoint_must_follow_origin_and_precede_impacts ... ok
test impact_handoff::tests::v1_rejects_source_seed_pooling ... ok
test impact_handoff::tests::v1_requires_one_scenario_and_unresolved_attitude_and_contact_duration ... ok
test impact_handoff::tests::weight_update_discloses_evidence_normalizer ... ok
test ocean_drift_application::tests::application_removes_source_prior_and_rejects_family_mismatch ... ok
test ocean_drift_application::tests::effective_sample_size_has_expected_limits ... ok
test ocean_drift_commands::tests::coast_report_never_invents_beaching_from_a_land_mask ... ok
test trajectory_replay::tests::terminal_domain_outcome_preserves_typed_errors_and_rejects_bad_inputs ... ok
test broad_terminal_cli::tests::synthetic_cli_is_end_to_end_deterministic_and_keeps_portable_paths ... ok

test result: ok. 107 passed; 0 failed; 0 ignored; 0 measured; 0 filtered out; finished in 13.15s

   Doc-tests mh370_estimator

running 0 tests

test result: ok. 0 passed; 0 failed; 0 ignored; 0 measured; 0 filtered out; finished in 0.00s

