    Checking mh370-domain v0.1.0 (/jackbox/home/MH370/crates/domain)
   Compiling typenum v1.20.1
   Compiling cpufeatures v0.2.17
   Compiling cfg-if v1.0.4
    Checking mh370-particle-filter v0.1.0 (/jackbox/home/MH370/crates/particle-filter)
   Compiling generic-array v0.14.7
   Compiling block-buffer v0.10.4
   Compiling crypto-common v0.1.7
   Compiling digest v0.10.7
   Compiling sha2 v0.10.9
    Checking mh370-dynamics v0.1.0 (/jackbox/home/MH370/crates/dynamics)
    Checking mh370-satcom v0.1.0 (/jackbox/home/MH370/crates/satcom)
   Compiling mh370-runner v0.1.0 (/jackbox/home/MH370/crates/runner)
    Checking mh370-end-of-flight v0.1.0 (/jackbox/home/MH370/crates/end-of-flight)
    Checking mh370-antenna v0.1.0 (/jackbox/home/MH370/crates/antenna)
    Checking mh370-ocean-drift v0.1.0 (/jackbox/home/MH370/crates/ocean-drift)
    Checking mh370-controls v0.1.0 (/jackbox/home/MH370/crates/controls)
    Checking mh370-reporting v0.1.0 (/jackbox/home/MH370/crates/reporting)
    Checking mh370-estimator v0.1.0 (/jackbox/home/MH370/crates/estimator)
    Checking mh370-hydroacoustics v0.1.0 (/jackbox/home/MH370/crates/hydroacoustics)
error[E0507]: cannot move out of `observation.measurement` which is behind a shared reference
   --> crates/runner/src/cruise_commands.rs:736:21
    |
736 |             let o = observation.measurement;
    |                     ^^^^^^^^^^^^^^^^^^^^^^^ move occurs because `observation.measurement` has type `SatcomObservation`, which does not implement the `Copy` trait
    |
help: consider borrowing here
    |
736 |             let o = &observation.measurement;
    |                     +
help: consider cloning the value if the performance cost is acceptable
    |
736 |             let o = observation.measurement.clone();
    |                                            ++++++++

For more information about this error, try `rustc --explain E0507`.
error: could not compile `mh370-runner` (bin "mh370") due to 1 previous error
