{"rendered_figures": 4, "family": "openap26-positive-lift-3-targets", "run": "Original", "cowling_seed": 37093011}
{"rendered_figures": 8, "family": "openap26-positive-lift-3-targets", "run": "Original", "cowling_seed": 37093012}
{"rendered_figures": 12, "family": "openap26-positive-lift-3-targets", "run": "Repeat 1", "cowling_seed": 37093011}
{"rendered_figures": 16, "family": "openap26-positive-lift-3-targets", "run": "Repeat 1", "cowling_seed": 37093012}
{"rendered_figures": 20, "family": "openap26-positive-lift-3-targets", "run": "Repeat 2", "cowling_seed": 37093011}
{"rendered_figures": 24, "family": "openap26-positive-lift-3-targets", "run": "Repeat 2", "cowling_seed": 37093012}
{"rendered_figures": 28, "family": "openap26-positive-lift-3-targets", "run": "Fourfold A", "cowling_seed": 37093011}
{"rendered_figures": 32, "family": "openap26-positive-lift-3-targets", "run": "Fourfold A", "cowling_seed": 37093012}
{"rendered_figures": 36, "family": "openap26-positive-lift-3-targets", "run": "Fourfold B", "cowling_seed": 37093011}
{"rendered_figures": 40, "family": "openap26-positive-lift-3-targets", "run": "Fourfold B", "cowling_seed": 37093012}
{"rendered_figures": 44, "family": "openap2020-positive-lift-3-targets", "run": "Original", "cowling_seed": 37093011}
{"rendered_figures": 48, "family": "openap2020-positive-lift-3-targets", "run": "Original", "cowling_seed": 37093012}
{"rendered_figures": 52, "family": "openap2020-positive-lift-3-targets", "run": "Repeat 1", "cowling_seed": 37093011}
{"rendered_figures": 56, "family": "openap2020-positive-lift-3-targets", "run": "Repeat 1", "cowling_seed": 37093012}
{"rendered_figures": 60, "family": "openap2020-positive-lift-3-targets", "run": "Repeat 2", "cowling_seed": 37093011}
{"rendered_figures": 64, "family": "openap2020-positive-lift-3-targets", "run": "Repeat 2", "cowling_seed": 37093012}
{"rendered_figures": 68, "family": "openap2020-positive-lift-3-targets", "run": "Fourfold A", "cowling_seed": 37093011}
{"rendered_figures": 72, "family": "openap2020-positive-lift-3-targets", "run": "Fourfold A", "cowling_seed": 37093012}
{"rendered_figures": 76, "family": "openap2020-positive-lift-3-targets", "run": "Fourfold B", "cowling_seed": 37093011}
{"rendered_figures": 80, "family": "openap2020-positive-lift-3-targets", "run": "Fourfold B", "cowling_seed": 37093012}
{"status": "Provisional conditional debris/search sensitivity", "elapsed_seconds": 275.03745809101383, "peak_rss_kb": 1589148, "inline_bytes": 1569625}
