arc-continuation-8 -22.5 {'latitude': -22.51, 'max_bto_sigma': 0.64, 'max_bfo_sigma': 1.47, 'satcom_compatible': True, 'restart_delay_s': 128.51}
arc-continuation-8 -25 {'latitude': -24.99, 'max_bto_sigma': 0.59, 'max_bfo_sigma': 1.09, 'satcom_compatible': True, 'restart_delay_s': 134.04}
arc-continuation-8 -27.5 {'latitude': -27.5, 'max_bto_sigma': 0.57, 'max_bfo_sigma': 1.04, 'satcom_compatible': True, 'restart_delay_s': 133.25}
arc-continuation-8 -30 {'latitude': -27.5, 'max_bto_sigma': 0.57, 'max_bfo_sigma': 1.04, 'satcom_compatible': True, 'restart_delay_s': 133.25}
arc-continuation-8 -32.5 {'latitude': -32.5, 'max_bto_sigma': 0.55, 'max_bfo_sigma': 0.8, 'satcom_compatible': True, 'restart_delay_s': 132.59}
arc-continuation-8 -35 {'latitude': -34.98, 'max_bto_sigma': 0.57, 'max_bfo_sigma': 0.99, 'satcom_compatible': True, 'restart_delay_s': 138.48}
arc-continuation-8 -37.5 {'latitude': -37.04, 'max_bto_sigma': 0.53, 'max_bfo_sigma': 1.32, 'satcom_compatible': True, 'restart_delay_s': 184.4}
arc-continuation-8 -40 {'latitude': -37.71, 'max_bto_sigma': 0.88, 'max_bfo_sigma': 1.5, 'satcom_compatible': True, 'restart_delay_s': 443.16}
arc-continuation-8 -17.5 {'latitude': -17.54, 'max_bto_sigma': 0.68, 'max_bfo_sigma': 1.97, 'satcom_compatible': True, 'restart_delay_s': 107.3}
arc-continuation-8 -15 {'latitude': -15.08, 'max_bto_sigma': 0.69, 'max_bfo_sigma': 2.26, 'satcom_compatible': True, 'restart_delay_s': 105.35}
arc-continuation-8 -12.5 {'latitude': -15.08, 'max_bto_sigma': 0.69, 'max_bfo_sigma': 2.26, 'satcom_compatible': True, 'restart_delay_s': 105.35}
arc-continuation-8 -10 {'latitude': -14.87, 'max_bto_sigma': 5.07, 'max_bfo_sigma': 2.27, 'satcom_compatible': False, 'restart_delay_s': 105.14}
arc-continuation-8 -7.5 {'latitude': -15.08, 'max_bto_sigma': 0.69, 'max_bfo_sigma': 2.26, 'satcom_compatible': True, 'restart_delay_s': 105.35}
arc-continuation-8 -5 {'latitude': -15.08, 'max_bto_sigma': 0.69, 'max_bfo_sigma': 2.26, 'satcom_compatible': True, 'restart_delay_s': 105.35}
arc-continuation-8 0 {'latitude': -15.08, 'max_bto_sigma': 0.69, 'max_bfo_sigma': 2.26, 'satcom_compatible': True, 'restart_delay_s': 105.34}
arc-continuation-8 5 {'latitude': -15.08, 'max_bto_sigma': 0.69, 'max_bfo_sigma': 2.26, 'satcom_compatible': True, 'restart_delay_s': 105.34}
arc-continuation-8 10 {'latitude': -4.93, 'max_bto_sigma': 10.38, 'max_bfo_sigma': 7.01, 'satcom_compatible': False, 'restart_delay_s': 98.2}
arc-continuation-8 15 {'latitude': -4.44, 'max_bto_sigma': 14.78, 'max_bfo_sigma': 7.0, 'satcom_compatible': False, 'restart_delay_s': 97.78}
arc-continuation-8 20 {'latitude': -8.12, 'max_bto_sigma': 15.82, 'max_bfo_sigma': 6.92, 'satcom_compatible': False, 'restart_delay_s': 101.21}
arc-continuation-8 25 {'latitude': -2.9, 'max_bto_sigma': 15.64, 'max_bfo_sigma': 7.08, 'satcom_compatible': False, 'restart_delay_s': 97.22}
arc-continuation-8 30 {'latitude': 1.86, 'max_bto_sigma': 15.38, 'max_bfo_sigma': 7.16, 'satcom_compatible': False, 'restart_delay_s': 93.47}
arc-continuation-8 35 {'latitude': 4.77, 'max_bto_sigma': 21.93, 'max_bfo_sigma': 6.49, 'satcom_compatible': False, 'restart_delay_s': 85.96}
arc-continuation-8 40 {'latitude': 5.53, 'max_bto_sigma': 14.52, 'max_bfo_sigma': 6.44, 'satcom_compatible': False, 'restart_delay_s': 83.28}
arc-continuation-16 -22.5 {'latitude': -22.5, 'max_bto_sigma': 0.63, 'max_bfo_sigma': 0.3, 'satcom_compatible': True, 'restart_delay_s': 136.09}
arc-continuation-16 -25 {'latitude': -25.0, 'max_bto_sigma': 0.75, 'max_bfo_sigma': 0.27, 'satcom_compatible': True, 'restart_delay_s': 140.81}
arc-continuation-16 -27.5 {'latitude': -27.5, 'max_bto_sigma': 0.61, 'max_bfo_sigma': 0.27, 'satcom_compatible': True, 'restart_delay_s': 135.69}
arc-continuation-16 -30 {'latitude': -27.7, 'max_bto_sigma': 0.61, 'max_bfo_sigma': 0.27, 'satcom_compatible': True, 'restart_delay_s': 135.91}
arc-continuation-16 -32.5 {'latitude': -27.71, 'max_bto_sigma': 0.61, 'max_bfo_sigma': 0.27, 'satcom_compatible': True, 'restart_delay_s': 135.92}
arc-continuation-16 -35 {'latitude': -27.72, 'max_bto_sigma': 0.61, 'max_bfo_sigma': 0.27, 'satcom_compatible': True, 'restart_delay_s': 135.94}
arc-continuation-16 -37.5 {'latitude': -27.73, 'max_bto_sigma': 0.61, 'max_bfo_sigma': 0.28, 'satcom_compatible': True, 'restart_delay_s': 135.94}
arc-continuation-16 -40 {'latitude': -27.74, 'max_bto_sigma': 0.61, 'max_bfo_sigma': 0.28, 'satcom_compatible': True, 'restart_delay_s': 135.94}
arc-continuation-16 -17.5 {'latitude': -17.85, 'max_bto_sigma': 0.67, 'max_bfo_sigma': 0.98, 'satcom_compatible': True, 'restart_delay_s': 114.72}
arc-continuation-16 -15 {'latitude': -16.16, 'max_bto_sigma': 7.74, 'max_bfo_sigma': 3.72, 'satcom_compatible': False, 'restart_delay_s': 101.71}
arc-continuation-16 -12.5 {'latitude': -16.88, 'max_bto_sigma': 3.09, 'max_bfo_sigma': 2.95, 'satcom_compatible': False, 'restart_delay_s': 109.87}
arc-continuation-16 -10 {'latitude': -17.17, 'max_bto_sigma': 4.52, 'max_bfo_sigma': 3.26, 'satcom_compatible': False, 'restart_delay_s': 110.23}
arc-continuation-16 -7.5 {'latitude': -17.18, 'max_bto_sigma': 5.21, 'max_bfo_sigma': 3.26, 'satcom_compatible': False, 'restart_delay_s': 110.24}
arc-continuation-16 -5 {'latitude': -11.7, 'max_bto_sigma': 9.8, 'max_bfo_sigma': 2.47, 'satcom_compatible': False, 'restart_delay_s': 92.69}
arc-continuation-16 0 {'latitude': -17.13, 'max_bto_sigma': 6.39, 'max_bfo_sigma': 3.17, 'satcom_compatible': False, 'restart_delay_s': 110.21}
arc-continuation-16 5 {'latitude': -12.95, 'max_bto_sigma': 12.74, 'max_bfo_sigma': 6.53, 'satcom_compatible': False, 'restart_delay_s': 80.47}
arc-continuation-16 10 {'latitude': -17.18, 'max_bto_sigma': 7.27, 'max_bfo_sigma': 3.22, 'satcom_compatible': False, 'restart_delay_s': 110.26}
arc-continuation-16 15 {'latitude': -17.16, 'max_bto_sigma': 7.45, 'max_bfo_sigma': 3.19, 'satcom_compatible': False, 'restart_delay_s': 110.25}
arc-continuation-16 20 {'latitude': -17.18, 'max_bto_sigma': 7.61, 'max_bfo_sigma': 3.21, 'satcom_compatible': False, 'restart_delay_s': 110.25}
arc-continuation-16 25 {'latitude': 24.91, 'max_bto_sigma': 1.33, 'max_bfo_sigma': 8.3, 'satcom_compatible': False, 'restart_delay_s': 121.6}
arc-continuation-16 30 {'latitude': 29.9, 'max_bto_sigma': 2.79, 'max_bfo_sigma': 9.71, 'satcom_compatible': False, 'restart_delay_s': 106.35}
arc-continuation-16 35 {'latitude': 22.62, 'max_bto_sigma': 17.13, 'max_bfo_sigma': 10.94, 'satcom_compatible': False, 'restart_delay_s': 23.04}
arc-continuation-16 40 {'latitude': 2.95, 'max_bto_sigma': 19.51, 'max_bfo_sigma': 6.76, 'satcom_compatible': False, 'restart_delay_s': 54.93}
command-removal-7 -35 {'latitude': -35.0, 'max_bto_sigma': 0.47, 'max_bfo_sigma': 0.87, 'satcom_compatible': True, 'restart_delay_s': 129.77}
command-removal-6 -35 {'latitude': -35.0, 'max_bto_sigma': 0.48, 'max_bfo_sigma': 0.87, 'satcom_compatible': True, 'restart_delay_s': 129.42}
command-removal-5 -35 {'latitude': -35.0, 'max_bto_sigma': 0.55, 'max_bfo_sigma': 0.87, 'satcom_compatible': True, 'restart_delay_s': 133.73}
command-removal-4 -35 {'latitude': -35.02, 'max_bto_sigma': 0.65, 'max_bfo_sigma': 0.88, 'satcom_compatible': True, 'restart_delay_s': 124.36}
command-removal-3 -35 {'latitude': -34.47, 'max_bto_sigma': 8.54, 'max_bfo_sigma': 0.92, 'satcom_compatible': False, 'restart_delay_s': -138.44}
command-removal-2 -35 {'latitude': -34.23, 'max_bto_sigma': 7.91, 'max_bfo_sigma': 0.87, 'satcom_compatible': False, 'restart_delay_s': -66.02}
command-removal-1 -35 {'latitude': -35.5, 'max_bto_sigma': 2.05, 'max_bfo_sigma': 1.72, 'satcom_compatible': True, 'restart_delay_s': 178.36}
command-removal-7 -30 {'latitude': -30.0, 'max_bto_sigma': 0.31, 'max_bfo_sigma': 0.54, 'satcom_compatible': True, 'restart_delay_s': 118.2}
command-removal-6 -30 {'latitude': -30.0, 'max_bto_sigma': 0.31, 'max_bfo_sigma': 0.37, 'satcom_compatible': True, 'restart_delay_s': 118.52}
command-removal-5 -30 {'latitude': -30.01, 'max_bto_sigma': 1.62, 'max_bfo_sigma': 0.89, 'satcom_compatible': True, 'restart_delay_s': 166.26}
command-removal-4 -30 {'latitude': -30.08, 'max_bto_sigma': 0.9, 'max_bfo_sigma': 1.07, 'satcom_compatible': True, 'restart_delay_s': 143.11}
command-removal-3 -30 {'latitude': -30.09, 'max_bto_sigma': 3.99, 'max_bfo_sigma': 1.07, 'satcom_compatible': False, 'restart_delay_s': 142.23}
command-removal-2 -30 {'latitude': -29.69, 'max_bto_sigma': 5.1, 'max_bfo_sigma': 7.3, 'satcom_compatible': False, 'restart_delay_s': 112.86}
command-removal-1 -30 {'latitude': -29.78, 'max_bto_sigma': 3.08, 'max_bfo_sigma': 7.29, 'satcom_compatible': False, 'restart_delay_s': 134.38}
command-removal-15 -25 {'latitude': -25.02, 'max_bto_sigma': 0.75, 'max_bfo_sigma': 0.27, 'satcom_compatible': True, 'restart_delay_s': 140.81}
command-removal-14 -25 {'latitude': -24.99, 'max_bto_sigma': 0.75, 'max_bfo_sigma': 0.28, 'satcom_compatible': True, 'restart_delay_s': 140.49}
command-removal-13 -25 {'latitude': -24.98, 'max_bto_sigma': 0.39, 'max_bfo_sigma': 0.32, 'satcom_compatible': True, 'restart_delay_s': 155.41}
command-removal-12 -25 {'latitude': -25.0, 'max_bto_sigma': 0.48, 'max_bfo_sigma': 0.24, 'satcom_compatible': True, 'restart_delay_s': 136.98}
command-removal-11 -25 {'latitude': -25.07, 'max_bto_sigma': 0.62, 'max_bfo_sigma': 0.5, 'satcom_compatible': True, 'restart_delay_s': 163.9}
command-removal-10 -25 {'latitude': -25.02, 'max_bto_sigma': 0.39, 'max_bfo_sigma': 0.26, 'satcom_compatible': True, 'restart_delay_s': 127.44}
command-removal-9 -25 {'latitude': -24.99, 'max_bto_sigma': 0.86, 'max_bfo_sigma': 0.64, 'satcom_compatible': True, 'restart_delay_s': 145.57}
command-removal-8 -25 {'latitude': -25.0, 'max_bto_sigma': 0.75, 'max_bfo_sigma': 0.2, 'satcom_compatible': True, 'restart_delay_s': 140.37}
command-removal-7 -25 {'latitude': -25.0, 'max_bto_sigma': 1.01, 'max_bfo_sigma': 0.56, 'satcom_compatible': True, 'restart_delay_s': 114.9}
command-removal-6 -25 {'latitude': -25.0, 'max_bto_sigma': 0.69, 'max_bfo_sigma': 0.51, 'satcom_compatible': True, 'restart_delay_s': 120.47}
command-removal-5 -25 {'latitude': -25.0, 'max_bto_sigma': 0.72, 'max_bfo_sigma': 7.69, 'satcom_compatible': False, 'restart_delay_s': 94.36}
command-removal-4 -25 {'latitude': -25.0, 'max_bto_sigma': 0.56, 'max_bfo_sigma': 7.45, 'satcom_compatible': False, 'restart_delay_s': 106.09}
command-removal-3 -25 {'latitude': -26.58, 'max_bto_sigma': 4.28, 'max_bfo_sigma': 7.9, 'satcom_compatible': False, 'restart_delay_s': 2.98}
command-removal-2 -25 {'latitude': -19.39, 'max_bto_sigma': 51.24, 'max_bfo_sigma': 8.08, 'satcom_compatible': False, 'restart_delay_s': None}
command-removal-1 -25 {'latitude': -24.53, 'max_bto_sigma': 18.43, 'max_bfo_sigma': 7.86, 'satcom_compatible': False, 'restart_delay_s': None}
command-removal-15 -20 {'latitude': -20.0, 'max_bto_sigma': 0.63, 'max_bfo_sigma': 0.29, 'satcom_compatible': True, 'restart_delay_s': 135.6}
command-removal-14 -20 {'latitude': -19.98, 'max_bto_sigma': 0.63, 'max_bfo_sigma': 0.29, 'satcom_compatible': True, 'restart_delay_s': 135.45}
command-removal-13 -20 {'latitude': -19.99, 'max_bto_sigma': 0.63, 'max_bfo_sigma': 0.33, 'satcom_compatible': True, 'restart_delay_s': 135.1}
command-removal-12 -20 {'latitude': -19.97, 'max_bto_sigma': 0.63, 'max_bfo_sigma': 0.36, 'satcom_compatible': True, 'restart_delay_s': 135.19}
command-removal-11 -20 {'latitude': -20.0, 'max_bto_sigma': 0.62, 'max_bfo_sigma': 0.25, 'satcom_compatible': True, 'restart_delay_s': 135.33}
command-removal-10 -20 {'latitude': -19.96, 'max_bto_sigma': 0.62, 'max_bfo_sigma': 0.3, 'satcom_compatible': True, 'restart_delay_s': 134.87}
command-removal-9 -20 {'latitude': -20.01, 'max_bto_sigma': 0.86, 'max_bfo_sigma': 3.98, 'satcom_compatible': False, 'restart_delay_s': 126.47}
command-removal-8 -20 {'latitude': -20.0, 'max_bto_sigma': 0.37, 'max_bfo_sigma': 3.89, 'satcom_compatible': False, 'restart_delay_s': 117.96}
command-removal-7 -20 {'latitude': -20.01, 'max_bto_sigma': 0.54, 'max_bfo_sigma': 2.05, 'satcom_compatible': True, 'restart_delay_s': 126.93}
command-removal-6 -20 {'latitude': -20.01, 'max_bto_sigma': 0.93, 'max_bfo_sigma': 3.72, 'satcom_compatible': False, 'restart_delay_s': 132.94}
command-removal-5 -20 {'latitude': -19.99, 'max_bto_sigma': 0.91, 'max_bfo_sigma': 4.07, 'satcom_compatible': False, 'restart_delay_s': 133.45}
command-removal-4 -20 {'latitude': -19.63, 'max_bto_sigma': 1.45, 'max_bfo_sigma': 7.84, 'satcom_compatible': False, 'restart_delay_s': 61.54}
command-removal-3 -20 {'latitude': -16.49, 'max_bto_sigma': 52.5, 'max_bfo_sigma': 8.11, 'satcom_compatible': False, 'restart_delay_s': 198.31}
command-removal-2 -20 {'latitude': -20.25, 'max_bto_sigma': 6.03, 'max_bfo_sigma': 8.11, 'satcom_compatible': False, 'restart_delay_s': 199.93}
command-removal-1 -20 {'latitude': -22.24, 'max_bto_sigma': 18.13, 'max_bfo_sigma': 7.88, 'satcom_compatible': False, 'restart_delay_s': None}
command-removal-7 -15 {'latitude': -15.02, 'max_bto_sigma': 0.62, 'max_bfo_sigma': 1.04, 'satcom_compatible': True, 'restart_delay_s': 128.44}
command-removal-6 -15 {'latitude': -15.02, 'max_bto_sigma': 0.66, 'max_bfo_sigma': 1.19, 'satcom_compatible': True, 'restart_delay_s': 132.0}
command-removal-5 -15 {'latitude': -14.99, 'max_bto_sigma': 0.92, 'max_bfo_sigma': 4.16, 'satcom_compatible': False, 'restart_delay_s': 116.63}
command-removal-4 -15 {'latitude': -15.0, 'max_bto_sigma': 1.2, 'max_bfo_sigma': 4.09, 'satcom_compatible': False, 'restart_delay_s': 126.6}
command-removal-3 -15 {'latitude': -14.99, 'max_bto_sigma': 1.1, 'max_bfo_sigma': 3.98, 'satcom_compatible': False, 'restart_delay_s': 121.39}
command-removal-2 -15 {'latitude': -15.0, 'max_bto_sigma': 1.4, 'max_bfo_sigma': 4.19, 'satcom_compatible': False, 'restart_delay_s': 133.58}
command-removal-1 -15 {'latitude': -18.75, 'max_bto_sigma': 25.9, 'max_bfo_sigma': 7.91, 'satcom_compatible': False, 'restart_delay_s': None}
single-mode-constant_true_track None {'latitude': -36.2, 'max_bto_sigma': 1.55, 'max_bfo_sigma': 1.12, 'satcom_compatible': True, 'restart_delay_s': 250.18}
single-mode-constant_true_heading None {'latitude': -35.23, 'max_bto_sigma': 4.96, 'max_bfo_sigma': 1.07, 'satcom_compatible': False, 'restart_delay_s': 132.09}
single-mode-constant_magnetic_track None {'latitude': -33.12, 'max_bto_sigma': 5.7, 'max_bfo_sigma': 1.76, 'satcom_compatible': False, 'restart_delay_s': 17.72}
single-mode-constant_magnetic_heading None {'latitude': -31.81, 'max_bto_sigma': 10.54, 'max_bfo_sigma': 2.13, 'satcom_compatible': False, 'restart_delay_s': None}
single-mode-great_circle_track_continuation None {'latitude': -36.11, 'max_bto_sigma': 2.05, 'max_bfo_sigma': 1.12, 'satcom_compatible': True, 'restart_delay_s': 271.45}
flow-scale-0.9 -40 {'latitude': -38.53, 'max_bto_sigma': 0.7, 'max_bfo_sigma': 1.58, 'satcom_compatible': True, 'restart_delay_s': 197.03}
flow-scale-0.9 -37.5 {'latitude': -37.48, 'max_bto_sigma': 0.4, 'max_bfo_sigma': 1.17, 'satcom_compatible': True, 'restart_delay_s': 120.17}
flow-scale-0.9 -35 {'latitude': -34.99, 'max_bto_sigma': 0.33, 'max_bfo_sigma': 0.73, 'satcom_compatible': True, 'restart_delay_s': -25.91}
flow-scale-0.9 -30 {'latitude': -30.0, 'max_bto_sigma': 0.73, 'max_bfo_sigma': 0.29, 'satcom_compatible': True, 'restart_delay_s': None}
flow-scale-0.9 -25 {'latitude': -25.0, 'max_bto_sigma': 0.32, 'max_bfo_sigma': 0.17, 'satcom_compatible': True, 'restart_delay_s': 119.32}
flow-scale-0.9 -20 {'latitude': -20.0, 'max_bto_sigma': 0.69, 'max_bfo_sigma': 0.16, 'satcom_compatible': True, 'restart_delay_s': -71.9}
flow-scale-0.9 -15 {'latitude': -15.01, 'max_bto_sigma': 0.64, 'max_bfo_sigma': 1.11, 'satcom_compatible': True, 'restart_delay_s': -268.06}
flow-scale-0.9 -10 {'latitude': -10.03, 'max_bto_sigma': 0.36, 'max_bfo_sigma': 1.62, 'satcom_compatible': True, 'restart_delay_s': -263.88}
flow-scale-0.9 0 {'latitude': -10.01, 'max_bto_sigma': 0.78, 'max_bfo_sigma': 1.62, 'satcom_compatible': True, 'restart_delay_s': -263.9}
flow-scale-1.1 -40 {'latitude': -36.68, 'max_bto_sigma': 1.68, 'max_bfo_sigma': 1.53, 'satcom_compatible': True, 'restart_delay_s': 1606.45}
flow-scale-1.1 -37.5 {'latitude': -35.82, 'max_bto_sigma': 2.59, 'max_bfo_sigma': 1.22, 'satcom_compatible': True, 'restart_delay_s': 1048.6}
flow-scale-1.1 -35 {'latitude': -34.6, 'max_bto_sigma': 3.35, 'max_bfo_sigma': 1.04, 'satcom_compatible': False, 'restart_delay_s': 387.93}
flow-scale-1.1 -30 {'latitude': -30.0, 'max_bto_sigma': 0.31, 'max_bfo_sigma': 0.27, 'satcom_compatible': True, 'restart_delay_s': 119.72}
flow-scale-1.1 -25 {'latitude': -25.0, 'max_bto_sigma': 3.73, 'max_bfo_sigma': 0.46, 'satcom_compatible': False, 'restart_delay_s': 325.08}
flow-scale-1.1 -20 {'latitude': -20.0, 'max_bto_sigma': 3.57, 'max_bfo_sigma': 0.6, 'satcom_compatible': False, 'restart_delay_s': 253.93}
flow-scale-1.1 -15 {'latitude': -15.0, 'max_bto_sigma': 2.84, 'max_bfo_sigma': 1.0, 'satcom_compatible': True, 'restart_delay_s': 237.75}
flow-scale-1.1 -10 {'latitude': -10.02, 'max_bto_sigma': 3.27, 'max_bfo_sigma': 1.36, 'satcom_compatible': False, 'restart_delay_s': 442.15}
flow-scale-1.1 0 {'latitude': -0.05, 'max_bto_sigma': 3.7, 'max_bfo_sigma': 7.18, 'satcom_compatible': False, 'restart_delay_s': 263.3}
